Aug  6 12:14:39 ubuntu systemd-sysusers[1059]: Creating group systemd-coredump with gid 998.
Aug  6 12:14:39 ubuntu kernel: [    0.000000] microcode: microcode updated early to revision 0x24, date = 2018-04-02
Aug  6 12:14:39 ubuntu kernel: [    0.000000] Linux version 5.0.0-13-generic (buildd@lcy01-amd64-020) (gcc version 8.3.0 (Ubuntu 8.3.0-6ubuntu1)) #14-Ubuntu SMP Mon Apr 15 14:59:14 UTC 2019 (Ubuntu 5.0.0-13.14-generic 5.0.6)
Aug  6 12:14:39 ubuntu kernel: [    0.000000] Command line: BOOT_IMAGE=/casper/vmlinuz file=/cdrom/preseed/ubuntu.seed boot=casper quiet splash ---
Aug  6 12:14:39 ubuntu systemd-sysusers[1059]: Creating user systemd-coredump (systemd Core Dumper) with uid 998 and gid 998.
Aug  6 12:14:39 ubuntu kernel: [    0.000000] KERNEL supported cpus:
Aug  6 12:14:39 ubuntu kernel: [    0.000000]   Intel GenuineIntel
Aug  6 12:14:39 ubuntu systemd[1]: Starting Flush Journal to Persistent Storage...
Aug  6 12:14:39 ubuntu kernel: [    0.000000]   AMD AuthenticAMD
Aug  6 12:14:39 ubuntu kernel: [    0.000000]   Hygon HygonGenuine
Aug  6 12:14:39 ubuntu kernel: [    0.000000]   Centaur CentaurHauls
Aug  6 12:14:39 ubuntu kernel: [    0.000000] x86/fpu: Supporting XSAVE feature 0x001: 'x87 floating point registers'
Aug  6 12:14:39 ubuntu kernel: [    0.000000] x86/fpu: Supporting XSAVE feature 0x002: 'SSE registers'
Aug  6 12:14:39 ubuntu kernel: [    0.000000] x86/fpu: Supporting XSAVE feature 0x004: 'AVX registers'
Aug  6 12:14:39 ubuntu systemd-tmpfiles[1065]: [/usr/lib/tmpfiles.d/speech-dispatcher.conf:1] Line references path below legacy directory /var/run/, updating /var/run/speech-dispatcher → /run/speech-dispatcher; please update the tmpfiles.d/ drop-in file accordingly.
Aug  6 12:14:39 ubuntu kernel: [    0.000000] x86/fpu: xstate_offset[2]:  576, xstate_sizes[2]:  256
Aug  6 12:14:39 ubuntu kernel: [    0.000000] x86/fpu: Enabled xstate features 0x7, context size is 832 bytes, using 'standard' format.
Aug  6 12:14:39 ubuntu kernel: [    0.000000] BIOS-provided physical RAM map:
Aug  6 12:14:39 ubuntu kernel: [    0.000000] BIOS-e820: [mem 0x0000000000000000-0x000000000006efff] usable
Aug  6 12:14:39 ubuntu kernel: [    0.000000] BIOS-e820: [mem 0x000000000006f000-0x000000000006ffff] reserved
Aug  6 12:14:39 ubuntu kernel: [    0.000000] BIOS-e820: [mem 0x0000000000070000-0x0000000000087fff] usable
Aug  6 12:14:39 ubuntu kernel: [    0.000000] BIOS-e820: [mem 0x0000000000088000-0x00000000000bffff] reserved
Aug  6 12:14:39 ubuntu systemd-tmpfiles[1065]: [/usr/lib/tmpfiles.d/speech-dispatcher.conf:2] Line references path below legacy directory /var/run/, updating /var/run/speech-dispatcher/.cache → /run/speech-dispatcher/.cache; please update the tmpfiles.d/ drop-in file accordingly.
Aug  6 12:14:39 ubuntu kernel: [    0.000000] BIOS-e820: [mem 0x0000000000100000-0x00000000a56affff] usable
Aug  6 12:14:39 ubuntu kernel: [    0.000000] BIOS-e820: [mem 0x00000000a56b0000-0x00000000a5eaffff] reserved
Aug  6 12:14:39 ubuntu kernel: [    0.000000] BIOS-e820: [mem 0x00000000a5eb0000-0x00000000aa6befff] usable
Aug  6 12:14:39 ubuntu kernel: [    0.000000] BIOS-e820: [mem 0x00000000aa6bf000-0x00000000aa8befff] type 20
Aug  6 12:14:39 ubuntu kernel: [    0.000000] BIOS-e820: [mem 0x00000000aa8bf000-0x00000000aaebefff] reserved
Aug  6 12:14:39 ubuntu kernel: [    0.000000] BIOS-e820: [mem 0x00000000aaebf000-0x00000000aafbefff] ACPI NVS
Aug  6 12:14:39 ubuntu systemd-tmpfiles[1065]: [/usr/lib/tmpfiles.d/speech-dispatcher.conf:3] Line references path below legacy directory /var/run/, updating /var/run/speech-dispatcher/.speech-dispatcher → /run/speech-dispatcher/.speech-dispatcher; please update the tmpfiles.d/ drop-in file accordingly.
Aug  6 12:14:39 ubuntu kernel: [    0.000000] BIOS-e820: [mem 0x00000000aafbf000-0x00000000aaffefff] ACPI data
Aug  6 12:14:39 ubuntu kernel: [    0.000000] BIOS-e820: [mem 0x00000000aafff000-0x00000000aaffffff] usable
Aug  6 12:14:39 ubuntu kernel: [    0.000000] BIOS-e820: [mem 0x00000000ab000000-0x00000000af9fffff] reserved
Aug  6 12:14:39 ubuntu kernel: [    0.000000] BIOS-e820: [mem 0x00000000e0000000-0x00000000efffffff] reserved
Aug  6 12:14:39 ubuntu kernel: [    0.000000] BIOS-e820: [mem 0x00000000fe101000-0x00000000fe112fff] reserved
Aug  6 12:14:39 ubuntu systemd-tmpfiles[1065]: [/usr/lib/tmpfiles.d/speech-dispatcher.conf:4] Line references path below legacy directory /var/run/, updating /var/run/speech-dispatcher/.cache/speech-dispatcher → /run/speech-dispatcher/.cache/speech-dispatcher; please update the tmpfiles.d/ drop-in file accordingly.
Aug  6 12:14:39 ubuntu kernel: [    0.000000] BIOS-e820: [mem 0x00000000feb00000-0x00000000feb0ffff] reserved
Aug  6 12:14:39 ubuntu kernel: [    0.000000] BIOS-e820: [mem 0x00000000fec00000-0x00000000fec00fff] reserved
Aug  6 12:14:39 ubuntu kernel: [    0.000000] BIOS-e820: [mem 0x00000000fed00000-0x00000000fee00fff] reserved
Aug  6 12:14:39 ubuntu kernel: [    0.000000] BIOS-e820: [mem 0x00000000ffc00000-0x00000000ffffffff] reserved
Aug  6 12:14:39 ubuntu systemd-tmpfiles[1065]: [/usr/lib/tmpfiles.d/speech-dispatcher.conf:5] Line references path below legacy directory /var/run/, updating /var/run/speech-dispatcher/log → /run/speech-dispatcher/log; please update the tmpfiles.d/ drop-in file accordingly.
Aug  6 12:14:39 ubuntu kernel: [    0.000000] BIOS-e820: [mem 0x0000000100000000-0x000000034f5fffff] usable
Aug  6 12:14:39 ubuntu kernel: [    0.000000] NX (Execute Disable) protection: active
Aug  6 12:14:39 ubuntu kernel: [    0.000000] efi: EFI v2.31 by INSYDE Corp.
Aug  6 12:14:39 ubuntu kernel: [    0.000000] efi:  ACPI=0xaaffe000  ACPI 2.0=0xaaffe014  SMBIOS=0xaaebef98 
Aug  6 12:14:39 ubuntu kernel: [    0.000000] secureboot: Secure boot could not be determined (mode 0)
Aug  6 12:14:39 ubuntu kernel: [    0.000000] SMBIOS 2.7 present.
Aug  6 12:14:39 ubuntu systemd-tmpfiles[1065]: [/usr/lib/tmpfiles.d/spice-vdagentd.conf:2] Line references path below legacy directory /var/run/, updating /var/run/spice-vdagentd → /run/spice-vdagentd; please update the tmpfiles.d/ drop-in file accordingly.
Aug  6 12:14:39 ubuntu kernel: [    0.000000] DMI: LENOVO 20366/Lancer 4A5, BIOS 9BCN25WW 04/10/2014
Aug  6 12:14:39 ubuntu kernel: [    0.000000] tsc: Fast TSC calibration using PIT
Aug  6 12:14:39 ubuntu kernel: [    0.000000] tsc: Detected 1696.178 MHz processor
Aug  6 12:14:39 ubuntu kernel: [    0.003171] e820: update [mem 0x00000000-0x00000fff] usable ==> reserved
Aug  6 12:14:39 ubuntu kernel: [    0.003173] e820: remove [mem 0x000a0000-0x000fffff] usable
Aug  6 12:14:39 ubuntu systemd[1]: Started Create Static Device Nodes in /dev.
Aug  6 12:14:39 ubuntu kernel: [    0.003184] last_pfn = 0x34f600 max_arch_pfn = 0x400000000
Aug  6 12:14:39 ubuntu kernel: [    0.003189] MTRR default type: uncachable
Aug  6 12:14:39 ubuntu kernel: [    0.003190] MTRR fixed ranges enabled:
Aug  6 12:14:39 ubuntu systemd[1]: Starting udev Kernel Device Manager...
Aug  6 12:14:39 ubuntu kernel: [    0.003192]   00000-9FFFF write-back
Aug  6 12:14:39 ubuntu kernel: [    0.003193]   A0000-BFFFF uncachable
Aug  6 12:14:39 ubuntu kernel: [    0.003194]   C0000-E7FFF write-protect
Aug  6 12:14:39 ubuntu kernel: [    0.003195]   E8000-EFFFF write-combining
Aug  6 12:14:39 ubuntu systemd[1]: Started Flush Journal to Persistent Storage.
Aug  6 12:14:39 ubuntu kernel: [    0.003196]   F0000-FFFFF write-protect
Aug  6 12:14:39 ubuntu kernel: [    0.003197] MTRR variable ranges enabled:
Aug  6 12:14:39 ubuntu kernel: [    0.003199]   0 base 0000000000 mask 7C00000000 write-back
Aug  6 12:14:39 ubuntu kernel: [    0.003201]   1 base 00AB000000 mask 7FFF000000 uncachable
Aug  6 12:14:39 ubuntu kernel: [    0.003202]   2 base 00AC000000 mask 7FFC000000 uncachable
Aug  6 12:14:39 ubuntu kernel: [    0.003203]   3 base 00B0000000 mask 7FF0000000 uncachable
Aug  6 12:14:39 ubuntu systemd[1]: Started udev Coldplug all Devices.
Aug  6 12:14:39 ubuntu kernel: [    0.003204]   4 base 00C0000000 mask 7FC0000000 uncachable
Aug  6 12:14:39 ubuntu kernel: [    0.003205]   5 disabled
Aug  6 12:14:39 ubuntu kernel: [    0.003206]   6 disabled
Aug  6 12:14:39 ubuntu systemd[1]: Starting Helper to synchronize boot up for ifupdown...
Aug  6 12:14:39 ubuntu kernel: [    0.003206]   7 disabled
Aug  6 12:14:39 ubuntu kernel: [    0.003207]   8 disabled
Aug  6 12:14:39 ubuntu kernel: [    0.003208]   9 disabled
Aug  6 12:14:39 ubuntu kernel: [    0.004361] x86/PAT: Configuration [0-7]: WB  WC  UC- UC  WB  WP  UC- WT  
Aug  6 12:14:39 ubuntu systemd[1]: Started Helper to synchronize boot up for ifupdown.
Aug  6 12:14:39 ubuntu kernel: [    0.004553] total RAM covered: 15024M
Aug  6 12:14:39 ubuntu kernel: [    0.005123] Found optimal setting for mtrr clean up
Aug  6 12:14:39 ubuntu kernel: [    0.005125]  gran_size: 64K 	chunk_size: 64K 	num_reg: 7  	lose cover RAM: 0G
Aug  6 12:14:39 ubuntu kernel: [    0.006276] e820: update [mem 0xab000000-0xffffffff] usable ==> reserved
Aug  6 12:14:39 ubuntu kernel: [    0.006281] last_pfn = 0xab000 max_arch_pfn = 0x400000000
Aug  6 12:14:39 ubuntu kernel: [    0.018804] found SMP MP-table at [mem 0x000fe1b0-0x000fe1bf] mapped at [(____ptrval____)]
Aug  6 12:14:39 ubuntu kernel: [    0.018837] check: Scanning 1 areas for low memory corruption
Aug  6 12:14:39 ubuntu systemd-modules-load[1050]: Inserted module 'lp'
Aug  6 12:14:39 ubuntu kernel: [    0.018841] Base memory trampoline at [(____ptrval____)] 22000 size 24576
Aug  6 12:14:39 ubuntu kernel: [    0.018845] Using GB pages for direct mapping
Aug  6 12:14:39 ubuntu kernel: [    0.018847] BRK [0x1aa001000, 0x1aa001fff] PGTABLE
Aug  6 12:14:39 ubuntu kernel: [    0.018850] BRK [0x1aa002000, 0x1aa002fff] PGTABLE
Aug  6 12:14:39 ubuntu kernel: [    0.018851] BRK [0x1aa003000, 0x1aa003fff] PGTABLE
Aug  6 12:14:39 ubuntu systemd-modules-load[1050]: Inserted module 'ppdev'
Aug  6 12:14:39 ubuntu kernel: [    0.018904] BRK [0x1aa004000, 0x1aa004fff] PGTABLE
Aug  6 12:14:39 ubuntu kernel: [    0.018907] BRK [0x1aa005000, 0x1aa005fff] PGTABLE
Aug  6 12:14:39 ubuntu kernel: [    0.019168] BRK [0x1aa006000, 0x1aa006fff] PGTABLE
Aug  6 12:14:39 ubuntu kernel: [    0.019220] BRK [0x1aa007000, 0x1aa007fff] PGTABLE
Aug  6 12:14:39 ubuntu kernel: [    0.019303] BRK [0x1aa008000, 0x1aa008fff] PGTABLE
Aug  6 12:14:39 ubuntu systemd[1]: Started Set the console keyboard layout.
Aug  6 12:14:39 ubuntu kernel: [    0.019388] BRK [0x1aa009000, 0x1aa009fff] PGTABLE
Aug  6 12:14:39 ubuntu kernel: [    0.019467] BRK [0x1aa00a000, 0x1aa00afff] PGTABLE
Aug  6 12:14:39 ubuntu systemd-modules-load[1050]: Inserted module 'parport_pc'
Aug  6 12:14:39 ubuntu systemd[1]: Started Load Kernel Modules.
Aug  6 12:14:39 ubuntu kernel: [    0.019542] RAMDISK: [mem 0x32f3f000-0x35796fff]
Aug  6 12:14:39 ubuntu kernel: [    0.019551] ACPI: Early table checksum verification disabled
Aug  6 12:14:39 ubuntu kernel: [    0.019555] ACPI: RSDP 0x00000000AAFFE014 000024 (v02 LENOVO)
Aug  6 12:14:39 ubuntu kernel: [    0.019560] ACPI: XSDT 0x00000000AAFFE210 0000C4 (v01 LENOVO CB-01    00000001      01000013)
Aug  6 12:14:39 ubuntu kernel: [    0.019567] ACPI: FACP 0x00000000AAFF7000 00010C (v05 LENOVO CB-01    00000001 ACPI 00040000)
Aug  6 12:14:39 ubuntu systemd[1]: Mounting FUSE Control File System...
Aug  6 12:14:39 ubuntu kernel: [    0.019575] ACPI: DSDT 0x00000000AAFE4000 00F4BB (v02 LENOVO CB-01    00000001 ACPI 00040000)
Aug  6 12:14:39 ubuntu kernel: [    0.019579] ACPI: FACS 0x00000000AAFBA000 000040
Aug  6 12:14:39 ubuntu kernel: [    0.019583] ACPI: SLIC 0x00000000AAFFD000 000176 (v01 LENOVO CB-01    00000001 ACPI 00040000)
Aug  6 12:14:39 ubuntu kernel: [    0.019586] ACPI: UEFI 0x00000000AAFFC000 000236 (v01 LENOVO CB-01    00000001 ACPI 00040000)
Aug  6 12:14:39 ubuntu kernel: [    0.019590] ACPI: FPDT 0x00000000AAFFA000 000044 (v01 LENOVO CB-01    00000001 ACPI 00040000)
Aug  6 12:14:39 ubuntu systemd[1]: Starting Apply Kernel Variables...
Aug  6 12:14:39 ubuntu kernel: [    0.019594] ACPI: MSDM 0x00000000AAFF9000 000055 (v03 LENOVO CB-01    00000001 ACPI 00040000)
Aug  6 12:14:39 ubuntu kernel: [    0.019597] ACPI: ASF! 0x00000000AAFF8000 0000A5 (v32 LENOVO CB-01    00000001 ACPI 00040000)
Aug  6 12:14:39 ubuntu kernel: [    0.019601] ACPI: HPET 0x00000000AAFF6000 000038 (v01 LENOVO CB-01    00000001 ACPI 00040000)
Aug  6 12:14:39 ubuntu systemd[1]: Mounting Kernel Configuration File System...
Aug  6 12:14:39 ubuntu kernel: [    0.019605] ACPI: APIC 0x00000000AAFF5000 00008C (v03 LENOVO CB-01    00000001 ACPI 00040000)
Aug  6 12:14:39 ubuntu kernel: [    0.019609] ACPI: MCFG 0x00000000AAFF4000 00003C (v01 LENOVO CB-01    00000001 ACPI 00040000)
Aug  6 12:14:39 ubuntu kernel: [    0.019612] ACPI: WDAT 0x00000000AAFE3000 000224 (v01 LENOVO CB-01    00000001 ACPI 00040000)
Aug  6 12:14:39 ubuntu kernel: [    0.019616] ACPI: SSDT 0x00000000AAFE0000 002028 (v01 LENOVO CB-01    00000001 ACPI 00040000)
Aug  6 12:14:39 ubuntu kernel: [    0.019620] ACPI: BOOT 0x00000000AAFDE000 000028 (v01 LENOVO CB-01    00000001 ACPI 00040000)
Aug  6 12:14:39 ubuntu kernel: [    0.019623] ACPI: LPIT 0x00000000AAFDD000 000094 (v01 LENOVO CB-01    00000001 ACPI 00040000)
Aug  6 12:14:39 ubuntu systemd[1]: Mounted FUSE Control File System.
Aug  6 12:14:39 ubuntu kernel: [    0.019627] ACPI: ASPT 0x00000000AAFDB000 000034 (v07 LENOVO CB-01    00000001 ACPI 00040000)
Aug  6 12:14:39 ubuntu kernel: [    0.019631] ACPI: DBGP 0x00000000AAFDA000 000034 (v01 LENOVO CB-01    00000001 ACPI 00040000)
Aug  6 12:14:39 ubuntu kernel: [    0.019634] ACPI: SSDT 0x00000000AAFD2000 000494 (v01 LENOVO CB-01    00000001 ACPI 00040000)
Aug  6 12:14:39 ubuntu systemd[1]: Mounted Kernel Configuration File System.
Aug  6 12:14:39 ubuntu kernel: [    0.019638] ACPI: SSDT 0x00000000AAFD1000 000AD8 (v01 LENOVO CB-01    00000001 ACPI 00040000)
Aug  6 12:14:39 ubuntu kernel: [    0.019642] ACPI: SSDT 0x00000000AAFCD000 0034F8 (v01 LENOVO CB-01    00000001 ACPI 00040000)
Aug  6 12:14:39 ubuntu kernel: [    0.019645] ACPI: SSDT 0x00000000AAFC8000 0034B3 (v01 LENOVO CB-01    00000001 ACPI 00040000)
Aug  6 12:14:39 ubuntu kernel: [    0.019649] ACPI: BGRT 0x00000000AAFCC000 000038 (v01 LENOVO CB-01    00000001 ACPI 00040000)
Aug  6 12:14:39 ubuntu systemd[1]: Started LVM2 metadata daemon.
Aug  6 12:14:39 ubuntu kernel: [    0.019661] ACPI: Local APIC address 0xfee00000
Aug  6 12:14:39 ubuntu kernel: [    0.019777] No NUMA configuration found
Aug  6 12:14:39 ubuntu systemd[1]: Started Apply Kernel Variables.
Aug  6 12:14:39 ubuntu systemd[1]: Started Monitoring of LVM2 mirrors, snapshots etc. using dmeventd or progress polling.
Aug  6 12:14:39 ubuntu systemd[1]: Reached target Local File Systems (Pre).
Aug  6 12:14:39 ubuntu systemd[1]: tmp.mount: Directory /tmp to mount over is not empty, mounting anyway.
Aug  6 12:14:39 ubuntu systemd[1]: Mounting /tmp...
Aug  6 12:14:39 ubuntu systemd[1]: Mounted /tmp.
Aug  6 12:14:39 ubuntu systemd[1]: Reached target Local File Systems.
Aug  6 12:14:39 ubuntu systemd[1]: Starting Tell Plymouth To Write Out Runtime Data...
Aug  6 12:14:39 ubuntu systemd[1]: Starting GRUB failed boot detection...
Aug  6 12:14:39 ubuntu systemd[1]: Condition check resulted in Load AppArmor profiles being skipped.
Aug  6 12:14:39 ubuntu systemd[1]: Condition check resulted in Commit a transient machine-id on disk being skipped.
Aug  6 12:14:39 ubuntu systemd[1]: Starting Set console font and keymap...
Aug  6 12:14:39 ubuntu systemd[1]: Starting Create Volatile Files and Directories...
Aug  6 12:14:39 ubuntu systemd-tmpfiles[1098]: [/usr/lib/tmpfiles.d/speech-dispatcher.conf:1] Line references path below legacy directory /var/run/, updating /var/run/speech-dispatcher → /run/speech-dispatcher; please update the tmpfiles.d/ drop-in file accordingly.
Aug  6 12:14:39 ubuntu systemd-tmpfiles[1098]: [/usr/lib/tmpfiles.d/speech-dispatcher.conf:2] Line references path below legacy directory /var/run/, updating /var/run/speech-dispatcher/.cache → /run/speech-dispatcher/.cache; please update the tmpfiles.d/ drop-in file accordingly.
Aug  6 12:14:39 ubuntu systemd-tmpfiles[1098]: [/usr/lib/tmpfiles.d/speech-dispatcher.conf:3] Line references path below legacy directory /var/run/, updating /var/run/speech-dispatcher/.speech-dispatcher → /run/speech-dispatcher/.speech-dispatcher; please update the tmpfiles.d/ drop-in file accordingly.
Aug  6 12:14:39 ubuntu systemd-tmpfiles[1098]: [/usr/lib/tmpfiles.d/speech-dispatcher.conf:4] Line references path below legacy directory /var/run/, updating /var/run/speech-dispatcher/.cache/speech-dispatcher → /run/speech-dispatcher/.cache/speech-dispatcher; please update the tmpfiles.d/ drop-in file accordingly.
Aug  6 12:14:39 ubuntu systemd-tmpfiles[1098]: [/usr/lib/tmpfiles.d/speech-dispatcher.conf:5] Line references path below legacy directory /var/run/, updating /var/run/speech-dispatcher/log → /run/speech-dispatcher/log; please update the tmpfiles.d/ drop-in file accordingly.
Aug  6 12:14:39 ubuntu systemd-tmpfiles[1098]: [/usr/lib/tmpfiles.d/spice-vdagentd.conf:2] Line references path below legacy directory /var/run/, updating /var/run/spice-vdagentd → /run/spice-vdagentd; please update the tmpfiles.d/ drop-in file accordingly.
Aug  6 12:14:39 ubuntu systemd[1]: Starting Clean up any mess left by 0dns-up...
Aug  6 12:14:39 ubuntu kernel: [    0.019779] Faking a node at [mem 0x0000000000000000-0x000000034f5fffff]
Aug  6 12:14:39 ubuntu kernel: [    0.019795] NODE_DATA(0) allocated [mem 0x34f5d5000-0x34f5fffff]
Aug  6 12:14:39 ubuntu systemd[1]: Started udev Kernel Device Manager.
Aug  6 12:14:39 ubuntu kernel: [    0.020115] Zone ranges:
Aug  6 12:14:39 ubuntu kernel: [    0.020116]   DMA      [mem 0x0000000000001000-0x0000000000ffffff]
Aug  6 12:14:39 ubuntu kernel: [    0.020118]   DMA32    [mem 0x0000000001000000-0x00000000ffffffff]
Aug  6 12:14:39 ubuntu systemd[1]: Starting Show Plymouth Boot Screen...
Aug  6 12:14:39 ubuntu kernel: [    0.020119]   Normal   [mem 0x0000000100000000-0x000000034f5fffff]
Aug  6 12:14:39 ubuntu kernel: [    0.020120]   Device   empty
Aug  6 12:14:39 ubuntu kernel: [    0.020121] Movable zone start for each node
Aug  6 12:14:39 ubuntu kernel: [    0.020126] Early memory node ranges
Aug  6 12:14:39 ubuntu systemd[1]: Started Set console font and keymap.
Aug  6 12:14:39 ubuntu kernel: [    0.020128]   node   0: [mem 0x0000000000001000-0x000000000006efff]
Aug  6 12:14:39 ubuntu kernel: [    0.020129]   node   0: [mem 0x0000000000070000-0x0000000000087fff]
Aug  6 12:14:39 ubuntu kernel: [    0.020130]   node   0: [mem 0x0000000000100000-0x00000000a56affff]
Aug  6 12:14:39 ubuntu systemd[1]: Received SIGRTMIN+20 from PID 297 (plymouthd).
Aug  6 12:14:39 ubuntu kernel: [    0.020130]   node   0: [mem 0x00000000a5eb0000-0x00000000aa6befff]
Aug  6 12:14:39 ubuntu kernel: [    0.020131]   node   0: [mem 0x00000000aafff000-0x00000000aaffffff]
Aug  6 12:14:39 ubuntu kernel: [    0.020132]   node   0: [mem 0x0000000100000000-0x000000034f5fffff]
Aug  6 12:14:39 ubuntu kernel: [    0.020716] Zeroed struct page in unavailable ranges: 25018 pages
Aug  6 12:14:39 ubuntu kernel: [    0.020717] Initmem setup node 0 [mem 0x0000000000001000-0x000000034f5fffff]
Aug  6 12:14:39 ubuntu kernel: [    0.020719] On node 0 totalpages: 3118150
Aug  6 12:14:39 ubuntu systemd[1]: plymouth-read-write.service: Succeeded.
Aug  6 12:14:39 ubuntu kernel: [    0.020721]   DMA zone: 64 pages used for memmap
Aug  6 12:14:39 ubuntu kernel: [    0.020722]   DMA zone: 111 pages reserved
Aug  6 12:14:39 ubuntu kernel: [    0.020723]   DMA zone: 3974 pages, LIFO batch:0
Aug  6 12:14:39 ubuntu kernel: [    0.020866]   DMA32 zone: 10811 pages used for memmap
Aug  6 12:14:39 ubuntu kernel: [    0.020867]   DMA32 zone: 691904 pages, LIFO batch:63
Aug  6 12:14:39 ubuntu systemd[1]: Started Tell Plymouth To Write Out Runtime Data.
Aug  6 12:14:39 ubuntu kernel: [    0.048104]   Normal zone: 37848 pages used for memmap
Aug  6 12:14:39 ubuntu kernel: [    0.048105]   Normal zone: 2422272 pages, LIFO batch:63
Aug  6 12:14:39 ubuntu kernel: [    0.132025] Reserving Intel graphics memory at [mem 0xaba00000-0xaf9fffff]
Aug  6 12:14:39 ubuntu kernel: [    0.132113] ACPI: PM-Timer IO Port: 0x1808
Aug  6 12:14:39 ubuntu systemd[1]: Started Create Volatile Files and Directories.
Aug  6 12:14:39 ubuntu kernel: [    0.132115] ACPI: Local APIC address 0xfee00000
Aug  6 12:14:39 ubuntu kernel: [    0.132134] IOAPIC[0]: apic_id 2, version 32, address 0xfec00000, GSI 0-39
Aug  6 12:14:39 ubuntu kernel: [    0.132137] ACPI: INT_SRC_OVR (bus 0 bus_irq 0 global_irq 2 dfl dfl)
Aug  6 12:14:39 ubuntu kernel: [    0.132139] ACPI: INT_SRC_OVR (bus 0 bus_irq 9 global_irq 9 high level)
Aug  6 12:14:39 ubuntu systemd[1]: grub-initrd-fallback.service: Succeeded.
Aug  6 12:14:39 ubuntu kernel: [    0.132141] ACPI: IRQ0 used by override.
Aug  6 12:14:39 ubuntu kernel: [    0.132142] ACPI: IRQ9 used by override.
Aug  6 12:14:39 ubuntu kernel: [    0.132145] Using ACPI (MADT) for SMP configuration information
Aug  6 12:14:39 ubuntu kernel: [    0.132147] ACPI: HPET id: 0x8086a201 base: 0xfed00000
Aug  6 12:14:39 ubuntu systemd[1]: Started GRUB failed boot detection.
Aug  6 12:14:39 ubuntu kernel: [    0.132162] smpboot: Allowing 8 CPUs, 4 hotplug CPUs
Aug  6 12:14:39 ubuntu kernel: [    0.132190] PM: Registered nosave memory: [mem 0x00000000-0x00000fff]
Aug  6 12:14:39 ubuntu kernel: [    0.132192] PM: Registered nosave memory: [mem 0x0006f000-0x0006ffff]
Aug  6 12:14:39 ubuntu kernel: [    0.132195] PM: Registered nosave memory: [mem 0x00088000-0x000bffff]
Aug  6 12:14:39 ubuntu systemd[1]: Starting Update UTMP about System Boot/Shutdown...
Aug  6 12:14:39 ubuntu kernel: [    0.132196] PM: Registered nosave memory: [mem 0x000c0000-0x000fffff]
Aug  6 12:14:39 ubuntu kernel: [    0.132198] PM: Registered nosave memory: [mem 0xa56b0000-0xa5eaffff]
Aug  6 12:14:39 ubuntu kernel: [    0.132200] PM: Registered nosave memory: [mem 0xaa6bf000-0xaa8befff]
Aug  6 12:14:39 ubuntu kernel: [    0.132201] PM: Registered nosave memory: [mem 0xaa8bf000-0xaaebefff]
Aug  6 12:14:39 ubuntu kernel: [    0.132202] PM: Registered nosave memory: [mem 0xaaebf000-0xaafbefff]
Aug  6 12:14:39 ubuntu systemd[1]: Starting Network Name Resolution...
Aug  6 12:14:39 ubuntu kernel: [    0.132203] PM: Registered nosave memory: [mem 0xaafbf000-0xaaffefff]
Aug  6 12:14:39 ubuntu kernel: [    0.132205] PM: Registered nosave memory: [mem 0xab000000-0xaf9fffff]
Aug  6 12:14:39 ubuntu kernel: [    0.132206] PM: Registered nosave memory: [mem 0xafa00000-0xdfffffff]
Aug  6 12:14:39 ubuntu kernel: [    0.132206] PM: Registered nosave memory: [mem 0xe0000000-0xefffffff]
Aug  6 12:14:39 ubuntu kernel: [    0.132207] PM: Registered nosave memory: [mem 0xf0000000-0xfe100fff]
Aug  6 12:14:39 ubuntu kernel: [    0.132208] PM: Registered nosave memory: [mem 0xfe101000-0xfe112fff]
Aug  6 12:14:39 ubuntu systemd[1]: Starting Network Time Synchronization...
Aug  6 12:14:39 ubuntu kernel: [    0.132209] PM: Registered nosave memory: [mem 0xfe113000-0xfeafffff]
Aug  6 12:14:39 ubuntu kernel: [    0.132209] PM: Registered nosave memory: [mem 0xfeb00000-0xfeb0ffff]
Aug  6 12:14:39 ubuntu kernel: [    0.132210] PM: Registered nosave memory: [mem 0xfeb10000-0xfebfffff]
Aug  6 12:14:39 ubuntu systemd[1]: plymouth-start.service: Succeeded.
Aug  6 12:14:39 ubuntu kernel: [    0.132211] PM: Registered nosave memory: [mem 0xfec00000-0xfec00fff]
Aug  6 12:14:39 ubuntu kernel: [    0.132212] PM: Registered nosave memory: [mem 0xfec01000-0xfecfffff]
Aug  6 12:14:39 ubuntu kernel: [    0.132212] PM: Registered nosave memory: [mem 0xfed00000-0xfee00fff]
Aug  6 12:14:39 ubuntu kernel: [    0.132213] PM: Registered nosave memory: [mem 0xfee01000-0xffbfffff]
Aug  6 12:14:39 ubuntu systemd[1]: Started Show Plymouth Boot Screen.
Aug  6 12:14:39 ubuntu kernel: [    0.132214] PM: Registered nosave memory: [mem 0xffc00000-0xffffffff]
Aug  6 12:14:39 ubuntu kernel: [    0.132216] [mem 0xafa00000-0xdfffffff] available for PCI devices
Aug  6 12:14:39 ubuntu kernel: [    0.132218] Booting paravirtualized kernel on bare hardware
Aug  6 12:14:39 ubuntu kernel: [    0.132221] clocksource: refined-jiffies: mask: 0xffffffff max_cycles: 0xffffffff, max_idle_ns: 7645519600211568 ns
Aug  6 12:14:39 ubuntu systemd[1]: Started Forward Password Requests to Plymouth Directory Watch.
Aug  6 12:14:39 ubuntu kernel: [    0.132233] random: get_random_bytes called from start_kernel+0x97/0x516 with crng_init=0
Aug  6 12:14:39 ubuntu kernel: [    0.132242] setup_percpu: NR_CPUS:8192 nr_cpumask_bits:8 nr_cpu_ids:8 nr_node_ids:1
Aug  6 12:14:39 ubuntu kernel: [    0.132571] percpu: Embedded 46 pages/cpu @(____ptrval____) s151552 r8192 d28672 u262144
Aug  6 12:14:39 ubuntu kernel: [    0.132580] pcpu-alloc: s151552 r8192 d28672 u262144 alloc=1*2097152
Aug  6 12:14:39 ubuntu systemd[1]: Condition check resulted in Dispatch Password Requests to Console Directory Watch being skipped.
Aug  6 12:14:39 ubuntu kernel: [    0.132582] pcpu-alloc: [0] 0 1 2 3 4 5 6 7 
Aug  6 12:14:39 ubuntu kernel: [    0.132618] Built 1 zonelists, mobility grouping on.  Total pages: 3069316
Aug  6 12:14:39 ubuntu kernel: [    0.132619] Policy zone: Normal
Aug  6 12:14:39 ubuntu kernel: [    0.132621] Kernel command line: BOOT_IMAGE=/casper/vmlinuz file=/cdrom/preseed/ubuntu.seed boot=casper quiet splash ---
Aug  6 12:14:39 ubuntu kernel: [    0.138182] Calgary: detecting Calgary via BIOS EBDA area
Aug  6 12:14:39 ubuntu systemd[1]: Reached target Local Encrypted Volumes.
Aug  6 12:14:39 ubuntu kernel: [    0.138184] Calgary: Unable to locate Rio Grande table in EBDA - bailing!
Aug  6 12:14:39 ubuntu kernel: [    0.177012] Memory: 12061456K/12472600K available (14339K kernel code, 2334K rwdata, 4292K rodata, 2576K init, 5204K bss, 411144K reserved, 0K cma-reserved)
Aug  6 12:14:39 ubuntu systemd[1]: Started Update UTMP about System Boot/Shutdown.
Aug  6 12:14:39 ubuntu kernel: [    0.177202] SLUB: HWalign=64, Order=0-3, MinObjects=0, CPUs=8, Nodes=1
Aug  6 12:14:39 ubuntu kernel: [    0.177209] Kernel/User page tables isolation: enabled
Aug  6 12:14:39 ubuntu kernel: [    0.177230] ftrace: allocating 41532 entries in 163 pages
Aug  6 12:14:39 ubuntu kernel: [    0.202774] rcu: Hierarchical RCU implementation.
Aug  6 12:14:39 ubuntu systemd[1]: Started Network Time Synchronization.
Aug  6 12:14:39 ubuntu kernel: [    0.202776] rcu: 	RCU restricting CPUs from NR_CPUS=8192 to nr_cpu_ids=8.
Aug  6 12:14:39 ubuntu kernel: [    0.202777] 	Tasks RCU enabled.
Aug  6 12:14:39 ubuntu kernel: [    0.202778] rcu: RCU calculated value of scheduler-enlistment delay is 25 jiffies.
Aug  6 12:14:39 ubuntu kernel: [    0.202779] rcu: Adjusting geometry for rcu_fanout_leaf=16, nr_cpu_ids=8
Aug  6 12:14:39 ubuntu systemd[1]: Reached target System Time Synchronized.
Aug  6 12:14:39 ubuntu kernel: [    0.206943] NR_IRQS: 524544, nr_irqs: 760, preallocated irqs: 16
Aug  6 12:14:39 ubuntu kernel: [    0.207177] Console: colour dummy device 80x25
Aug  6 12:14:39 ubuntu kernel: [    0.207183] printk: console [tty0] enabled
Aug  6 12:14:39 ubuntu systemd[1]: Reached target System Initialization.
Aug  6 12:14:39 ubuntu kernel: [    0.207205] ACPI: Core revision 20181213
Aug  6 12:14:39 ubuntu kernel: [    0.207572] clocksource: hpet: mask: 0xffffffff max_cycles: 0xffffffff, max_idle_ns: 133484882848 ns
Aug  6 12:14:39 ubuntu kernel: [    0.207581] hpet clockevent registered
Aug  6 12:14:39 ubuntu kernel: [    0.207586] APIC: Switch to symmetric I/O mode setup
Aug  6 12:14:39 ubuntu kernel: [    0.208201] ..TIMER: vector=0x30 apic1=0 pin1=2 apic2=-1 pin2=-1
Aug  6 12:14:39 ubuntu systemd[1]: Started Trigger anacron every hour.
Aug  6 12:14:39 ubuntu kernel: [    0.227585] clocksource: tsc-early: mask: 0xffffffffffffffff max_cycles: 0x18730cda9b6, max_idle_ns: 440795263476 ns
Aug  6 12:14:39 ubuntu systemd[1]: Listening on CUPS Scheduler.
Aug  6 12:14:39 ubuntu kernel: [    0.227602] Calibrating delay loop (skipped), value calculated using timer frequency.. 3392.35 BogoMIPS (lpj=6784712)
Aug  6 12:14:39 ubuntu kernel: [    0.227605] pid_max: default: 32768 minimum: 301
Aug  6 12:14:39 ubuntu systemd[1]: Started ACPI Events Check.
Aug  6 12:14:39 ubuntu kernel: [    0.237742] LSM: Security Framework initializing
Aug  6 12:14:39 ubuntu kernel: [    0.237756] Yama: becoming mindful.
Aug  6 12:14:39 ubuntu kernel: [    0.237783] AppArmor: AppArmor initialized
Aug  6 12:14:39 ubuntu kernel: [    0.240636] Dentry cache hash table entries: 2097152 (order: 12, 16777216 bytes)
Aug  6 12:14:39 ubuntu kernel: [    0.242066] Inode-cache hash table entries: 1048576 (order: 11, 8388608 bytes)
Aug  6 12:14:39 ubuntu kernel: [    0.242129] Mount-cache hash table entries: 32768 (order: 6, 262144 bytes)
Aug  6 12:14:39 ubuntu kernel: [    0.242176] Mountpoint-cache hash table entries: 32768 (order: 6, 262144 bytes)
Aug  6 12:14:39 ubuntu kernel: [    0.242493] ENERGY_PERF_BIAS: Set to 'normal', was 'performance'
Aug  6 12:14:39 ubuntu kernel: [    0.242494] ENERGY_PERF_BIAS: View and update with x86_energy_perf_policy(8)
Aug  6 12:14:39 ubuntu kernel: [    0.242500] mce: CPU supports 7 MCE banks
Aug  6 12:14:39 ubuntu kernel: [    0.242515] mce: CPU0: Thermal monitoring enabled (TM1)
Aug  6 12:14:39 ubuntu systemd[1]: Started Daily man-db regeneration.
Aug  6 12:14:39 ubuntu kernel: [    0.242530] process: using mwait in idle threads
Aug  6 12:14:39 ubuntu kernel: [    0.242533] Last level iTLB entries: 4KB 1024, 2MB 1024, 4MB 1024
Aug  6 12:14:39 ubuntu kernel: [    0.242534] Last level dTLB entries: 4KB 1024, 2MB 1024, 4MB 1024, 1GB 4
Aug  6 12:14:39 ubuntu kernel: [    0.242536] Spectre V2 : Mitigation: Full generic retpoline
Aug  6 12:14:39 ubuntu kernel: [    0.242537] Spectre V2 : Spectre v2 / SpectreRSB mitigation: Filling RSB on context switch
Aug  6 12:14:39 ubuntu kernel: [    0.242538] Spectre V2 : Enabling Restricted Speculation for firmware calls
Aug  6 12:14:39 ubuntu systemd[1]: Started CUPS Scheduler.
Aug  6 12:14:39 ubuntu kernel: [    0.242548] Spectre V2 : mitigation: Enabling conditional Indirect Branch Prediction Barrier
Aug  6 12:14:39 ubuntu kernel: [    0.242549] Spectre V2 : User space: Mitigation: STIBP via seccomp and prctl
Aug  6 12:14:39 ubuntu kernel: [    0.242550] Speculative Store Bypass: Mitigation: Speculative Store Bypass disabled via prctl and seccomp
Aug  6 12:14:39 ubuntu systemd[1]: Started Daily Cleanup of Temporary Directories.
Aug  6 12:14:39 ubuntu kernel: [    0.242798] Freeing SMP alternatives memory: 36K
Aug  6 12:14:39 ubuntu systemd[1]: Condition check resulted in Unix socket for apport crash forwarding being skipped.
Aug  6 12:14:39 ubuntu systemd[1]: Started Daily apt download activities.
Aug  6 12:14:39 ubuntu systemd[1]: Started Daily apt upgrade and clean activities.
Aug  6 12:14:39 ubuntu systemd[1]: Started Daily rotation of log files.
Aug  6 12:14:39 ubuntu systemd[1]: Listening on D-Bus System Message Bus Socket.
Aug  6 12:14:39 ubuntu systemd[1]: Starting Socket activation for snappy daemon.
Aug  6 12:14:39 ubuntu systemd[1]: Listening on Activation socket for spice guest agent daemon.
Aug  6 12:14:39 ubuntu systemd[1]: Condition check resulted in Process error reports when automatic reporting is enabled (file watch) being skipped.
Aug  6 12:14:39 ubuntu systemd[1]: Reached target Paths.
Aug  6 12:14:39 ubuntu systemd[1]: Started Message of the Day.
Aug  6 12:14:39 ubuntu systemd[1]: Started Discard unused blocks once a week.
Aug  6 12:14:39 ubuntu systemd[1]: Listening on UUID daemon activation socket.
Aug  6 12:14:39 ubuntu systemd[1]: Listening on Avahi mDNS/DNS-SD Stack Activation Socket.
Aug  6 12:14:39 ubuntu systemd[1]: Listening on ACPID Listen Socket.
Aug  6 12:14:39 ubuntu systemd[1]: Condition check resulted in Timer to automatically fetch and run repair assertions being skipped.
Aug  6 12:14:39 ubuntu systemd[1]: Reached target Timers.
Aug  6 12:14:39 ubuntu systemd[1]: Listening on Socket activation for snappy daemon.
Aug  6 12:14:39 ubuntu systemd[1]: Reached target Sockets.
Aug  6 12:14:39 ubuntu systemd[1]: Reached target Basic System.
Aug  6 12:14:39 ubuntu kernel: [    0.247680] TSC deadline timer enabled
Aug  6 12:14:39 ubuntu systemd[1]: Started D-Bus System Message Bus.
Aug  6 12:14:39 ubuntu kernel: [    0.247683] smpboot: CPU0: Intel(R) Core(TM) i3-4005U CPU @ 1.70GHz (family: 0x6, model: 0x45, stepping: 0x1)
Aug  6 12:14:39 ubuntu systemd[1]: Starting LSB: Record successful boot for GRUB...
Aug  6 12:14:39 ubuntu kernel: [    0.247810] Performance Events: PEBS fmt2+, Haswell events, 16-deep LBR, full-width counters, Intel PMU driver.
Aug  6 12:14:39 ubuntu systemd[1]: Starting Disk Manager...
Aug  6 12:14:39 ubuntu kernel: [    0.247882] ... version:                3
Aug  6 12:14:39 ubuntu kernel: [    0.247882] ... bit width:              48
Aug  6 12:14:39 ubuntu kernel: [    0.247883] ... generic registers:      4
Aug  6 12:14:39 ubuntu kernel: [    0.247884] ... value mask:             0000ffffffffffff
Aug  6 12:14:39 ubuntu kernel: [    0.247885] ... max period:             00007fffffffffff
Aug  6 12:14:39 ubuntu kernel: [    0.247885] ... fixed-purpose events:   3
Aug  6 12:14:39 ubuntu systemd[1]: Starting WPA supplicant...
Aug  6 12:14:39 ubuntu kernel: [    0.247886] ... event mask:             000000070000000f
Aug  6 12:14:39 ubuntu systemd[1]: Starting Detect the available GPUs and deal with any system changes...
Aug  6 12:14:39 ubuntu kernel: [    0.247934] rcu: Hierarchical SRCU implementation.
Aug  6 12:14:39 ubuntu kernel: [    0.248795] random: crng done (trusting CPU's manufacturer)
Aug  6 12:14:39 ubuntu kernel: [    0.249616] NMI watchdog: Enabled. Permanently consumes one hw-PMU counter.
Aug  6 12:14:39 ubuntu kernel: [    0.249721] smp: Bringing up secondary CPUs ...
Aug  6 12:14:39 ubuntu systemd[1]: Starting Modem Manager...
Aug  6 12:14:39 ubuntu kernel: [    0.249831] x86: Booting SMP configuration:
Aug  6 12:14:39 ubuntu kernel: [    0.249833] .... node  #0, CPUs:      #1 #2 #3
Aug  6 12:14:39 ubuntu systemd[1]: Starting Accounts Service...
Aug  6 12:14:39 ubuntu kernel: [    0.254423] smp: Brought up 1 node, 4 CPUs
Aug  6 12:14:39 ubuntu kernel: [    0.254423] smpboot: Max logical packages: 2
Aug  6 12:14:39 ubuntu kernel: [    0.254423] smpboot: Total of 4 processors activated (13569.42 BogoMIPS)
Aug  6 12:14:39 ubuntu kernel: [    0.255945] devtmpfs: initialized
Aug  6 12:14:39 ubuntu systemd[1]: Starting Restore /etc/resolv.conf if the system crashed before the ppp link was shut down...
Aug  6 12:14:39 ubuntu kernel: [    0.255945] x86/mm: Memory block size: 128MB
Aug  6 12:14:39 ubuntu kernel: [    0.256891] PM: Registering ACPI NVS region [mem 0xaaebf000-0xaafbefff] (1048576 bytes)
Aug  6 12:14:39 ubuntu systemd[1]: Condition check resulted in Automatically repair incorrect owner/permissions on core devices being skipped.
Aug  6 12:14:39 ubuntu kernel: [    0.256891] clocksource: jiffies: mask: 0xffffffff max_cycles: 0xffffffff, max_idle_ns: 7645041785100000 ns
Aug  6 12:14:39 ubuntu kernel: [    0.256891] futex hash table entries: 2048 (order: 5, 131072 bytes)
Aug  6 12:14:39 ubuntu kernel: [    0.256891] pinctrl core: initialized pinctrl subsystem
Aug  6 12:14:39 ubuntu kernel: [    0.256891] RTC time: 12:14:10, date: 2019-08-06
Aug  6 12:14:39 ubuntu kernel: [    0.256891] NET: Registered protocol family 16
Aug  6 12:14:39 ubuntu systemd[1]: Started Set the CPU Frequency Scaling governor.
Aug  6 12:14:39 ubuntu kernel: [    0.256891] audit: initializing netlink subsys (disabled)
Aug  6 12:14:39 ubuntu systemd[1]: Starting Dispatcher daemon for systemd-networkd...
Aug  6 12:14:39 ubuntu kernel: [    0.256891] audit: type=2000 audit(1565093650.048:1): state=initialized audit_enabled=0 res=1
Aug  6 12:14:39 ubuntu kernel: [    0.256891] EISA bus registered
Aug  6 12:14:39 ubuntu kernel: [    0.256891] cpuidle: using governor ladder
Aug  6 12:14:39 ubuntu systemd[1]: Starting Login Service...
Aug  6 12:14:39 ubuntu kernel: [    0.256891] cpuidle: using governor menu
Aug  6 12:14:39 ubuntu kernel: [    0.256891] Simple Boot Flag at 0x44 set to 0x1
Aug  6 12:14:39 ubuntu kernel: [    0.256891] ACPI FADT declares the system doesn't support PCIe ASPM, so disable it
Aug  6 12:14:39 ubuntu systemd[1]: Starting Ubuntu live CD installer...
Aug  6 12:14:39 ubuntu kernel: [    0.256891] ACPI: bus type PCI registered
Aug  6 12:14:39 ubuntu systemd[1]: Started irqbalance daemon.
Aug  6 12:14:39 ubuntu kernel: [    0.256891] acpiphp: ACPI Hot Plug PCI Controller Driver version: 0.5
Aug  6 12:14:39 ubuntu kernel: [    0.256891] PCI: MMCONFIG for domain 0000 [bus 00-ff] at [mem 0xe0000000-0xefffffff] (base 0xe0000000)
Aug  6 12:14:39 ubuntu kernel: [    0.256891] PCI: MMCONFIG at [mem 0xe0000000-0xefffffff] reserved in E820
Aug  6 12:14:39 ubuntu kernel: [    0.256891] PCI: Using configuration type 1 for base access
Aug  6 12:14:39 ubuntu dbus-daemon[1131]: dbus[1131]: Unknown group "power" in message bus configuration file
Aug  6 12:14:39 ubuntu kernel: [    0.256891] core: PMU erratum BJ122, BV98, HSD29 worked around, HT is on
Aug  6 12:14:39 ubuntu kernel: [    0.260151] HugeTLB registered 1.00 GiB page size, pre-allocated 0 pages
Aug  6 12:14:39 ubuntu systemd[1]: Started Run anacron jobs.
Aug  6 12:14:39 ubuntu kernel: [    0.260151] HugeTLB registered 2.00 MiB page size, pre-allocated 0 pages
Aug  6 12:14:39 ubuntu kernel: [    0.260151] ACPI: Added _OSI(Module Device)
Aug  6 12:14:39 ubuntu kernel: [    0.260151] ACPI: Added _OSI(Processor Device)
Aug  6 12:14:39 ubuntu kernel: [    0.260151] ACPI: Added _OSI(3.0 _SCP Extensions)
Aug  6 12:14:39 ubuntu kernel: [    0.260151] ACPI: Added _OSI(Processor Aggregator Device)
Aug  6 12:14:39 ubuntu dbus-daemon[1131]: [system] AppArmor D-Bus mediation is enabled
Aug  6 12:14:39 ubuntu kernel: [    0.260151] ACPI: Added _OSI(Linux-Dell-Video)
Aug  6 12:14:39 ubuntu kernel: [    0.260151] ACPI: Added _OSI(Linux-Lenovo-NV-HDMI-Audio)
Aug  6 12:14:39 ubuntu systemd[1]: Started Save initial kernel messages after boot.
Aug  6 12:14:39 ubuntu kernel: [    0.260151] ACPI: Added _OSI(Linux-HPI-Hybrid-Graphics)
Aug  6 12:14:39 ubuntu kernel: [    0.286300] ACPI: 6 ACPI AML tables successfully acquired and loaded
Aug  6 12:14:39 ubuntu kernel: [    0.290331] ACPI: [Firmware Bug]: BIOS _OSI(Linux) query ignored
Aug  6 12:14:39 ubuntu kernel: [    0.293164] ACPI: Dynamic OEM Table Load:
Aug  6 12:14:39 ubuntu systemd[1]: Starting Switcheroo Control Proxy service...
Aug  6 12:14:39 ubuntu kernel: [    0.293174] ACPI: SSDT 0xFFFF8D48C0EC4400 0003D3 (v01 PmRef  Cpu0Cst  00003001 INTL 20121220)
Aug  6 12:14:39 ubuntu kernel: [    0.294170] ACPI: Dynamic OEM Table Load:
Aug  6 12:14:39 ubuntu systemd[1]: Started CUPS Scheduler.
Aug  6 12:14:39 ubuntu kernel: [    0.294179] ACPI: SSDT 0xFFFF8D48C0E70000 0005AA (v01 PmRef  ApIst    00003000 INTL 20121220)
Aug  6 12:14:39 ubuntu systemd[1]: Starting Avahi mDNS/DNS-SD Stack...
Aug  6 12:14:39 ubuntu kernel: [    0.295226] ACPI: Dynamic OEM Table Load:
Aug  6 12:14:39 ubuntu kernel: [    0.295233] ACPI: SSDT 0xFFFF8D48C0ECA400 000119 (v01 PmRef  ApCst    00003000 INTL 20121220)
Aug  6 12:14:39 ubuntu kernel: [    0.297362] ACPI: EC: EC started
Aug  6 12:14:39 ubuntu kernel: [    0.297363] ACPI: EC: interrupt blocked
Aug  6 12:14:39 ubuntu systemd[1]: Condition check resulted in getty on tty2-tty6 if dbus and logind are not available being skipped.
Aug  6 12:14:39 ubuntu kernel: [    0.298489] ACPI: \_SB_.PCI0.LPCB.EC0_: Used as first EC
Aug  6 12:14:39 ubuntu kernel: [    0.298491] ACPI: \_SB_.PCI0.LPCB.EC0_: GPE=0x7, EC_CMD/EC_SC=0x66, EC_DATA=0x62
Aug  6 12:14:39 ubuntu kernel: [    0.298493] ACPI: \_SB_.PCI0.LPCB.EC0_: Used as boot DSDT EC to handle transactions
Aug  6 12:14:39 ubuntu kernel: [    0.298494] ACPI: Interpreter enabled
Aug  6 12:14:39 ubuntu kernel: [    0.298544] ACPI: (supports S0 S3 S4 S5)
Aug  6 12:14:39 ubuntu systemd[1]: Reached target Login Prompts.
Aug  6 12:14:39 ubuntu kernel: [    0.298546] ACPI: Using IOAPIC for interrupt routing
Aug  6 12:14:39 ubuntu kernel: [    0.298589] PCI: Using host bridge windows from ACPI; if necessary, use "pci=nocrs" and report a bug
Aug  6 12:14:39 ubuntu kernel: [    0.299407] ACPI: watchdog: Skipping WDAT on this system because it uses RTC SRAM
Aug  6 12:14:39 ubuntu systemd[1]: Started Regular background program processing daemon.
Aug  6 12:14:39 ubuntu kernel: [    0.299424] ACPI: Enabled 8 GPEs in block 00 to 7F
Aug  6 12:14:39 ubuntu kernel: [    0.382329] ACPI: Power Resource [NVP3] (on)
Aug  6 12:14:39 ubuntu systemd[1]: Started ACPI event daemon.
Aug  6 12:14:39 ubuntu kernel: [    0.382370] ACPI: Power Resource [NVP2] (on)
Aug  6 12:14:39 ubuntu kernel: [    0.402203] ACPI: PCI Root Bridge [PCI0] (domain 0000 [bus 00-fe])
Aug  6 12:14:39 ubuntu kernel: [    0.402210] acpi PNP0A08:00: _OSC: OS supports [ExtendedConfig ASPM ClockPM Segments MSI]
Aug  6 12:14:39 ubuntu kernel: [    0.403034] acpi PNP0A08:00: _OSC: OS now controls [PCIeHotplug SHPCHotplug PME AER PCIeCapability LTR]
Aug  6 12:14:39 ubuntu systemd[1]: Starting Thermal Daemon Service...
Aug  6 12:14:39 ubuntu kernel: [    0.403036] acpi PNP0A08:00: FADT indicates ASPM is unsupported, using BIOS configuration
Aug  6 12:14:39 ubuntu kernel: [    0.404267] PCI host bridge to bus 0000:00
Aug  6 12:14:39 ubuntu cron[1151]: (CRON) INFO (pidfile fd = 3)
Aug  6 12:14:39 ubuntu kernel: [    0.404270] pci_bus 0000:00: root bus resource [io  0x0000-0x0cf7 window]
Aug  6 12:14:39 ubuntu kernel: [    0.404272] pci_bus 0000:00: root bus resource [io  0x0d00-0xffff window]
Aug  6 12:14:39 ubuntu kernel: [    0.404273] pci_bus 0000:00: root bus resource [mem 0x000a0000-0x000bffff window]
Aug  6 12:14:39 ubuntu kernel: [    0.404275] pci_bus 0000:00: root bus resource [mem 0xafa00000-0xfeafffff window]
Aug  6 12:14:39 ubuntu systemd[1]: Starting System Logging Service...
Aug  6 12:14:39 ubuntu kernel: [    0.404276] pci_bus 0000:00: root bus resource [bus 00-fe]
Aug  6 12:14:39 ubuntu systemd[1]: Starting LSB: automatic crash report generation...
Aug  6 12:14:39 ubuntu kernel: [    0.404286] pci 0000:00:00.0: [8086:0a04] type 00 class 0x060000
Aug  6 12:14:39 ubuntu kernel: [    0.404596] pci 0000:00:02.0: [8086:0a16] type 00 class 0x030000
Aug  6 12:14:39 ubuntu kernel: [    0.404612] pci 0000:00:02.0: reg 0x10: [mem 0xc3000000-0xc33fffff 64bit]
Aug  6 12:14:39 ubuntu kernel: [    0.404619] pci 0000:00:02.0: reg 0x18: [mem 0xd0000000-0xdfffffff 64bit pref]
Aug  6 12:14:39 ubuntu kernel: [    0.404625] pci 0000:00:02.0: reg 0x20: [io  0x5000-0x503f]
Aug  6 12:14:39 ubuntu kernel: [    0.404642] pci 0000:00:02.0: BAR 2: assigned to efifb
Aug  6 12:14:39 ubuntu systemd[1]: Starting Snappy daemon...
Aug  6 12:14:39 ubuntu kernel: [    0.404962] pci 0000:00:03.0: [8086:0a0c] type 00 class 0x040300
Aug  6 12:14:39 ubuntu systemd[1]: pppd-dns.service: Succeeded.
Aug  6 12:14:39 ubuntu kernel: [    0.404976] pci 0000:00:03.0: reg 0x10: [mem 0xc3610000-0xc3613fff 64bit]
Aug  6 12:14:39 ubuntu kernel: [    0.405299] pci 0000:00:14.0: [8086:9c31] type 00 class 0x0c0330
Aug  6 12:14:39 ubuntu kernel: [    0.405321] pci 0000:00:14.0: reg 0x10: [mem 0xc3600000-0xc360ffff 64bit]
Aug  6 12:14:39 ubuntu kernel: [    0.405386] pci 0000:00:14.0: PME# supported from D3hot D3cold
Aug  6 12:14:39 ubuntu systemd[1]: Started Restore /etc/resolv.conf if the system crashed before the ppp link was shut down.
Aug  6 12:14:39 ubuntu kernel: [    0.405660] pci 0000:00:16.0: [8086:9c3a] type 00 class 0x078000
Aug  6 12:14:39 ubuntu kernel: [    0.405685] pci 0000:00:16.0: reg 0x10: [mem 0xc3618000-0xc361801f 64bit]
Aug  6 12:14:39 ubuntu systemd[1]: anacron.service: Succeeded.
Aug  6 12:14:39 ubuntu kernel: [    0.405761] pci 0000:00:16.0: PME# supported from D0 D3hot D3cold
Aug  6 12:14:39 ubuntu kernel: [    0.406040] pci 0000:00:1b.0: [8086:9c20] type 00 class 0x040300
Aug  6 12:14:39 ubuntu kernel: [    0.406061] pci 0000:00:1b.0: reg 0x10: [mem 0xc3614000-0xc3617fff 64bit]
Aug  6 12:14:39 ubuntu kernel: [    0.406136] pci 0000:00:1b.0: PME# supported from D0 D3hot D3cold
Aug  6 12:14:39 ubuntu cron[1151]: (CRON) INFO (Running @reboot jobs)
Aug  6 12:14:39 ubuntu kernel: [    0.406408] pci 0000:00:1c.0: [8086:9c14] type 01 class 0x060400
Aug  6 12:14:39 ubuntu kernel: [    0.406490] pci 0000:00:1c.0: PME# supported from D0 D3hot D3cold
Aug  6 12:14:39 ubuntu kernel: [    0.406856] pci 0000:00:1c.3: [8086:9c16] type 01 class 0x060400
Aug  6 12:14:39 ubuntu systemd[1]: dns-clean.service: Succeeded.
Aug  6 12:14:39 ubuntu kernel: [    0.406937] pci 0000:00:1c.3: PME# supported from D0 D3hot D3cold
Aug  6 12:14:39 ubuntu kernel: [    0.407300] pci 0000:00:1c.4: [8086:9c18] type 01 class 0x060400
Aug  6 12:14:39 ubuntu kernel: [    0.407382] pci 0000:00:1c.4: PME# supported from D0 D3hot D3cold
Aug  6 12:14:39 ubuntu kernel: [    0.407680] pci 0000:00:1d.0: [8086:9c26] type 00 class 0x0c0320
Aug  6 12:14:39 ubuntu systemd[1]: Started Clean up any mess left by 0dns-up.
Aug  6 12:14:39 ubuntu kernel: [    0.407705] pci 0000:00:1d.0: reg 0x10: [mem 0xc361c000-0xc361c3ff]
Aug  6 12:14:39 ubuntu kernel: [    0.407798] pci 0000:00:1d.0: PME# supported from D0 D3hot D3cold
Aug  6 12:14:39 ubuntu kernel: [    0.408080] pci 0000:00:1f.0: [8086:9c45] type 00 class 0x060100
Aug  6 12:14:39 ubuntu systemd[1]: Starting Network Manager...
Aug  6 12:14:39 ubuntu kernel: [    0.408469] pci 0000:00:1f.2: [8086:9c03] type 00 class 0x010601
Aug  6 12:14:39 ubuntu kernel: [    0.408486] pci 0000:00:1f.2: reg 0x10: [io  0x5088-0x508f]
Aug  6 12:14:39 ubuntu kernel: [    0.408494] pci 0000:00:1f.2: reg 0x14: [io  0x5094-0x5097]
Aug  6 12:14:39 ubuntu systemd[1]: Starting Raise network interfaces...
Aug  6 12:14:39 ubuntu kernel: [    0.408501] pci 0000:00:1f.2: reg 0x18: [io  0x5080-0x5087]
Aug  6 12:14:39 ubuntu kernel: [    0.408508] pci 0000:00:1f.2: reg 0x1c: [io  0x5090-0x5093]
Aug  6 12:14:39 ubuntu kernel: [    0.408516] pci 0000:00:1f.2: reg 0x20: [io  0x5060-0x507f]
Aug  6 12:14:39 ubuntu systemd[1]: Started Switcheroo Control Proxy service.
Aug  6 12:14:39 ubuntu kernel: [    0.408523] pci 0000:00:1f.2: reg 0x24: [mem 0xc361b000-0xc361b7ff]
Aug  6 12:14:39 ubuntu kernel: [    0.408563] pci 0000:00:1f.2: PME# supported from D3hot
Aug  6 12:14:39 ubuntu acpid: starting up with netlink and the input layer
Aug  6 12:14:39 ubuntu kernel: [    0.408829] pci 0000:00:1f.3: [8086:9c22] type 00 class 0x0c0500
Aug  6 12:14:39 ubuntu systemd[1]: ubiquity.service: Succeeded.
Aug  6 12:14:39 ubuntu systemd[1]: Started Ubuntu live CD installer.
Aug  6 12:14:39 ubuntu systemd[1]: Started Login Service.
Aug  6 12:14:39 ubuntu acpid: 8 rules loaded
Aug  6 12:14:39 ubuntu acpid: waiting for events: event logging is off
Aug  6 12:14:39 ubuntu dbus-daemon[1131]: [system] Activating via systemd: service name='org.freedesktop.PolicyKit1' unit='polkit.service' requested by ':1.4' (uid=0 pid=1138 comm="/usr/lib/accountsservice/accounts-daemon " label="unconfined")
Aug  6 12:14:39 ubuntu avahi-daemon[1150]: Found user 'avahi' (UID 114) and group 'avahi' (GID 120).
Aug  6 12:14:39 ubuntu avahi-daemon[1150]: Successfully dropped root privileges.
Aug  6 12:14:39 ubuntu avahi-daemon[1150]: avahi-daemon 0.7 starting up.
Aug  6 12:14:39 ubuntu avahi-daemon[1150]: Successfully called chroot().
Aug  6 12:14:39 ubuntu avahi-daemon[1150]: Successfully dropped remaining capabilities.
Aug  6 12:14:39 ubuntu avahi-daemon[1222]: chroot.c: open() failed: No such file or directory
Aug  6 12:14:39 ubuntu avahi-daemon[1150]: Failed to open /etc/resolv.conf: Invalid argument
Aug  6 12:14:39 ubuntu avahi-daemon[1150]: No service file found in /etc/avahi/services.
Aug  6 12:14:39 ubuntu systemd[1]: Started Avahi mDNS/DNS-SD Stack.
Aug  6 12:14:39 ubuntu avahi-daemon[1150]: Joining mDNS multicast group on interface lo.IPv6 with address ::1.
Aug  6 12:14:39 ubuntu avahi-daemon[1150]: New relevant interface lo.IPv6 for mDNS.
Aug  6 12:14:39 ubuntu avahi-daemon[1150]: Joining mDNS multicast group on interface lo.IPv4 with address 127.0.0.1.
Aug  6 12:14:39 ubuntu kernel: [    0.408848] pci 0000:00:1f.3: reg 0x10: [mem 0xc3619000-0xc36190ff 64bit]
Aug  6 12:14:39 ubuntu kernel: [    0.408869] pci 0000:00:1f.3: reg 0x20: [io  0x5040-0x505f]
Aug  6 12:14:39 ubuntu kernel: [    0.409221] pci 0000:01:00.0: [10ec:8168] type 00 class 0x020000
Aug  6 12:14:39 ubuntu kernel: [    0.409253] pci 0000:01:00.0: reg 0x10: [io  0x4000-0x40ff]
Aug  6 12:14:39 ubuntu avahi-daemon[1150]: New relevant interface lo.IPv4 for mDNS.
Aug  6 12:14:39 ubuntu kernel: [    0.409283] pci 0000:01:00.0: reg 0x18: [mem 0xc3504000-0xc3504fff 64bit]
Aug  6 12:14:39 ubuntu kernel: [    0.409302] pci 0000:01:00.0: reg 0x20: [mem 0xc3500000-0xc3503fff 64bit]
Aug  6 12:14:39 ubuntu kernel: [    0.409410] pci 0000:01:00.0: supports D1 D2
Aug  6 12:14:39 ubuntu avahi-daemon[1150]: Network interface enumeration completed.
Aug  6 12:14:39 ubuntu kernel: [    0.409412] pci 0000:01:00.0: PME# supported from D0 D1 D2 D3hot D3cold
Aug  6 12:14:39 ubuntu kernel: [    0.409562] pci 0000:00:1c.0: PCI bridge to [bus 01]
Aug  6 12:14:39 ubuntu kernel: [    0.409565] pci 0000:00:1c.0:   bridge window [io  0x4000-0x4fff]
Aug  6 12:14:39 ubuntu avahi-daemon[1150]: Registering new address record for ::1 on lo.*.
Aug  6 12:14:39 ubuntu kernel: [    0.409569] pci 0000:00:1c.0:   bridge window [mem 0xc3500000-0xc35fffff]
Aug  6 12:14:39 ubuntu kernel: [    0.409653] pci 0000:02:00.0: [168c:0036] type 00 class 0x028000
Aug  6 12:14:39 ubuntu avahi-daemon[1150]: Registering new address record for 127.0.0.1 on lo.IPv4.
Aug  6 12:14:39 ubuntu kernel: [    0.409705] pci 0000:02:00.0: reg 0x10: [mem 0xc3400000-0xc347ffff 64bit]
Aug  6 12:14:39 ubuntu kernel: [    0.409783] pci 0000:02:00.0: reg 0x30: [mem 0xffff0000-0xffffffff pref]
Aug  6 12:14:39 ubuntu kernel: [    0.409902] pci 0000:02:00.0: supports D1 D2
Aug  6 12:14:39 ubuntu kernel: [    0.409904] pci 0000:02:00.0: PME# supported from D0 D1 D2 D3hot D3cold
Aug  6 12:14:39 ubuntu udisksd[1134]: udisks daemon version 2.8.2 starting
Aug  6 12:14:39 ubuntu systemd[1]: Started Make remote CUPS printers available locally.
Aug  6 12:14:39 ubuntu systemd[1]: Starting Authorization Manager...
Aug  6 12:14:39 ubuntu systemd-udevd[1116]: link_config: autonegotiation is unset or enabled, the speed and duplex are not writable.
Aug  6 12:14:39 ubuntu systemd[1]: Listening on Load/Save RF Kill Switch Status /dev/rfkill Watch.
Aug  6 12:14:39 ubuntu systemd[1]: Starting Load/Save RF Kill Switch Status...
Aug  6 12:14:39 ubuntu apport[1171]:  * Starting automatic crash report generation: apport
Aug  6 12:14:39 ubuntu grub-common[1132]:  * Recording successful boot for GRUB
Aug  6 12:14:39 ubuntu grub-common[1132]:    ...done.
Aug  6 12:14:39 ubuntu systemd[1]: Started LSB: Record successful boot for GRUB.
Aug  6 12:14:39 ubuntu systemd[1]: Started System Logging Service.
Aug  6 12:14:39 ubuntu rsyslogd: imuxsock: Acquired UNIX socket '/run/systemd/journal/syslog' (fd 3) from systemd.  [v8.32.0]
Aug  6 12:14:39 ubuntu rsyslogd: rsyslogd's groupid changed to 109
Aug  6 12:14:39 ubuntu rsyslogd: rsyslogd's userid changed to 104
Aug  6 12:14:39 ubuntu rsyslogd:  [origin software="rsyslogd" swVersion="8.32.0" x-pid="1170" x-info="http://www.rsyslog.com"] start
Aug  6 12:14:39 ubuntu kernel: [    0.410068] pci 0000:00:1c.3: PCI bridge to [bus 02]
Aug  6 12:14:39 ubuntu kernel: [    0.410073] pci 0000:00:1c.3:   bridge window [mem 0xc3400000-0xc34fffff]
Aug  6 12:14:39 ubuntu kernel: [    0.410144] pci 0000:03:00.0: [10de:1140] type 00 class 0x030200
Aug  6 12:14:39 ubuntu kernel: [    0.410173] pci 0000:03:00.0: reg 0x10: [mem 0xc2000000-0xc2ffffff]
Aug  6 12:14:39 ubuntu kernel: [    0.410190] pci 0000:03:00.0: reg 0x14: [mem 0xb0000000-0xbfffffff 64bit pref]
Aug  6 12:14:39 ubuntu kernel: [    0.410207] pci 0000:03:00.0: reg 0x1c: [mem 0xc0000000-0xc1ffffff 64bit pref]
Aug  6 12:14:39 ubuntu kernel: [    0.410218] pci 0000:03:00.0: reg 0x24: [io  0x3000-0x307f]
Aug  6 12:14:39 ubuntu kernel: [    0.410229] pci 0000:03:00.0: reg 0x30: [mem 0xfff80000-0xffffffff pref]
Aug  6 12:14:39 ubuntu kernel: [    0.410334] pci 0000:03:00.0: 8.000 Gb/s available PCIe bandwidth, limited by 2.5 GT/s x4 link at 0000:00:1c.4 (capable of 32.000 Gb/s with 2.5 GT/s x16 link)
Aug  6 12:14:39 ubuntu kernel: [    0.410474] pci 0000:00:1c.4: PCI bridge to [bus 03]
Aug  6 12:14:39 ubuntu kernel: [    0.410478] pci 0000:00:1c.4:   bridge window [io  0x3000-0x3fff]
Aug  6 12:14:39 ubuntu kernel: [    0.410481] pci 0000:00:1c.4:   bridge window [mem 0xc2000000-0xc2ffffff]
Aug  6 12:14:39 ubuntu kernel: [    0.410486] pci 0000:00:1c.4:   bridge window [mem 0xb0000000-0xc1ffffff 64bit pref]
Aug  6 12:14:39 ubuntu kernel: [    0.413325] ACPI: PCI Interrupt Link [LNKA] (IRQs 3 4 5 6 10 11 12 14 15) *7
Aug  6 12:14:39 ubuntu kernel: [    0.413420] ACPI: PCI Interrupt Link [LNKB] (IRQs 3 4 5 6 10 11 12 14 15) *0, disabled.
Aug  6 12:14:39 ubuntu kernel: [    0.413514] ACPI: PCI Interrupt Link [LNKC] (IRQs 3 4 5 6 10 *11 12 14 15)
Aug  6 12:14:39 ubuntu kernel: [    0.413609] ACPI: PCI Interrupt Link [LNKD] (IRQs 3 4 5 6 *10 11 12 14 15)
Aug  6 12:14:39 ubuntu kernel: [    0.413699] ACPI: PCI Interrupt Link [LNKE] (IRQs 3 4 5 6 10 11 12 14 15) *0, disabled.
Aug  6 12:14:39 ubuntu kernel: [    0.413790] ACPI: PCI Interrupt Link [LNKF] (IRQs 3 4 5 6 10 11 12 14 15) *0, disabled.
Aug  6 12:14:39 ubuntu kernel: [    0.413881] ACPI: PCI Interrupt Link [LNKG] (IRQs 3 4 5 6 *10 11 12 14 15)
Aug  6 12:14:39 ubuntu kernel: [    0.413972] ACPI: PCI Interrupt Link [LNKH] (IRQs 3 4 5 6 10 *11 12 14 15)
Aug  6 12:14:39 ubuntu kernel: [    0.414595] ACPI: EC: interrupt unblocked
Aug  6 12:14:39 ubuntu kernel: [    0.414618] ACPI: EC: event unblocked
Aug  6 12:14:39 ubuntu kernel: [    0.414628] ACPI: \_SB_.PCI0.LPCB.EC0_: GPE=0x7, EC_CMD/EC_SC=0x66, EC_DATA=0x62
Aug  6 12:14:39 ubuntu kernel: [    0.414631] ACPI: \_SB_.PCI0.LPCB.EC0_: Used as boot DSDT EC to handle transactions and events
Aug  6 12:14:39 ubuntu kernel: [    0.414776] SCSI subsystem initialized
Aug  6 12:14:39 ubuntu kernel: [    0.414776] libata version 3.00 loaded.
Aug  6 12:14:39 ubuntu kernel: [    0.414776] pci 0000:00:02.0: vgaarb: setting as boot VGA device
Aug  6 12:14:39 ubuntu kernel: [    0.414776] pci 0000:00:02.0: vgaarb: VGA device added: decodes=io+mem,owns=io+mem,locks=none
Aug  6 12:14:39 ubuntu kernel: [    0.414776] pci 0000:00:02.0: vgaarb: bridge control possible
Aug  6 12:14:39 ubuntu kernel: [    0.414776] vgaarb: loaded
Aug  6 12:14:39 ubuntu kernel: [    0.414776] ACPI: bus type USB registered
Aug  6 12:14:39 ubuntu kernel: [    0.414776] usbcore: registered new interface driver usbfs
Aug  6 12:14:39 ubuntu kernel: [    0.414776] usbcore: registered new interface driver hub
Aug  6 12:14:39 ubuntu kernel: [    0.414776] usbcore: registered new device driver usb
Aug  6 12:14:39 ubuntu kernel: [    0.414776] pps_core: LinuxPPS API ver. 1 registered
Aug  6 12:14:39 ubuntu kernel: [    0.414776] pps_core: Software ver. 5.3.6 - Copyright 2005-2007 Rodolfo Giometti <giometti@linux.it>
Aug  6 12:14:39 ubuntu kernel: [    0.414776] PTP clock support registered
Aug  6 12:14:39 ubuntu kernel: [    0.414776] EDAC MC: Ver: 3.0.0
Aug  6 12:14:39 ubuntu kernel: [    0.414776] Registered efivars operations
Aug  6 12:14:39 ubuntu kernel: [    0.452099] PCI: Using ACPI for IRQ routing
Aug  6 12:14:39 ubuntu kernel: [    0.460434] PCI: pci_cache_line_size set to 64 bytes
Aug  6 12:14:39 ubuntu kernel: [    0.460486] e820: reserve RAM buffer [mem 0x0006f000-0x0006ffff]
Aug  6 12:14:39 ubuntu kernel: [    0.460489] e820: reserve RAM buffer [mem 0x00088000-0x0008ffff]
Aug  6 12:14:39 ubuntu kernel: [    0.460490] e820: reserve RAM buffer [mem 0xa56b0000-0xa7ffffff]
Aug  6 12:14:39 ubuntu kernel: [    0.460492] e820: reserve RAM buffer [mem 0xaa6bf000-0xabffffff]
Aug  6 12:14:39 ubuntu kernel: [    0.460493] e820: reserve RAM buffer [mem 0xab000000-0xabffffff]
Aug  6 12:14:39 ubuntu kernel: [    0.460494] e820: reserve RAM buffer [mem 0x34f600000-0x34fffffff]
Aug  6 12:14:39 ubuntu kernel: [    0.460624] NetLabel: Initializing
Aug  6 12:14:39 ubuntu kernel: [    0.460625] NetLabel:  domain hash size = 128
Aug  6 12:14:39 ubuntu kernel: [    0.460625] NetLabel:  protocols = UNLABELED CIPSOv4 CALIPSO
Aug  6 12:14:39 ubuntu kernel: [    0.460646] NetLabel:  unlabeled traffic allowed by default
Aug  6 12:14:39 ubuntu kernel: [    0.460667] hpet0: at MMIO 0xfed00000, IRQs 2, 8, 0, 0, 0, 0, 0, 0
Aug  6 12:14:39 ubuntu kernel: [    0.460667] hpet0: 8 comparators, 64-bit 14.318180 MHz counter
Aug  6 12:14:39 ubuntu kernel: [    0.460667] clocksource: Switched to clocksource tsc-early
Aug  6 12:14:39 ubuntu kernel: [    0.475209] VFS: Disk quotas dquot_6.6.0
Aug  6 12:14:39 ubuntu kernel: [    0.475231] VFS: Dquot-cache hash table entries: 512 (order 0, 4096 bytes)
Aug  6 12:14:39 ubuntu kernel: [    0.475379] AppArmor: AppArmor Filesystem Enabled
Aug  6 12:14:39 ubuntu kernel: [    0.475414] pnp: PnP ACPI init
Aug  6 12:14:39 ubuntu kernel: [    0.476325] system 00:00: [io  0x0680-0x069f] has been reserved
Aug  6 12:14:39 ubuntu kernel: [    0.476327] system 00:00: [io  0xffff] has been reserved
Aug  6 12:14:39 ubuntu kernel: [    0.476329] system 00:00: [io  0xffff] has been reserved
Aug  6 12:14:39 ubuntu kernel: [    0.476331] system 00:00: [io  0xffff] has been reserved
Aug  6 12:14:39 ubuntu kernel: [    0.476332] system 00:00: [io  0x1800-0x18fe] has been reserved
Aug  6 12:14:39 ubuntu kernel: [    0.476334] system 00:00: [io  0x164e-0x164f] has been reserved
Aug  6 12:14:39 ubuntu kernel: [    0.476341] system 00:00: Plug and Play ACPI device, IDs PNP0c02 (active)
Aug  6 12:14:39 ubuntu kernel: [    0.476409] pnp 00:01: Plug and Play ACPI device, IDs PNP0b00 (active)
Aug  6 12:14:39 ubuntu kernel: [    0.476486] system 00:02: [io  0x1854-0x1857] has been reserved
Aug  6 12:14:39 ubuntu kernel: [    0.476490] system 00:02: Plug and Play ACPI device, IDs INT3f0d PNP0c02 (active)
Aug  6 12:14:39 ubuntu kernel: [    0.476569] pnp 00:03: Plug and Play ACPI device, IDs PNP0303 (active)
Aug  6 12:14:39 ubuntu kernel: [    0.476604] pnp 00:04: Plug and Play ACPI device, IDs ETD0623 ETD0000 PNP0f13 (active)
Aug  6 12:14:39 ubuntu kernel: [    0.476838] system 00:05: [mem 0xfed1c000-0xfed1ffff] has been reserved
Aug  6 12:14:39 ubuntu kernel: [    0.476840] system 00:05: [mem 0xfed10000-0xfed17fff] has been reserved
Aug  6 12:14:39 ubuntu kernel: [    0.476842] system 00:05: [mem 0xfed18000-0xfed18fff] has been reserved
Aug  6 12:14:39 ubuntu kernel: [    0.476843] system 00:05: [mem 0xfed19000-0xfed19fff] has been reserved
Aug  6 12:14:39 ubuntu kernel: [    0.476845] system 00:05: [mem 0xe0000000-0xefffffff] has been reserved
Aug  6 12:14:39 ubuntu kernel: [    0.476847] system 00:05: [mem 0xfed20000-0xfed3ffff] has been reserved
Aug  6 12:14:39 ubuntu kernel: [    0.476848] system 00:05: [mem 0xfed90000-0xfed93fff] has been reserved
Aug  6 12:14:39 ubuntu kernel: [    0.476850] system 00:05: [mem 0xff000000-0xffffffff] could not be reserved
Aug  6 12:14:39 ubuntu kernel: [    0.476852] system 00:05: [mem 0xfee00000-0xfeefffff] could not be reserved
Aug  6 12:14:39 ubuntu kernel: [    0.476854] system 00:05: [mem 0xafa20000-0xafa20fff] has been reserved
Aug  6 12:14:39 ubuntu kernel: [    0.476855] system 00:05: [mem 0xafa10000-0xafa1ffff] has been reserved
Aug  6 12:14:39 ubuntu kernel: [    0.476860] system 00:05: Plug and Play ACPI device, IDs PNP0c02 (active)
Aug  6 12:14:39 ubuntu kernel: [    0.477372] system 00:06: Plug and Play ACPI device, IDs PNP0c02 (active)
Aug  6 12:14:39 ubuntu kernel: [    0.478323] pnp: PnP ACPI: found 7 devices
Aug  6 12:14:39 ubuntu kernel: [    0.484451] clocksource: acpi_pm: mask: 0xffffff max_cycles: 0xffffff, max_idle_ns: 2085701024 ns
Aug  6 12:14:39 ubuntu kernel: [    0.484457] pci 0000:02:00.0: can't claim BAR 6 [mem 0xffff0000-0xffffffff pref]: no compatible bridge window
Aug  6 12:14:39 ubuntu kernel: [    0.484459] pci 0000:03:00.0: can't claim BAR 6 [mem 0xfff80000-0xffffffff pref]: no compatible bridge window
Aug  6 12:14:39 ubuntu kernel: [    0.484486] pci 0000:00:1c.0: PCI bridge to [bus 01]
Aug  6 12:14:39 ubuntu kernel: [    0.484489] pci 0000:00:1c.0:   bridge window [io  0x4000-0x4fff]
Aug  6 12:14:39 ubuntu kernel: [    0.484493] pci 0000:00:1c.0:   bridge window [mem 0xc3500000-0xc35fffff]
Aug  6 12:14:39 ubuntu kernel: [    0.484504] pci 0000:02:00.0: BAR 6: assigned [mem 0xc3480000-0xc348ffff pref]
Aug  6 12:14:39 ubuntu kernel: [    0.484506] pci 0000:00:1c.3: PCI bridge to [bus 02]
Aug  6 12:14:39 ubuntu kernel: [    0.484510] pci 0000:00:1c.3:   bridge window [mem 0xc3400000-0xc34fffff]
Aug  6 12:14:39 ubuntu kernel: [    0.484519] pci 0000:03:00.0: BAR 6: no space for [mem size 0x00080000 pref]
Aug  6 12:14:39 ubuntu kernel: [    0.484520] pci 0000:03:00.0: BAR 6: failed to assign [mem size 0x00080000 pref]
Aug  6 12:14:39 ubuntu kernel: [    0.484522] pci 0000:00:1c.4: PCI bridge to [bus 03]
Aug  6 12:14:39 ubuntu kernel: [    0.484524] pci 0000:00:1c.4:   bridge window [io  0x3000-0x3fff]
Aug  6 12:14:39 ubuntu kernel: [    0.484528] pci 0000:00:1c.4:   bridge window [mem 0xc2000000-0xc2ffffff]
Aug  6 12:14:39 ubuntu kernel: [    0.484532] pci 0000:00:1c.4:   bridge window [mem 0xb0000000-0xc1ffffff 64bit pref]
Aug  6 12:14:39 ubuntu kernel: [    0.484538] pci_bus 0000:00: resource 4 [io  0x0000-0x0cf7 window]
Aug  6 12:14:39 ubuntu kernel: [    0.484540] pci_bus 0000:00: resource 5 [io  0x0d00-0xffff window]
Aug  6 12:14:39 ubuntu kernel: [    0.484542] pci_bus 0000:00: resource 6 [mem 0x000a0000-0x000bffff window]
Aug  6 12:14:39 ubuntu kernel: [    0.484543] pci_bus 0000:00: resource 7 [mem 0xafa00000-0xfeafffff window]
Aug  6 12:14:39 ubuntu kernel: [    0.484545] pci_bus 0000:01: resource 0 [io  0x4000-0x4fff]
Aug  6 12:14:39 ubuntu kernel: [    0.484547] pci_bus 0000:01: resource 1 [mem 0xc3500000-0xc35fffff]
Aug  6 12:14:39 ubuntu kernel: [    0.484548] pci_bus 0000:02: resource 1 [mem 0xc3400000-0xc34fffff]
Aug  6 12:14:39 ubuntu kernel: [    0.484550] pci_bus 0000:03: resource 0 [io  0x3000-0x3fff]
Aug  6 12:14:39 ubuntu kernel: [    0.484551] pci_bus 0000:03: resource 1 [mem 0xc2000000-0xc2ffffff]
Aug  6 12:14:39 ubuntu kernel: [    0.484553] pci_bus 0000:03: resource 2 [mem 0xb0000000-0xc1ffffff 64bit pref]
Aug  6 12:14:39 ubuntu kernel: [    0.484783] NET: Registered protocol family 2
Aug  6 12:14:39 ubuntu kernel: [    0.484980] tcp_listen_portaddr_hash hash table entries: 8192 (order: 5, 131072 bytes)
Aug  6 12:14:39 ubuntu kernel: [    0.485049] TCP established hash table entries: 131072 (order: 8, 1048576 bytes)
Aug  6 12:14:39 ubuntu kernel: [    0.485265] TCP bind hash table entries: 65536 (order: 8, 1048576 bytes)
Aug  6 12:14:39 ubuntu kernel: [    0.485395] TCP: Hash tables configured (established 131072 bind 65536)
Aug  6 12:14:39 ubuntu kernel: [    0.485447] UDP hash table entries: 8192 (order: 6, 262144 bytes)
Aug  6 12:14:39 ubuntu kernel: [    0.485502] UDP-Lite hash table entries: 8192 (order: 6, 262144 bytes)
Aug  6 12:14:39 ubuntu kernel: [    0.485630] NET: Registered protocol family 1
Aug  6 12:14:39 ubuntu kernel: [    0.485636] NET: Registered protocol family 44
Aug  6 12:14:39 ubuntu kernel: [    0.485648] pci 0000:00:02.0: Video device with shadowed ROM at [mem 0x000c0000-0x000dffff]
Aug  6 12:14:39 ubuntu kernel: [    0.503766] pci 0000:00:1d.0: quirk_usb_early_handoff+0x0/0x6a6 took 16180 usecs
Aug  6 12:14:39 ubuntu kernel: [    0.503800] PCI: CLS 64 bytes, default 64
Aug  6 12:14:39 ubuntu kernel: [    0.503852] Unpacking initramfs...
Aug  6 12:14:39 ubuntu kernel: [   12.120115] Freeing initrd memory: 41312K
Aug  6 12:14:39 ubuntu kernel: [   12.120177] PCI-DMA: Using software bounce buffering for IO (SWIOTLB)
Aug  6 12:14:39 ubuntu kernel: [   12.120180] software IO TLB: mapped [mem 0x9eec0000-0xa2ec0000] (64MB)
Aug  6 12:14:39 ubuntu kernel: [   12.120457] check: Scanning for low memory corruption every 60 seconds
Aug  6 12:14:39 ubuntu kernel: [   12.122804] Initialise system trusted keyrings
Aug  6 12:14:39 ubuntu kernel: [   12.122815] Key type blacklist registered
Aug  6 12:14:39 ubuntu kernel: [   12.122850] workingset: timestamp_bits=36 max_order=22 bucket_order=0
Aug  6 12:14:39 ubuntu kernel: [   12.124791] zbud: loaded
Aug  6 12:14:39 ubuntu kernel: [   12.125378] squashfs: version 4.0 (2009/01/31) Phillip Lougher
Aug  6 12:14:39 ubuntu kernel: [   12.125629] fuse init (API version 7.28)
Aug  6 12:14:39 ubuntu kernel: [   12.175879] Key type asymmetric registered
Aug  6 12:14:39 ubuntu kernel: [   12.175880] Asymmetric key parser 'x509' registered
Aug  6 12:14:39 ubuntu kernel: [   12.175895] Block layer SCSI generic (bsg) driver version 0.4 loaded (major 243)
Aug  6 12:14:39 ubuntu kernel: [   12.175942] io scheduler mq-deadline registered
Aug  6 12:14:39 ubuntu kernel: [   12.176362] pcieport 0000:00:1c.0: Signaling PME with IRQ 40
Aug  6 12:14:39 ubuntu kernel: [   12.176595] pcieport 0000:00:1c.3: Signaling PME with IRQ 41
Aug  6 12:14:39 ubuntu kernel: [   12.176814] pcieport 0000:00:1c.4: Signaling PME with IRQ 42
Aug  6 12:14:39 ubuntu kernel: [   12.176875] shpchp: Standard Hot Plug PCI Controller Driver version: 0.4
Aug  6 12:14:39 ubuntu kernel: [   12.176952] efifb: probing for efifb
Aug  6 12:14:39 ubuntu kernel: [   12.176975] efifb: framebuffer at 0xd0000000, using 4160k, total 4160k
Aug  6 12:14:39 ubuntu kernel: [   12.176977] efifb: mode is 1366x768x32, linelength=5504, pages=1
Aug  6 12:14:39 ubuntu kernel: [   12.176977] efifb: scrolling: redraw
Aug  6 12:14:39 ubuntu kernel: [   12.176979] efifb: Truecolor: size=8:8:8:8, shift=24:16:8:0
Aug  6 12:14:39 ubuntu kernel: [   12.180057] Console: switching to colour frame buffer device 170x48
Aug  6 12:14:39 ubuntu kernel: [   12.182932] fb0: EFI VGA frame buffer device
Aug  6 12:14:39 ubuntu kernel: [   12.182943] intel_idle: MWAIT substates: 0x11142120
Aug  6 12:14:39 ubuntu kernel: [   12.182944] intel_idle: v0.4.1 model 0x45
Aug  6 12:14:39 ubuntu kernel: [   12.183272] intel_idle: lapic_timer_reliable_states 0xffffffff
Aug  6 12:14:39 ubuntu kernel: [   12.183957] ACPI: AC Adapter [ADP0] (on-line)
Aug  6 12:14:39 ubuntu kernel: [   12.184050] input: Lid Switch as /devices/LNXSYSTM:00/LNXSYBUS:00/PNP0C0D:00/input/input0
Aug  6 12:14:39 ubuntu kernel: [   12.184066] ACPI: Lid Switch [LID0]
Aug  6 12:14:39 ubuntu kernel: [   12.184104] input: Power Button as /devices/LNXSYSTM:00/LNXSYBUS:00/PNP0C0C:00/input/input1
Aug  6 12:14:39 ubuntu kernel: [   12.184113] ACPI: Power Button [PWRB]
Aug  6 12:14:39 ubuntu kernel: [   12.184149] input: Power Button as /devices/LNXSYSTM:00/LNXPWRBN:00/input/input2
Aug  6 12:14:39 ubuntu kernel: [   12.184156] ACPI: Power Button [PWRF]
Aug  6 12:14:39 ubuntu kernel: [   12.184826] Serial: 8250/16550 driver, 32 ports, IRQ sharing enabled
Aug  6 12:14:39 ubuntu kernel: [   12.189032] Linux agpgart interface v0.103
Aug  6 12:14:39 ubuntu kernel: [   12.192104] loop: module loaded
Aug  6 12:14:39 ubuntu kernel: [   12.192358] libphy: Fixed MDIO Bus: probed
Aug  6 12:14:39 ubuntu kernel: [   12.192359] tun: Universal TUN/TAP device driver, 1.6
Aug  6 12:14:39 ubuntu kernel: [   12.192402] PPP generic driver version 2.4.2
Aug  6 12:14:39 ubuntu kernel: [   12.192461] ehci_hcd: USB 2.0 'Enhanced' Host Controller (EHCI) Driver
Aug  6 12:14:39 ubuntu kernel: [   12.192464] ehci-pci: EHCI PCI platform driver
Aug  6 12:14:39 ubuntu kernel: [   12.192650] ehci-pci 0000:00:1d.0: EHCI Host Controller
Aug  6 12:14:39 ubuntu kernel: [   12.192656] ehci-pci 0000:00:1d.0: new USB bus registered, assigned bus number 1
Aug  6 12:14:39 ubuntu kernel: [   12.192668] ehci-pci 0000:00:1d.0: debug port 2
Aug  6 12:14:39 ubuntu kernel: [   12.196581] ehci-pci 0000:00:1d.0: cache line size of 64 is not supported
Aug  6 12:14:39 ubuntu kernel: [   12.196595] ehci-pci 0000:00:1d.0: irq 23, io mem 0xc361c000
Aug  6 12:14:39 ubuntu kernel: [   12.211661] ehci-pci 0000:00:1d.0: USB 2.0 started, EHCI 1.00
Aug  6 12:14:39 ubuntu kernel: [   12.211736] usb usb1: New USB device found, idVendor=1d6b, idProduct=0002, bcdDevice= 5.00
Aug  6 12:14:39 ubuntu kernel: [   12.211739] usb usb1: New USB device strings: Mfr=3, Product=2, SerialNumber=1
Aug  6 12:14:39 ubuntu kernel: [   12.211740] usb usb1: Product: EHCI Host Controller
Aug  6 12:14:39 ubuntu kernel: [   12.211742] usb usb1: Manufacturer: Linux 5.0.0-13-generic ehci_hcd
Aug  6 12:14:39 ubuntu kernel: [   12.211743] usb usb1: SerialNumber: 0000:00:1d.0
Aug  6 12:14:39 ubuntu kernel: [   12.212077] hub 1-0:1.0: USB hub found
Aug  6 12:14:39 ubuntu kernel: [   12.212084] hub 1-0:1.0: 2 ports detected
Aug  6 12:14:39 ubuntu kernel: [   12.212298] ehci-platform: EHCI generic platform driver
Aug  6 12:14:39 ubuntu kernel: [   12.212317] ohci_hcd: USB 1.1 'Open' Host Controller (OHCI) Driver
Aug  6 12:14:39 ubuntu kernel: [   12.212322] ohci-pci: OHCI PCI platform driver
Aug  6 12:14:39 ubuntu kernel: [   12.212334] ohci-platform: OHCI generic platform driver
Aug  6 12:14:39 ubuntu kernel: [   12.212343] uhci_hcd: USB Universal Host Controller Interface driver
Aug  6 12:14:39 ubuntu kernel: [   12.212542] xhci_hcd 0000:00:14.0: xHCI Host Controller
Aug  6 12:14:39 ubuntu kernel: [   12.212548] xhci_hcd 0000:00:14.0: new USB bus registered, assigned bus number 2
Aug  6 12:14:39 ubuntu kernel: [   12.213600] xhci_hcd 0000:00:14.0: hcc params 0x200077c1 hci version 0x100 quirks 0x000000000004b810
Aug  6 12:14:39 ubuntu kernel: [   12.213604] xhci_hcd 0000:00:14.0: cache line size of 64 is not supported
Aug  6 12:14:39 ubuntu kernel: [   12.213777] usb usb2: New USB device found, idVendor=1d6b, idProduct=0002, bcdDevice= 5.00
Aug  6 12:14:39 ubuntu kernel: [   12.213779] usb usb2: New USB device strings: Mfr=3, Product=2, SerialNumber=1
Aug  6 12:14:39 ubuntu kernel: [   12.213780] usb usb2: Product: xHCI Host Controller
Aug  6 12:14:39 ubuntu kernel: [   12.213782] usb usb2: Manufacturer: Linux 5.0.0-13-generic xhci-hcd
Aug  6 12:14:39 ubuntu kernel: [   12.213783] usb usb2: SerialNumber: 0000:00:14.0
Aug  6 12:14:39 ubuntu kernel: [   12.214014] hub 2-0:1.0: USB hub found
Aug  6 12:14:39 ubuntu kernel: [   12.214025] hub 2-0:1.0: 8 ports detected
Aug  6 12:14:39 ubuntu kernel: [   12.216188] xhci_hcd 0000:00:14.0: xHCI Host Controller
Aug  6 12:14:39 ubuntu kernel: [   12.216192] xhci_hcd 0000:00:14.0: new USB bus registered, assigned bus number 3
Aug  6 12:14:39 ubuntu kernel: [   12.216195] xhci_hcd 0000:00:14.0: Host supports USB 3.0  SuperSpeed
Aug  6 12:14:39 ubuntu kernel: [   12.216234] usb usb3: New USB device found, idVendor=1d6b, idProduct=0003, bcdDevice= 5.00
Aug  6 12:14:39 ubuntu kernel: [   12.216236] usb usb3: New USB device strings: Mfr=3, Product=2, SerialNumber=1
Aug  6 12:14:39 ubuntu kernel: [   12.216237] usb usb3: Product: xHCI Host Controller
Aug  6 12:14:39 ubuntu kernel: [   12.216238] usb usb3: Manufacturer: Linux 5.0.0-13-generic xhci-hcd
Aug  6 12:14:39 ubuntu kernel: [   12.216240] usb usb3: SerialNumber: 0000:00:14.0
Aug  6 12:14:39 ubuntu kernel: [   12.216470] hub 3-0:1.0: USB hub found
Aug  6 12:14:39 ubuntu kernel: [   12.216480] hub 3-0:1.0: 4 ports detected
Aug  6 12:14:39 ubuntu kernel: [   12.216749] usb: port power management may be unreliable
Aug  6 12:14:39 ubuntu kernel: [   12.217087] i8042: PNP: PS/2 Controller [PNP0303:PS2K,PNP0f13:PS2M] at 0x60,0x64 irq 1,12
Aug  6 12:14:39 ubuntu kernel: [   12.232016] serio: i8042 KBD port at 0x60,0x64 irq 1
Aug  6 12:14:39 ubuntu kernel: [   12.232021] serio: i8042 AUX port at 0x60,0x64 irq 12
Aug  6 12:14:39 ubuntu kernel: [   12.232353] mousedev: PS/2 mouse device common for all mice
Aug  6 12:14:39 ubuntu kernel: [   12.232695] rtc_cmos 00:01: RTC can wake from S4
Aug  6 12:14:39 ubuntu kernel: [   12.232852] rtc_cmos 00:01: registered as rtc0
Aug  6 12:14:39 ubuntu kernel: [   12.232872] rtc_cmos 00:01: alarms up to one month, 242 bytes nvram, hpet irqs
Aug  6 12:14:39 ubuntu kernel: [   12.232881] i2c /dev entries driver
Aug  6 12:14:39 ubuntu kernel: [   12.232989] device-mapper: uevent: version 1.0.3
Aug  6 12:14:39 ubuntu kernel: [   12.233061] device-mapper: ioctl: 4.39.0-ioctl (2018-04-03) initialised: dm-devel@redhat.com
Aug  6 12:14:39 ubuntu kernel: [   12.233088] platform eisa.0: Probing EISA bus 0
Aug  6 12:14:39 ubuntu kernel: [   12.233090] platform eisa.0: EISA: Cannot allocate resource for mainboard
Aug  6 12:14:39 ubuntu kernel: [   12.233092] platform eisa.0: Cannot allocate resource for EISA slot 1
Aug  6 12:14:39 ubuntu kernel: [   12.233093] platform eisa.0: Cannot allocate resource for EISA slot 2
Aug  6 12:14:39 ubuntu kernel: [   12.233094] platform eisa.0: Cannot allocate resource for EISA slot 3
Aug  6 12:14:39 ubuntu kernel: [   12.233095] platform eisa.0: Cannot allocate resource for EISA slot 4
Aug  6 12:14:39 ubuntu kernel: [   12.233097] platform eisa.0: Cannot allocate resource for EISA slot 5
Aug  6 12:14:39 ubuntu kernel: [   12.233098] platform eisa.0: Cannot allocate resource for EISA slot 6
Aug  6 12:14:39 ubuntu kernel: [   12.233099] platform eisa.0: Cannot allocate resource for EISA slot 7
Aug  6 12:14:39 ubuntu kernel: [   12.233100] platform eisa.0: Cannot allocate resource for EISA slot 8
Aug  6 12:14:39 ubuntu kernel: [   12.233102] platform eisa.0: EISA: Detected 0 cards
Aug  6 12:14:39 ubuntu kernel: [   12.233111] intel_pstate: Intel P-state driver initializing
Aug  6 12:14:39 ubuntu kernel: [   12.233303] ledtrig-cpu: registered to indicate activity on CPUs
Aug  6 12:14:39 ubuntu kernel: [   12.233306] EFI Variables Facility v0.08 2004-May-17
Aug  6 12:14:39 ubuntu kernel: [   12.248025] input: AT Translated Set 2 keyboard as /devices/platform/i8042/serio0/input/input3
Aug  6 12:14:39 ubuntu kernel: [   12.276877] NET: Registered protocol family 10
Aug  6 12:14:39 ubuntu kernel: [   12.284546] Segment Routing with IPv6
Aug  6 12:14:39 ubuntu kernel: [   12.284547] battery: ACPI: Battery Slot [BAT0] (battery present)
Aug  6 12:14:39 ubuntu kernel: [   12.284576] NET: Registered protocol family 17
Aug  6 12:14:39 ubuntu kernel: [   12.284636] Key type dns_resolver registered
Aug  6 12:14:39 ubuntu kernel: [   12.284913] RAS: Correctable Errors collector initialized.
Aug  6 12:14:39 ubuntu kernel: [   12.284957] microcode: sig=0x40651, pf=0x40, revision=0x24
Aug  6 12:14:39 ubuntu kernel: [   12.285011] microcode: Microcode Update Driver: v2.2.
Aug  6 12:14:39 ubuntu kernel: [   12.285024] sched_clock: Marking stable (12284564439, 442317)->(12309672287, -24665531)
Aug  6 12:14:39 ubuntu kernel: [   12.285302] registered taskstats version 1
Aug  6 12:14:39 ubuntu kernel: [   12.285312] Loading compiled-in X.509 certificates
Aug  6 12:14:39 ubuntu kernel: [   12.287674] Loaded X.509 cert 'Build time autogenerated kernel key: a91cf5411f714b0dcaaa6539e6139a929efd4f6a'
Aug  6 12:14:39 ubuntu kernel: [   12.288559] Couldn't get size: 0x800000000000000e
Aug  6 12:14:39 ubuntu kernel: [   12.288590] MODSIGN: Couldn't get UEFI db list
Aug  6 12:14:39 ubuntu kernel: [   12.289049] Couldn't get size: 0x800000000000000e
Aug  6 12:14:39 ubuntu kernel: [   12.289075] MODSIGN: Couldn't get UEFI MokListRT
Aug  6 12:14:39 ubuntu kernel: [   12.290038] zswap: loaded using pool lzo/zbud
Aug  6 12:14:39 ubuntu kernel: [   12.297605] Key type big_key registered
Aug  6 12:14:39 ubuntu kernel: [   12.297611] Key type trusted registered
Aug  6 12:14:39 ubuntu kernel: [   12.301107] Key type encrypted registered
Aug  6 12:14:39 ubuntu kernel: [   12.301111] AppArmor: AppArmor sha1 policy hashing enabled
Aug  6 12:14:39 ubuntu kernel: [   12.303352] ima: No TPM chip found, activating TPM-bypass!
Aug  6 12:14:39 ubuntu kernel: [   12.303359] ima: Allocated hash algorithm: sha1
Aug  6 12:14:39 ubuntu kernel: [   12.303366] No architecture policies found
Aug  6 12:14:39 ubuntu kernel: [   12.303378] evm: Initialising EVM extended attributes:
Aug  6 12:14:39 ubuntu kernel: [   12.303379] evm: security.selinux
Aug  6 12:14:39 ubuntu kernel: [   12.303380] evm: security.SMACK64
Aug  6 12:14:39 ubuntu kernel: [   12.303380] evm: security.SMACK64EXEC
Aug  6 12:14:39 ubuntu kernel: [   12.303381] evm: security.SMACK64TRANSMUTE
Aug  6 12:14:39 ubuntu kernel: [   12.303382] evm: security.SMACK64MMAP
Aug  6 12:14:39 ubuntu kernel: [   12.303382] evm: security.apparmor
Aug  6 12:14:39 ubuntu kernel: [   12.303383] evm: security.ima
Aug  6 12:14:39 ubuntu kernel: [   12.303383] evm: security.capability
Aug  6 12:14:39 ubuntu kernel: [   12.303385] evm: HMAC attrs: 0x1
Aug  6 12:14:39 ubuntu kernel: [   12.304157]   Magic number: 15:900:227
Aug  6 12:14:39 ubuntu kernel: [   12.304225] acpi PNP0200:00: hash matches
Aug  6 12:14:39 ubuntu kernel: [   12.304301] rtc_cmos 00:01: setting system clock to 2019-08-06T12:14:22 UTC (1565093662)
Aug  6 12:14:39 ubuntu kernel: [   12.306085] Freeing unused decrypted memory: 2040K
Aug  6 12:14:39 ubuntu kernel: [   12.306665] Freeing unused kernel image memory: 2576K
Aug  6 12:14:39 ubuntu kernel: [   12.327638] Write protecting the kernel read-only data: 22528k
Aug  6 12:14:39 ubuntu kernel: [   12.328280] Freeing unused kernel image memory: 2016K
Aug  6 12:14:39 ubuntu kernel: [   12.328704] Freeing unused kernel image memory: 1852K
Aug  6 12:14:39 ubuntu kernel: [   12.344460] x86/mm: Checked W+X mappings: passed, no W+X pages found.
Aug  6 12:14:39 ubuntu kernel: [   12.344462] x86/mm: Checking user space page tables
Aug  6 12:14:39 ubuntu kernel: [   12.359810] x86/mm: Checked W+X mappings: passed, no W+X pages found.
Aug  6 12:14:39 ubuntu kernel: [   12.359812] Run /init as init process
Aug  6 12:14:39 ubuntu kernel: [   12.464116] wmi_bus wmi_bus-PNP0C14:00: WQ data block query control method not found
Aug  6 12:14:39 ubuntu kernel: [   12.464120] wmi_bus wmi_bus-PNP0C14:00: WQ data block query control method not found
Aug  6 12:14:39 ubuntu kernel: [   12.464124] wmi_bus wmi_bus-PNP0C14:00: WQ data block query control method not found
Aug  6 12:14:39 ubuntu kernel: [   12.464127] wmi_bus wmi_bus-PNP0C14:00: WQ data block query control method not found
Aug  6 12:14:39 ubuntu kernel: [   12.485651] ACPI: watchdog: Skipping WDAT on this system because it uses RTC SRAM
Aug  6 12:14:39 ubuntu kernel: [   12.502613] libphy: r8169: probed
Aug  6 12:14:39 ubuntu kernel: [   12.502989] r8169 0000:01:00.0 eth0: RTL8168g/8111g, 28:d2:44:ae:88:c3, XID 509, IRQ 44
Aug  6 12:14:39 ubuntu kernel: [   12.502993] r8169 0000:01:00.0 eth0: jumbo features [frames: 9200 bytes, tx checksumming: ko]
Aug  6 12:14:39 ubuntu kernel: [   12.508195] ahci 0000:00:1f.2: version 3.0
Aug  6 12:14:39 ubuntu kernel: [   12.508524] ahci 0000:00:1f.2: SSS flag set, parallel bus scan disabled
Aug  6 12:14:39 ubuntu kernel: [   12.508550] ahci 0000:00:1f.2: AHCI 0001.0300 32 slots 2 ports 6 Gbps 0x3 impl SATA mode
Aug  6 12:14:39 ubuntu kernel: [   12.508553] i801_smbus 0000:00:1f.3: SPD Write Disable is set
Aug  6 12:14:39 ubuntu kernel: [   12.508556] ahci 0000:00:1f.2: flags: 64bit ncq stag pm led clo only pio slum part deso sadm sds apst 
Aug  6 12:14:39 ubuntu kernel: [   12.508579] i801_smbus 0000:00:1f.3: SMBus using PCI interrupt
Aug  6 12:14:39 ubuntu kernel: [   12.509408] scsi host0: ahci
Aug  6 12:14:39 ubuntu kernel: [   12.513480] scsi host1: ahci
Aug  6 12:14:39 ubuntu kernel: [   12.513613] ata1: SATA max UDMA/133 abar m2048@0xc361b000 port 0xc361b100 irq 45
Aug  6 12:14:39 ubuntu kernel: [   12.513616] ata2: SATA max UDMA/133 abar m2048@0xc361b000 port 0xc361b180 irq 45
Aug  6 12:14:39 ubuntu kernel: [   12.539629] r8169 0000:01:00.0 enp1s0: renamed from eth0
Aug  6 12:14:39 ubuntu kernel: [   12.551615] usb 1-1: new high-speed USB device number 2 using ehci-pci
Aug  6 12:14:39 ubuntu kernel: [   12.551638] usb 2-2: new high-speed USB device number 2 using xhci_hcd
Aug  6 12:14:39 ubuntu kernel: [   12.554227] VFIO - User Level meta-driver version: 0.3
Aug  6 12:14:39 ubuntu kernel: [   12.571094] ACPI Warning: \_SB.PCI0.GFX0._DSM: Argument #4 type mismatch - Found [Buffer], ACPI requires [Package] (20181213/nsarguments-66)
Aug  6 12:14:39 ubuntu kernel: [   12.571578] pci 0000:00:02.0: optimus capabilities: enabled, status dynamic power, hda bios codec supported
Aug  6 12:14:39 ubuntu kernel: [   12.571661] ACPI Warning: \_SB.PCI0.RP05.PEGP._DSM: Argument #4 type mismatch - Found [Buffer], ACPI requires [Package] (20181213/nsarguments-66)
Aug  6 12:14:39 ubuntu kernel: [   12.572061] pci 0000:03:00.0: optimus capabilities: enabled, status dynamic power, hda bios codec supported
Aug  6 12:14:39 ubuntu kernel: [   12.572065] VGA switcheroo: detected Optimus DSM method \_SB_.PCI0.RP05.PEGP handle
Aug  6 12:14:39 ubuntu kernel: [   12.572098] nouveau 0000:03:00.0: enabling device (0006 -> 0007)
Aug  6 12:14:39 ubuntu kernel: [   12.572263] checking generic (d0000000 410000) vs hw (b0000000 10000000)
Aug  6 12:14:39 ubuntu kernel: [   12.572265] checking generic (d0000000 410000) vs hw (c0000000 2000000)
Aug  6 12:14:39 ubuntu kernel: [   12.572328] nouveau 0000:03:00.0: NVIDIA GF117 (0d7000a2)
Aug  6 12:14:39 ubuntu kernel: [   12.598472] checking generic (d0000000 410000) vs hw (d0000000 10000000)
Aug  6 12:14:39 ubuntu kernel: [   12.598474] fb0: switching to inteldrmfb from EFI VGA
Aug  6 12:14:39 ubuntu kernel: [   12.598507] Console: switching to colour dummy device 80x25
Aug  6 12:14:39 ubuntu kernel: [   12.598694] [drm] Replacing VGA console driver
Aug  6 12:14:39 ubuntu kernel: [   12.614054] [drm] Supports vblank timestamp caching Rev 2 (21.10.2013).
Aug  6 12:14:39 ubuntu kernel: [   12.614055] [drm] Driver supports precise vblank timestamp query.
Aug  6 12:14:39 ubuntu kernel: [   12.617598] i915 0000:00:02.0: vgaarb: changed VGA decodes: olddecodes=io+mem,decodes=io+mem:owns=io+mem
Aug  6 12:14:39 ubuntu kernel: [   12.622513] nouveau 0000:03:00.0: bios: version 75.17.79.00.0f
Aug  6 12:14:39 ubuntu kernel: [   12.700298] usb 2-2: New USB device found, idVendor=18a5, idProduct=0302, bcdDevice= 1.00
Aug  6 12:14:39 ubuntu kernel: [   12.700300] usb 2-2: New USB device strings: Mfr=1, Product=2, SerialNumber=3
Aug  6 12:14:39 ubuntu kernel: [   12.700302] usb 2-2: Product: STORE N GO                    
Aug  6 12:14:39 ubuntu kernel: [   12.700304] usb 2-2: Manufacturer: Verbatim                      
Aug  6 12:14:39 ubuntu kernel: [   12.700305] usb 2-2: SerialNumber: 041010000050AA6F
Aug  6 12:14:39 ubuntu kernel: [   12.705736] nouveau 0000:03:00.0: fb: 2048 MiB DDR3
Aug  6 12:14:39 ubuntu kernel: [   12.708001] usb 1-1: New USB device found, idVendor=8087, idProduct=8000, bcdDevice= 0.04
Aug  6 12:14:39 ubuntu kernel: [   12.708004] usb 1-1: New USB device strings: Mfr=0, Product=0, SerialNumber=0
Aug  6 12:14:39 ubuntu kernel: [   12.708273] hub 1-1:1.0: USB hub found
Aug  6 12:14:39 ubuntu kernel: [   12.708375] hub 1-1:1.0: 8 ports detected
Aug  6 12:14:39 ubuntu kernel: [   12.715271] [drm] Initialized i915 1.6.0 20181204 for 0000:00:02.0 on minor 0
Aug  6 12:14:39 ubuntu kernel: [   12.718138] [Firmware Bug]: ACPI(PEGP) defines _DOD but not _DOS
Aug  6 12:14:39 ubuntu kernel: [   12.719175] ACPI: Video Device [PEGP] (multi-head: yes  rom: yes  post: no)
Aug  6 12:14:39 ubuntu kernel: [   12.719189] ACPI BIOS Error (bug): Could not resolve [\_SB.PCI0.GFX0.DD02._BCL], AE_NOT_FOUND (20181213/psargs-330)
Aug  6 12:14:39 ubuntu kernel: [   12.719210] No Local Variables are initialized for Method [_BCL]
Aug  6 12:14:39 ubuntu kernel: [   12.719213] No Arguments are initialized for method [_BCL]
Aug  6 12:14:39 ubuntu kernel: [   12.719216] ACPI Error: Method parse/execution failed \_SB.PCI0.RP05.PEGP.DD02._BCL, AE_NOT_FOUND (20181213/psparse-531)
Aug  6 12:14:39 ubuntu kernel: [   12.719667] input: Video Bus as /devices/LNXSYSTM:00/LNXSYBUS:00/PNP0A08:00/device:31/LNXVIDEO:00/input/input6
Aug  6 12:14:39 ubuntu kernel: [   12.726047] nouveau 0000:03:00.0: volt: couldn't find speedo value, volting not possible
Aug  6 12:14:39 ubuntu kernel: [   12.726061] nouveau 0000:03:00.0: bus: MMIO write of 8000001f FAULT at 6013d4 [ IBUS ]
Aug  6 12:14:39 ubuntu kernel: [   12.728005] ACPI: Video Device [GFX0] (multi-head: yes  rom: no  post: no)
Aug  6 12:14:39 ubuntu kernel: [   12.728324] input: Video Bus as /devices/LNXSYSTM:00/LNXSYBUS:00/PNP0A08:00/LNXVIDEO:01/input/input7
Aug  6 12:14:39 ubuntu kernel: [   12.732299] fbcon: inteldrmfb (fb0) is primary device
Aug  6 12:14:39 ubuntu kernel: [   12.763891] vga_switcheroo: enabled
Aug  6 12:14:39 ubuntu kernel: [   12.764013] [TTM] Zone  kernel: Available graphics memory: 6091650 kiB
Aug  6 12:14:39 ubuntu kernel: [   12.764014] [TTM] Zone   dma32: Available graphics memory: 2097152 kiB
Aug  6 12:14:39 ubuntu kernel: [   12.764015] [TTM] Initializing pool allocator
Aug  6 12:14:39 ubuntu kernel: [   12.764020] [TTM] Initializing DMA pool allocator
Aug  6 12:14:39 ubuntu kernel: [   12.764036] nouveau 0000:03:00.0: DRM: VRAM: 2048 MiB
Aug  6 12:14:39 ubuntu kernel: [   12.764038] nouveau 0000:03:00.0: DRM: GART: 1048576 MiB
Aug  6 12:14:39 ubuntu kernel: [   12.764041] nouveau 0000:03:00.0: DRM: Pointer to TMDS table invalid
Aug  6 12:14:39 ubuntu kernel: [   12.764043] nouveau 0000:03:00.0: DRM: DCB version 4.0
Aug  6 12:14:39 ubuntu kernel: [   12.765789] nouveau 0000:03:00.0: DRM: MM: using COPY0 for buffer copies
Aug  6 12:14:39 ubuntu kernel: [   12.765937] [drm] Initialized nouveau 1.3.1 20120801 for 0000:03:00.0 on minor 1
Aug  6 12:14:39 ubuntu kernel: [   12.826213] ata1: SATA link up 6.0 Gbps (SStatus 133 SControl 300)
Aug  6 12:14:39 ubuntu kernel: [   12.827446] ata1.00: ATA-9: KINGSTON SHSS37A960G, SAFM001B, max UDMA/133
Aug  6 12:14:39 ubuntu kernel: [   12.827449] ata1.00: 1875385008 sectors, multi 0: LBA48 NCQ (depth 32), AA
Aug  6 12:14:39 ubuntu kernel: [   12.827614] usb 2-3: new full-speed USB device number 3 using xhci_hcd
Aug  6 12:14:39 ubuntu kernel: [   12.827756] ata1.00: configured for UDMA/133
Aug  6 12:14:39 ubuntu kernel: [   12.827965] scsi 0:0:0:0: Direct-Access     ATA      KINGSTON SHSS37A 001B PQ: 0 ANSI: 5
Aug  6 12:14:39 ubuntu kernel: [   12.828219] sd 0:0:0:0: Attached scsi generic sg0 type 0
Aug  6 12:14:39 ubuntu kernel: [   12.828299] sd 0:0:0:0: [sda] 1875385008 512-byte logical blocks: (960 GB/894 GiB)
Aug  6 12:14:39 ubuntu kernel: [   12.828316] sd 0:0:0:0: [sda] Write Protect is off
Aug  6 12:14:39 ubuntu kernel: [   12.828319] sd 0:0:0:0: [sda] Mode Sense: 00 3a 00 00
Aug  6 12:14:39 ubuntu kernel: [   12.828353] sd 0:0:0:0: [sda] Write cache: enabled, read cache: enabled, doesn't support DPO or FUA
Aug  6 12:14:39 ubuntu kernel: [   12.828998]  sda: sda1 sda2 sda3
Aug  6 12:14:39 ubuntu kernel: [   12.829537] sd 0:0:0:0: [sda] Attached SCSI disk
Aug  6 12:14:39 ubuntu kernel: [   12.977088] usb 2-3: New USB device found, idVendor=046d, idProduct=c07d, bcdDevice=88.02
Aug  6 12:14:39 ubuntu kernel: [   12.977091] usb 2-3: New USB device strings: Mfr=1, Product=2, SerialNumber=3
Aug  6 12:14:39 ubuntu kernel: [   12.977092] usb 2-3: Product: Gaming Mouse G502
Aug  6 12:14:39 ubuntu kernel: [   12.977094] usb 2-3: Manufacturer: Logitech
Aug  6 12:14:39 ubuntu kernel: [   12.977095] usb 2-3: SerialNumber: 136734573738
Aug  6 12:14:39 ubuntu kernel: [   13.103679] usb 2-4: new high-speed USB device number 4 using xhci_hcd
Aug  6 12:14:39 ubuntu kernel: [   13.135679] tsc: Refined TSC clocksource calibration: 1696.074 MHz
Aug  6 12:14:39 ubuntu kernel: [   13.135693] clocksource: tsc: mask: 0xffffffffffffffff max_cycles: 0x1872aa7eed8, max_idle_ns: 440795242723 ns
Aug  6 12:14:39 ubuntu kernel: [   13.135726] clocksource: Switched to clocksource tsc
Aug  6 12:14:39 ubuntu kernel: [   13.143182] ata2: SATA link up 1.5 Gbps (SStatus 113 SControl 300)
Aug  6 12:14:39 ubuntu kernel: [   13.148121] ata2.00: ATAPI: PLDS    DVD-RW DA8A5SH, RL61, max UDMA/100
Aug  6 12:14:39 ubuntu kernel: [   13.154642] ata2.00: configured for UDMA/100
Aug  6 12:14:39 ubuntu kernel: [   13.173830] psmouse serio1: elantech: assuming hardware version 4 (with firmware version 0x694f03)
Aug  6 12:14:39 ubuntu kernel: [   13.181004] scsi 1:0:0:0: CD-ROM            PLDS     DVD-RW DA8A5SH   RL61 PQ: 0 ANSI: 5
Aug  6 12:14:39 ubuntu kernel: [   13.189895] psmouse serio1: elantech: Synaptics capabilities query result 0x70, 0x12, 0x09.
Aug  6 12:14:39 ubuntu kernel: [   13.206283] psmouse serio1: elantech: Elan sample query result 05, 21, a7
Aug  6 12:14:39 ubuntu kernel: [   13.241144] sr 1:0:0:0: [sr0] scsi3-mmc drive: 24x/24x writer dvd-ram cd/rw xa/form2 cdda tray
Aug  6 12:14:39 ubuntu kernel: [   13.241146] cdrom: Uniform CD-ROM driver Revision: 3.20
Aug  6 12:14:39 ubuntu kernel: [   13.241501] sr 1:0:0:0: Attached scsi CD-ROM sr0
Aug  6 12:14:39 ubuntu kernel: [   13.241617] sr 1:0:0:0: Attached scsi generic sg1 type 5
Aug  6 12:14:39 ubuntu kernel: [   13.252042] usb 2-4: New USB device found, idVendor=0bda, idProduct=0129, bcdDevice=39.60
Aug  6 12:14:39 ubuntu kernel: [   13.252045] usb 2-4: New USB device strings: Mfr=1, Product=2, SerialNumber=3
Aug  6 12:14:39 ubuntu kernel: [   13.252046] usb 2-4: Product: USB2.0-CRW
Aug  6 12:14:39 ubuntu kernel: [   13.252047] usb 2-4: Manufacturer: Generic
Aug  6 12:14:39 ubuntu kernel: [   13.252049] usb 2-4: SerialNumber: 20100201396000000
Aug  6 12:14:39 ubuntu kernel: [   13.298697] input: ETPS/2 Elantech Touchpad as /devices/platform/i8042/serio1/input/input5
Aug  6 12:14:39 ubuntu kernel: [   13.379682] usb 2-6: new high-speed USB device number 5 using xhci_hcd
Aug  6 12:14:39 ubuntu kernel: [   13.547061] usb 2-6: New USB device found, idVendor=174f, idProduct=14b2, bcdDevice=11.27
Aug  6 12:14:39 ubuntu kernel: [   13.547063] usb 2-6: New USB device strings: Mfr=3, Product=1, SerialNumber=2
Aug  6 12:14:39 ubuntu kernel: [   13.547065] usb 2-6: Product: Lenovo EasyCamera
Aug  6 12:14:39 ubuntu kernel: [   13.547066] usb 2-6: Manufacturer: Generic
Aug  6 12:14:39 ubuntu kernel: [   13.547067] usb 2-6: SerialNumber: 200901010001
Aug  6 12:14:39 ubuntu kernel: [   13.675679] usb 2-7: new full-speed USB device number 6 using xhci_hcd
Aug  6 12:14:39 ubuntu kernel: [   13.824776] usb 2-7: New USB device found, idVendor=0cf3, idProduct=3004, bcdDevice= 0.01
Aug  6 12:14:39 ubuntu kernel: [   13.824779] usb 2-7: New USB device strings: Mfr=0, Product=0, SerialNumber=0
Aug  6 12:14:39 ubuntu kernel: [   13.833910] usbcore: registered new interface driver rtsx_usb
Aug  6 12:14:39 ubuntu kernel: [   13.834220] hidraw: raw HID events driver (C) Jiri Kosina
Aug  6 12:14:39 ubuntu kernel: [   13.835768] usb-storage 2-2:1.0: USB Mass Storage device detected
Aug  6 12:14:39 ubuntu kernel: [   13.836904] scsi host2: usb-storage 2-2:1.0
Aug  6 12:14:39 ubuntu kernel: [   13.837086] usbcore: registered new interface driver usb-storage
Aug  6 12:14:39 ubuntu kernel: [   13.839686] usbcore: registered new interface driver usbhid
Aug  6 12:14:39 ubuntu kernel: [   13.839687] usbhid: USB HID core driver
Aug  6 12:14:39 ubuntu kernel: [   13.839741] usbcore: registered new interface driver uas
Aug  6 12:14:39 ubuntu kernel: [   13.843016] input: Logitech Gaming Mouse G502 as /devices/pci0000:00/0000:00:14.0/usb2/2-3/2-3:1.0/0003:046D:C07D.0001/input/input8
Aug  6 12:14:39 ubuntu kernel: [   13.843150] hid-generic 0003:046D:C07D.0001: input,hidraw0: USB HID v1.11 Mouse [Logitech Gaming Mouse G502] on usb-0000:00:14.0-3/input0
Aug  6 12:14:39 ubuntu kernel: [   13.843473] input: Logitech Gaming Mouse G502 Keyboard as /devices/pci0000:00/0000:00:14.0/usb2/2-3/2-3:1.1/0003:046D:C07D.0002/input/input9
Aug  6 12:14:39 ubuntu kernel: [   13.855755] Console: switching to colour frame buffer device 170x48
Aug  6 12:14:39 ubuntu kernel: [   13.874155] i915 0000:00:02.0: fb0: inteldrmfb frame buffer device
Aug  6 12:14:39 ubuntu kernel: [   13.899815] input: Logitech Gaming Mouse G502 Consumer Control as /devices/pci0000:00/0000:00:14.0/usb2/2-3/2-3:1.1/0003:046D:C07D.0002/input/input10
Aug  6 12:14:39 ubuntu kernel: [   13.899899] input: Logitech Gaming Mouse G502 System Control as /devices/pci0000:00/0000:00:14.0/usb2/2-3/2-3:1.1/0003:046D:C07D.0002/input/input11
Aug  6 12:14:39 ubuntu kernel: [   13.900060] hid-generic 0003:046D:C07D.0002: input,hiddev0,hidraw1: USB HID v1.11 Keyboard [Logitech Gaming Mouse G502] on usb-0000:00:14.0-3/input1
Aug  6 12:14:39 ubuntu kernel: [   14.864569] scsi 2:0:0:0: Direct-Access     Verbatim STORE N GO       1.00 PQ: 0 ANSI: 2
Aug  6 12:14:39 ubuntu kernel: [   14.864878] sd 2:0:0:0: Attached scsi generic sg2 type 0
Aug  6 12:14:39 ubuntu kernel: [   14.865268] sd 2:0:0:0: [sdb] 15669248 512-byte logical blocks: (8.02 GB/7.47 GiB)
Aug  6 12:14:39 ubuntu kernel: [   14.865505] sd 2:0:0:0: [sdb] Write Protect is off
Aug  6 12:14:39 ubuntu kernel: [   14.865508] sd 2:0:0:0: [sdb] Mode Sense: 03 00 00 00
Aug  6 12:14:39 ubuntu kernel: [   14.865779] sd 2:0:0:0: [sdb] No Caching mode page found
Aug  6 12:14:39 ubuntu kernel: [   14.865786] sd 2:0:0:0: [sdb] Assuming drive cache: write through
Aug  6 12:14:39 ubuntu kernel: [   14.879236]  sdb: sdb1
Aug  6 12:14:39 ubuntu kernel: [   14.881629] sd 2:0:0:0: [sdb] Attached SCSI removable disk
Aug  6 12:14:39 ubuntu kernel: [   25.791069] ACPI: \_SB_.PCI0.RP05.PEGP: failed to evaluate _DSM
Aug  6 12:14:39 ubuntu kernel: [   26.733941] systemd[1]: Inserted module 'autofs4'
Aug  6 12:14:39 ubuntu kernel: [   26.842797] systemd[1]: systemd 240 running in system mode. (+PAM +AUDIT +SELINUX +IMA +APPARMOR +SMACK +SYSVINIT +UTMP +LIBCRYPTSETUP +GCRYPT +GNUTLS +ACL +XZ +LZ4 +SECCOMP +BLKID +ELFUTILS +KMOD -IDN2 +IDN -PCRE2 default-hierarchy=hybrid)
Aug  6 12:14:39 ubuntu kernel: [   26.859765] systemd[1]: Detected architecture x86-64.
Aug  6 12:14:39 ubuntu kernel: [   26.863162] systemd[1]: Set hostname to <ubuntu>.
Aug  6 12:14:39 ubuntu kernel: [   26.863469] systemd[1]: Initializing machine ID from random generator.
Aug  6 12:14:39 ubuntu kernel: [   27.093841] systemd[1]: /lib/systemd/system/spice-vdagentd.service:8: PIDFile= references path below legacy directory /var/run/, updating /var/run/spice-vdagentd/spice-vdagentd.pid → /run/spice-vdagentd/spice-vdagentd.pid; please update the unit file accordingly.
Aug  6 12:14:39 ubuntu kernel: [   27.095721] systemd[1]: cdrom.mount: Unit is bound to inactive unit dev-sdb1.device. Stopping, too.
Aug  6 12:14:39 ubuntu kernel: [   27.098464] systemd[1]: Listening on LVM2 poll daemon socket.
Aug  6 12:14:39 ubuntu kernel: [   27.099713] systemd[1]: Created slice User and Session Slice.
Aug  6 12:14:39 ubuntu kernel: [   27.099861] systemd[1]: Listening on udev Control Socket.
Aug  6 12:14:39 ubuntu kernel: [   27.100102] systemd[1]: Set up automount Arbitrary Executable File Formats File System Automount Point.
Aug  6 12:14:39 ubuntu kernel: [   27.102970] systemd[1045]: cdrom.mount: Failed to connect stdout to the journal socket, ignoring: No such file or directory
Aug  6 12:14:39 ubuntu kernel: [   27.293559] systemd-journald[1047]: Received request to flush runtime journal from PID 1
Aug  6 12:14:39 ubuntu kernel: [   27.411560] lp: driver loaded but no devices found
Aug  6 12:14:39 ubuntu kernel: [   27.429731] ppdev: user-space parallel port driver
Aug  6 12:14:39 ubuntu kernel: [   28.628825] RAPL PMU: API unit is 2^-32 Joules, 4 fixed counters, 655360 ms ovfl timer
Aug  6 12:14:39 ubuntu kernel: [   28.628828] RAPL PMU: hw unit of domain pp0-core 2^-14 Joules
Aug  6 12:14:39 ubuntu kernel: [   28.628829] RAPL PMU: hw unit of domain package 2^-14 Joules
Aug  6 12:14:39 ubuntu kernel: [   28.628830] RAPL PMU: hw unit of domain dram 2^-14 Joules
Aug  6 12:14:39 ubuntu kernel: [   28.628832] RAPL PMU: hw unit of domain pp1-gpu 2^-14 Joules
Aug  6 12:14:39 ubuntu kernel: [   29.042787] input: Ideapad extra buttons as /devices/pci0000:00/0000:00:1f.0/PNP0C09:00/VPC2004:00/input/input14
Aug  6 12:14:39 ubuntu apport[1171]:    ...done.
Aug  6 12:14:39 ubuntu systemd[1]: Started LSB: automatic crash report generation.
Aug  6 12:14:39 ubuntu systemd[1]: gpu-manager.service: Succeeded.
Aug  6 12:14:39 ubuntu systemd[1]: Started Detect the available GPUs and deal with any system changes.
Aug  6 12:14:39 ubuntu systemd[1]: Started Raise network interfaces.
Aug  6 12:14:39 ubuntu kernel: [   29.300356] cryptd: max_cpu_qlen set to 1000
Aug  6 12:14:39 ubuntu ModemManager[1137]: <info>  ModemManager (version 1.10.0) starting in system bus...
Aug  6 12:14:39 ubuntu polkitd[1227]: started daemon version 0.105 using authority implementation `local' version `0.105'
Aug  6 12:14:39 ubuntu systemd-resolved[1124]: Positive Trust Anchors:
Aug  6 12:14:39 ubuntu dbus-daemon[1131]: [system] Successfully activated service 'org.freedesktop.PolicyKit1'
Aug  6 12:14:39 ubuntu systemd-resolved[1124]: . IN DS 19036 8 2 49aac11d7b6f6446702e54a1607371607a1a41855200fd2ce1cdde32f24e8fb5
Aug  6 12:14:39 ubuntu systemd-resolved[1124]: . IN DS 20326 8 2 e06d44b80b8f1d39a95c0b0d7c65d08458e880409bbc683457104237c7f8ec8d
Aug  6 12:14:39 ubuntu systemd-resolved[1124]: Negative trust anchors: 10.in-addr.arpa 16.172.in-addr.arpa 17.172.in-addr.arpa 18.172.in-addr.arpa 19.172.in-addr.arpa 20.172.in-addr.arpa 21.172.in-addr.arpa 22.172.in-addr.arpa 23.172.in-addr.arpa 24.172.in-addr.arpa 25.172.in-addr.arpa 26.172.in-addr.arpa 27.172.in-addr.arpa 28.172.in-addr.arpa 29.172.in-addr.arpa 30.172.in-addr.arpa 31.172.in-addr.arpa 168.192.in-addr.arpa d.f.ip6.arpa corp home internal intranet lan local private test
Aug  6 12:14:39 ubuntu systemd-resolved[1124]: Using system hostname 'ubuntu'.
Aug  6 12:14:39 ubuntu thermald[1169]: NO RAPL sysfs present
Aug  6 12:14:39 ubuntu thermald[1169]: 13 CPUID levels; family:model:stepping 0x6:45:1 (6:69:1)
Aug  6 12:14:39 ubuntu thermald[1169]: Polling mode is enabled: 4
Aug  6 12:14:39 ubuntu systemd[1]: Started Thermal Daemon Service.
Aug  6 12:14:39 ubuntu thermald[1169]: Thermal DTS: No coretemp sysfs found
Aug  6 12:14:39 ubuntu thermald[1169]: sensor id 0 : No temp sysfs for reading raw temp
Aug  6 12:14:39 ubuntu thermald[1169]: message repeated 2 times: [ sensor id 0 : No temp sysfs for reading raw temp]
Aug  6 12:14:39 ubuntu systemd[1]: Started Authorization Manager.
Aug  6 12:14:39 ubuntu accounts-daemon[1138]: started daemon version 0.6.50
Aug  6 12:14:39 ubuntu systemd[1]: Started Accounts Service.
Aug  6 12:14:39 ubuntu avahi-daemon[1150]: Server startup complete. Host name is ubuntu.local. Local service cookie is 4060921700.
Aug  6 12:14:39 ubuntu systemd[1]: Started Network Name Resolution.
Aug  6 12:14:39 ubuntu systemd[1]: Reached target Host and Network Name Lookups.
Aug  6 12:14:39 ubuntu systemd[1]: Started WPA supplicant.
Aug  6 12:14:39 ubuntu wpa_supplicant[1135]: Successfully initialized wpa_supplicant
Aug  6 12:14:39 ubuntu kernel: [   29.653264] AVX2 version of gcm_enc/dec engaged.
Aug  6 12:14:39 ubuntu kernel: [   29.653267] AES CTR mode by8 optimization enabled
Aug  6 12:14:39 ubuntu systemd-udevd[1099]: Using default interface naming scheme 'v240'.
Aug  6 12:14:39 ubuntu udisksd[1134]: failed to load module mdraid: libbd_mdraid.so.2: cannot open shared object file: No such file or directory
Aug  6 12:14:39 ubuntu systemd[1]: Created slice system-systemd\x2dbacklight.slice.
Aug  6 12:14:39 ubuntu systemd[1]: Starting Load/Save Screen Backlight Brightness of backlight:intel_backlight...
Aug  6 12:14:39 ubuntu systemd[1]: Started Load/Save Screen Backlight Brightness of backlight:intel_backlight.
Aug  6 12:14:39 ubuntu systemd[1]: Started Load/Save RF Kill Switch Status.
