Oct 21 23:35:04 proveloz-z40 kernel: [   11.847338] usb 2-7: New USB device found, idVendor=0cf3, idProduct=3004, bcdDevice= 0.02
Oct 21 23:35:04 proveloz-z40 kernel: [   11.847341] usb 2-7: New USB device strings: Mfr=0, Product=0, SerialNumber=0
Oct 21 23:35:05 proveloz-z40 kernel: [   12.147565] Bluetooth: BNEP (Ethernet Emulation) ver 1.3
Oct 21 23:35:05 proveloz-z40 kernel: [   12.147567] Bluetooth: BNEP filters: protocol multicast
Oct 21 23:35:05 proveloz-z40 kernel: [   12.147572] Bluetooth: BNEP socket layer initialized
Oct 21 23:35:05 proveloz-z40 kernel: [   12.245085] wlp2s0: authenticate with fc:b4:e6:da:3f:68
Oct 21 23:35:05 proveloz-z40 kernel: [   12.257741] wlp2s0: send auth to fc:b4:e6:da:3f:68 (try 1/3)
Oct 21 23:35:05 proveloz-z40 kernel: [   12.259862] wlp2s0: authenticated
Oct 21 23:35:05 proveloz-z40 kernel: [   12.262326] wlp2s0: associate with fc:b4:e6:da:3f:68 (try 1/3)
Oct 21 23:35:05 proveloz-z40 kernel: [   12.269340] wlp2s0: RX AssocResp from fc:b4:e6:da:3f:68 (capab=0x411 status=0 aid=4)
Oct 21 23:35:05 proveloz-z40 kernel: [   12.269495] wlp2s0: associated
Oct 21 23:35:05 proveloz-z40 kernel: [   12.561297] IPv6: ADDRCONF(NETDEV_CHANGE): wlp2s0: link becomes ready
Oct 21 23:36:24 proveloz-z40 kernel: [    0.000000] microcode: microcode updated early to revision 0x25, date = 2019-02-26
Oct 21 23:36:24 proveloz-z40 kernel: [    0.000000] Linux version 5.0.0-31-generic (buildd@lcy01-amd64-010) (gcc version 8.3.0 (Ubuntu 8.3.0-6ubuntu1)) #33-Ubuntu SMP Mon Sep 30 18:51:59 UTC 2019 (Ubuntu 5.0.0-31.33-generic 5.0.21)
Oct 21 23:36:24 proveloz-z40 kernel: [    0.000000] Command line: BOOT_IMAGE=/boot/vmlinuz-5.0.0-31-generic root=UUID=d9690e65-40c9-4e64-89ca-9ad20828ebac ro quiet splash vt.handoff=1
Oct 21 23:36:24 proveloz-z40 kernel: [    0.000000] KERNEL supported cpus:
Oct 21 23:36:24 proveloz-z40 kernel: [    0.000000]   Intel GenuineIntel
Oct 21 23:36:24 proveloz-z40 kernel: [    0.000000]   AMD AuthenticAMD
Oct 21 23:36:24 proveloz-z40 kernel: [    0.000000]   Hygon HygonGenuine
Oct 21 23:36:24 proveloz-z40 kernel: [    0.000000]   Centaur CentaurHauls
Oct 21 23:36:24 proveloz-z40 kernel: [    0.000000] x86/fpu: Supporting XSAVE feature 0x001: 'x87 floating point registers'
Oct 21 23:36:24 proveloz-z40 kernel: [    0.000000] x86/fpu: Supporting XSAVE feature 0x002: 'SSE registers'
Oct 21 23:36:24 proveloz-z40 kernel: [    0.000000] x86/fpu: Supporting XSAVE feature 0x004: 'AVX registers'
Oct 21 23:36:24 proveloz-z40 kernel: [    0.000000] x86/fpu: xstate_offset[2]:  576, xstate_sizes[2]:  256
Oct 21 23:36:24 proveloz-z40 kernel: [    0.000000] x86/fpu: Enabled xstate features 0x7, context size is 832 bytes, using 'standard' format.
Oct 21 23:36:24 proveloz-z40 kernel: [    0.000000] BIOS-provided physical RAM map:
Oct 21 23:36:24 proveloz-z40 kernel: [    0.000000] BIOS-e820: [mem 0x0000000000000000-0x000000000006efff] usable
Oct 21 23:36:24 proveloz-z40 kernel: [    0.000000] BIOS-e820: [mem 0x000000000006f000-0x000000000006ffff] reserved
Oct 21 23:36:24 proveloz-z40 kernel: [    0.000000] BIOS-e820: [mem 0x0000000000070000-0x0000000000087fff] usable
Oct 21 23:36:24 proveloz-z40 kernel: [    0.000000] BIOS-e820: [mem 0x0000000000088000-0x00000000000bffff] reserved
Oct 21 23:36:24 proveloz-z40 kernel: [    0.000000] BIOS-e820: [mem 0x0000000000100000-0x00000000a56affff] usable
Oct 21 23:36:24 proveloz-z40 kernel: [    0.000000] BIOS-e820: [mem 0x00000000a56b0000-0x00000000a5eaffff] reserved
Oct 21 23:36:24 proveloz-z40 kernel: [    0.000000] BIOS-e820: [mem 0x00000000a5eb0000-0x00000000aa6befff] usable
Oct 21 23:36:24 proveloz-z40 kernel: [    0.000000] BIOS-e820: [mem 0x00000000aa6bf000-0x00000000aa8befff] type 20
Oct 21 23:36:24 proveloz-z40 kernel: [    0.000000] BIOS-e820: [mem 0x00000000aa8bf000-0x00000000aaebefff] reserved
Oct 21 23:36:24 proveloz-z40 kernel: [    0.000000] BIOS-e820: [mem 0x00000000aaebf000-0x00000000aafbefff] ACPI NVS
Oct 21 23:36:24 proveloz-z40 kernel: [    0.000000] BIOS-e820: [mem 0x00000000aafbf000-0x00000000aaffefff] ACPI data
Oct 21 23:36:24 proveloz-z40 kernel: [    0.000000] BIOS-e820: [mem 0x00000000aafff000-0x00000000aaffffff] usable
Oct 21 23:36:24 proveloz-z40 kernel: [    0.000000] BIOS-e820: [mem 0x00000000ab000000-0x00000000af9fffff] reserved
Oct 21 23:36:24 proveloz-z40 kernel: [    0.000000] BIOS-e820: [mem 0x00000000e0000000-0x00000000efffffff] reserved
Oct 21 23:36:24 proveloz-z40 kernel: [    0.000000] BIOS-e820: [mem 0x00000000fe101000-0x00000000fe112fff] reserved
Oct 21 23:36:24 proveloz-z40 kernel: [    0.000000] BIOS-e820: [mem 0x00000000feb00000-0x00000000feb0ffff] reserved
Oct 21 23:36:24 proveloz-z40 kernel: [    0.000000] BIOS-e820: [mem 0x00000000fec00000-0x00000000fec00fff] reserved
Oct 21 23:36:24 proveloz-z40 kernel: [    0.000000] BIOS-e820: [mem 0x00000000fed00000-0x00000000fee00fff] reserved
Oct 21 23:36:24 proveloz-z40 kernel: [    0.000000] BIOS-e820: [mem 0x00000000ffc00000-0x00000000ffffffff] reserved
Oct 21 23:36:24 proveloz-z40 kernel: [    0.000000] BIOS-e820: [mem 0x0000000100000000-0x000000034f5fffff] usable
Oct 21 23:36:24 proveloz-z40 kernel: [    0.000000] NX (Execute Disable) protection: active
Oct 21 23:36:24 proveloz-z40 kernel: [    0.000000] efi: EFI v2.31 by INSYDE Corp.
Oct 21 23:36:24 proveloz-z40 kernel: [    0.000000] efi:  ACPI=0xaaffe000  ACPI 2.0=0xaaffe014  SMBIOS=0xaaebef98 
Oct 21 23:36:24 proveloz-z40 kernel: [    0.000000] secureboot: Secure boot could not be determined (mode 0)
Oct 21 23:36:24 proveloz-z40 kernel: [    0.000000] SMBIOS 2.7 present.
Oct 21 23:36:24 proveloz-z40 kernel: [    0.000000] DMI: LENOVO 20366/Lancer 4A5, BIOS 9BCN25WW 04/10/2014
Oct 21 23:36:24 proveloz-z40 kernel: [    0.000000] tsc: Fast TSC calibration using PIT
Oct 21 23:36:24 proveloz-z40 kernel: [    0.000000] tsc: Detected 1696.180 MHz processor
Oct 21 23:36:24 proveloz-z40 kernel: [    0.003171] e820: update [mem 0x00000000-0x00000fff] usable ==> reserved
Oct 21 23:36:24 proveloz-z40 kernel: [    0.003173] e820: remove [mem 0x000a0000-0x000fffff] usable
Oct 21 23:36:24 proveloz-z40 kernel: [    0.003184] last_pfn = 0x34f600 max_arch_pfn = 0x400000000
Oct 21 23:36:24 proveloz-z40 kernel: [    0.003189] MTRR default type: uncachable
Oct 21 23:36:24 proveloz-z40 kernel: [    0.003190] MTRR fixed ranges enabled:
Oct 21 23:36:24 proveloz-z40 kernel: [    0.003192]   00000-9FFFF write-back
Oct 21 23:36:24 proveloz-z40 kernel: [    0.003193]   A0000-BFFFF uncachable
Oct 21 23:36:24 proveloz-z40 kernel: [    0.003194]   C0000-E7FFF write-protect
Oct 21 23:36:24 proveloz-z40 kernel: [    0.003195]   E8000-EFFFF write-combining
Oct 21 23:36:24 proveloz-z40 kernel: [    0.003196]   F0000-FFFFF write-protect
Oct 21 23:36:24 proveloz-z40 kernel: [    0.003197] MTRR variable ranges enabled:
Oct 21 23:36:24 proveloz-z40 kernel: [    0.003199]   0 base 0000000000 mask 7C00000000 write-back
Oct 21 23:36:24 proveloz-z40 kernel: [    0.003201]   1 base 00AB000000 mask 7FFF000000 uncachable
Oct 21 23:36:24 proveloz-z40 kernel: [    0.003202]   2 base 00AC000000 mask 7FFC000000 uncachable
Oct 21 23:36:24 proveloz-z40 kernel: [    0.003203]   3 base 00B0000000 mask 7FF0000000 uncachable
Oct 21 23:36:24 proveloz-z40 kernel: [    0.003204]   4 base 00C0000000 mask 7FC0000000 uncachable
Oct 21 23:36:24 proveloz-z40 kernel: [    0.003205]   5 disabled
Oct 21 23:36:24 proveloz-z40 kernel: [    0.003206]   6 disabled
Oct 21 23:36:24 proveloz-z40 kernel: [    0.003206]   7 disabled
Oct 21 23:36:24 proveloz-z40 kernel: [    0.003207]   8 disabled
Oct 21 23:36:24 proveloz-z40 kernel: [    0.003208]   9 disabled
Oct 21 23:36:24 proveloz-z40 kernel: [    0.004367] x86/PAT: Configuration [0-7]: WB  WC  UC- UC  WB  WP  UC- WT  
Oct 21 23:36:24 proveloz-z40 kernel: [    0.004555] total RAM covered: 15024M
Oct 21 23:36:24 proveloz-z40 kernel: [    0.005135] Found optimal setting for mtrr clean up
Oct 21 23:36:24 proveloz-z40 kernel: [    0.005137]  gran_size: 64K 	chunk_size: 64K 	num_reg: 7  	lose cover RAM: 0G
Oct 21 23:36:24 proveloz-z40 kernel: [    0.006286] e820: update [mem 0xab000000-0xffffffff] usable ==> reserved
Oct 21 23:36:24 proveloz-z40 kernel: [    0.006291] last_pfn = 0xab000 max_arch_pfn = 0x400000000
Oct 21 23:36:24 proveloz-z40 kernel: [    0.018750] found SMP MP-table at [mem 0x000fe1c0-0x000fe1cf]
Oct 21 23:36:24 proveloz-z40 kernel: [    0.018781] check: Scanning 1 areas for low memory corruption
Oct 21 23:36:24 proveloz-z40 kernel: [    0.018786] Using GB pages for direct mapping
Oct 21 23:36:24 proveloz-z40 kernel: [    0.018789] BRK [0x2ecc01000, 0x2ecc01fff] PGTABLE
Oct 21 23:36:24 proveloz-z40 kernel: [    0.018791] BRK [0x2ecc02000, 0x2ecc02fff] PGTABLE
Oct 21 23:36:24 proveloz-z40 kernel: [    0.018793] BRK [0x2ecc03000, 0x2ecc03fff] PGTABLE
Oct 21 23:36:24 proveloz-z40 kernel: [    0.018843] BRK [0x2ecc04000, 0x2ecc04fff] PGTABLE
Oct 21 23:36:24 proveloz-z40 kernel: [    0.018846] BRK [0x2ecc05000, 0x2ecc05fff] PGTABLE
Oct 21 23:36:24 proveloz-z40 kernel: [    0.019083] BRK [0x2ecc06000, 0x2ecc06fff] PGTABLE
Oct 21 23:36:24 proveloz-z40 kernel: [    0.019132] BRK [0x2ecc07000, 0x2ecc07fff] PGTABLE
Oct 21 23:36:24 proveloz-z40 kernel: [    0.019210] BRK [0x2ecc08000, 0x2ecc08fff] PGTABLE
Oct 21 23:36:24 proveloz-z40 kernel: [    0.019287] BRK [0x2ecc09000, 0x2ecc09fff] PGTABLE
Oct 21 23:36:24 proveloz-z40 kernel: [    0.019362] BRK [0x2ecc0a000, 0x2ecc0afff] PGTABLE
Oct 21 23:36:24 proveloz-z40 kernel: [    0.019430] RAMDISK: [mem 0x33115000-0x35881fff]
Oct 21 23:36:24 proveloz-z40 kernel: [    0.019440] ACPI: Early table checksum verification disabled
Oct 21 23:36:24 proveloz-z40 kernel: [    0.019444] ACPI: RSDP 0x00000000AAFFE014 000024 (v02 LENOVO)
Oct 21 23:36:24 proveloz-z40 kernel: [    0.019449] ACPI: XSDT 0x00000000AAFFE210 0000C4 (v01 LENOVO CB-01    00000001      01000013)
Oct 21 23:36:24 proveloz-z40 kernel: [    0.019456] ACPI: FACP 0x00000000AAFF7000 00010C (v05 LENOVO CB-01    00000001 ACPI 00040000)
Oct 21 23:36:24 proveloz-z40 kernel: [    0.019463] ACPI: DSDT 0x00000000AAFE4000 00F4BB (v02 LENOVO CB-01    00000001 ACPI 00040000)
Oct 21 23:36:24 proveloz-z40 kernel: [    0.019467] ACPI: FACS 0x00000000AAFBA000 000040
Oct 21 23:36:24 proveloz-z40 kernel: [    0.019470] ACPI: SLIC 0x00000000AAFFD000 000176 (v01 LENOVO CB-01    00000001 ACPI 00040000)
Oct 21 23:36:24 proveloz-z40 kernel: [    0.019474] ACPI: UEFI 0x00000000AAFFC000 000236 (v01 LENOVO CB-01    00000001 ACPI 00040000)
Oct 21 23:36:24 proveloz-z40 kernel: [    0.019478] ACPI: FPDT 0x00000000AAFFA000 000044 (v01 LENOVO CB-01    00000001 ACPI 00040000)
Oct 21 23:36:24 proveloz-z40 kernel: [    0.019482] ACPI: MSDM 0x00000000AAFF9000 000055 (v03 LENOVO CB-01    00000001 ACPI 00040000)
Oct 21 23:36:24 proveloz-z40 kernel: [    0.019485] ACPI: ASF! 0x00000000AAFF8000 0000A5 (v32 LENOVO CB-01    00000001 ACPI 00040000)
Oct 21 23:36:24 proveloz-z40 kernel: [    0.019489] ACPI: HPET 0x00000000AAFF6000 000038 (v01 LENOVO CB-01    00000001 ACPI 00040000)
Oct 21 23:36:24 proveloz-z40 kernel: [    0.019493] ACPI: APIC 0x00000000AAFF5000 00008C (v03 LENOVO CB-01    00000001 ACPI 00040000)
Oct 21 23:36:24 proveloz-z40 kernel: [    0.019496] ACPI: MCFG 0x00000000AAFF4000 00003C (v01 LENOVO CB-01    00000001 ACPI 00040000)
Oct 21 23:36:24 proveloz-z40 kernel: [    0.019500] ACPI: WDAT 0x00000000AAFE3000 000224 (v01 LENOVO CB-01    00000001 ACPI 00040000)
Oct 21 23:36:24 proveloz-z40 kernel: [    0.019504] ACPI: SSDT 0x00000000AAFE0000 002028 (v01 LENOVO CB-01    00000001 ACPI 00040000)
Oct 21 23:36:24 proveloz-z40 kernel: [    0.019507] ACPI: BOOT 0x00000000AAFDE000 000028 (v01 LENOVO CB-01    00000001 ACPI 00040000)
Oct 21 23:36:24 proveloz-z40 kernel: [    0.019511] ACPI: LPIT 0x00000000AAFDD000 000094 (v01 LENOVO CB-01    00000001 ACPI 00040000)
Oct 21 23:36:24 proveloz-z40 kernel: [    0.019515] ACPI: ASPT 0x00000000AAFDB000 000034 (v07 LENOVO CB-01    00000001 ACPI 00040000)
Oct 21 23:36:24 proveloz-z40 kernel: [    0.019518] ACPI: DBGP 0x00000000AAFDA000 000034 (v01 LENOVO CB-01    00000001 ACPI 00040000)
Oct 21 23:36:24 proveloz-z40 kernel: [    0.019522] ACPI: SSDT 0x00000000AAFD2000 000494 (v01 LENOVO CB-01    00000001 ACPI 00040000)
Oct 21 23:36:24 proveloz-z40 kernel: [    0.019526] ACPI: SSDT 0x00000000AAFD1000 000AD8 (v01 LENOVO CB-01    00000001 ACPI 00040000)
Oct 21 23:36:24 proveloz-z40 kernel: [    0.019529] ACPI: SSDT 0x00000000AAFCD000 0034F8 (v01 LENOVO CB-01    00000001 ACPI 00040000)
Oct 21 23:36:24 proveloz-z40 kernel: [    0.019533] ACPI: SSDT 0x00000000AAFC8000 0034B3 (v01 LENOVO CB-01    00000001 ACPI 00040000)
Oct 21 23:36:24 proveloz-z40 kernel: [    0.019537] ACPI: BGRT 0x00000000AAFCC000 000038 (v01 LENOVO CB-01    00000001 ACPI 00040000)
Oct 21 23:36:24 proveloz-z40 kernel: [    0.019549] ACPI: Local APIC address 0xfee00000
Oct 21 23:36:24 proveloz-z40 kernel: [    0.019664] No NUMA configuration found
Oct 21 23:36:24 proveloz-z40 kernel: [    0.019665] Faking a node at [mem 0x0000000000000000-0x000000034f5fffff]
Oct 21 23:36:24 proveloz-z40 kernel: [    0.019681] NODE_DATA(0) allocated [mem 0x34f5d5000-0x34f5fffff]
Oct 21 23:36:24 proveloz-z40 kernel: [    0.020000] Zone ranges:
Oct 21 23:36:24 proveloz-z40 kernel: [    0.020001]   DMA      [mem 0x0000000000001000-0x0000000000ffffff]
Oct 21 23:36:24 proveloz-z40 kernel: [    0.020003]   DMA32    [mem 0x0000000001000000-0x00000000ffffffff]
Oct 21 23:36:24 proveloz-z40 kernel: [    0.020005]   Normal   [mem 0x0000000100000000-0x000000034f5fffff]
Oct 21 23:36:24 proveloz-z40 kernel: [    0.020006]   Device   empty
Oct 21 23:36:24 proveloz-z40 kernel: [    0.020007] Movable zone start for each node
Oct 21 23:36:24 proveloz-z40 kernel: [    0.020012] Early memory node ranges
Oct 21 23:36:24 proveloz-z40 kernel: [    0.020013]   node   0: [mem 0x0000000000001000-0x000000000006efff]
Oct 21 23:36:24 proveloz-z40 kernel: [    0.020014]   node   0: [mem 0x0000000000070000-0x0000000000087fff]
Oct 21 23:36:24 proveloz-z40 kernel: [    0.020016]   node   0: [mem 0x0000000000100000-0x00000000a56affff]
Oct 21 23:36:24 proveloz-z40 kernel: [    0.020017]   node   0: [mem 0x00000000a5eb0000-0x00000000aa6befff]
Oct 21 23:36:24 proveloz-z40 kernel: [    0.020017]   node   0: [mem 0x00000000aafff000-0x00000000aaffffff]
Oct 21 23:36:24 proveloz-z40 kernel: [    0.020018]   node   0: [mem 0x0000000100000000-0x000000034f5fffff]
Oct 21 23:36:24 proveloz-z40 kernel: [    0.020573] Zeroed struct page in unavailable ranges: 25018 pages
Oct 21 23:36:24 proveloz-z40 kernel: [    0.020575] Initmem setup node 0 [mem 0x0000000000001000-0x000000034f5fffff]
Oct 21 23:36:24 proveloz-z40 kernel: [    0.020577] On node 0 totalpages: 3118150
Oct 21 23:36:24 proveloz-z40 kernel: [    0.020579]   DMA zone: 64 pages used for memmap
Oct 21 23:36:24 proveloz-z40 kernel: [    0.020579]   DMA zone: 111 pages reserved
Oct 21 23:36:24 proveloz-z40 kernel: [    0.020581]   DMA zone: 3974 pages, LIFO batch:0
Oct 21 23:36:24 proveloz-z40 kernel: [    0.020725]   DMA32 zone: 10811 pages used for memmap
Oct 21 23:36:24 proveloz-z40 kernel: [    0.020726]   DMA32 zone: 691904 pages, LIFO batch:63
Oct 21 23:36:24 proveloz-z40 kernel: [    0.047285]   Normal zone: 37848 pages used for memmap
Oct 21 23:36:24 proveloz-z40 kernel: [    0.047287]   Normal zone: 2422272 pages, LIFO batch:63
Oct 21 23:36:24 proveloz-z40 kernel: [    0.130377] Reserving Intel graphics memory at [mem 0xaba00000-0xaf9fffff]
Oct 21 23:36:24 proveloz-z40 kernel: [    0.130464] ACPI: PM-Timer IO Port: 0x1808
Oct 21 23:36:24 proveloz-z40 kernel: [    0.130466] ACPI: Local APIC address 0xfee00000
Oct 21 23:36:24 proveloz-z40 kernel: [    0.130484] IOAPIC[0]: apic_id 2, version 32, address 0xfec00000, GSI 0-39
Oct 21 23:36:24 proveloz-z40 kernel: [    0.130487] ACPI: INT_SRC_OVR (bus 0 bus_irq 0 global_irq 2 dfl dfl)
Oct 21 23:36:24 proveloz-z40 kernel: [    0.130489] ACPI: INT_SRC_OVR (bus 0 bus_irq 9 global_irq 9 high level)
Oct 21 23:36:24 proveloz-z40 kernel: [    0.130491] ACPI: IRQ0 used by override.
Oct 21 23:36:24 proveloz-z40 kernel: [    0.130492] ACPI: IRQ9 used by override.
Oct 21 23:36:24 proveloz-z40 kernel: [    0.130495] Using ACPI (MADT) for SMP configuration information
Oct 21 23:36:24 proveloz-z40 kernel: [    0.130497] ACPI: HPET id: 0x8086a201 base: 0xfed00000
Oct 21 23:36:24 proveloz-z40 kernel: [    0.130511] smpboot: Allowing 8 CPUs, 4 hotplug CPUs
Oct 21 23:36:24 proveloz-z40 kernel: [    0.130539] PM: Registered nosave memory: [mem 0x00000000-0x00000fff]
Oct 21 23:36:24 proveloz-z40 kernel: [    0.130541] PM: Registered nosave memory: [mem 0x0006f000-0x0006ffff]
Oct 21 23:36:24 proveloz-z40 kernel: [    0.130544] PM: Registered nosave memory: [mem 0x00088000-0x000bffff]
Oct 21 23:36:24 proveloz-z40 kernel: [    0.130545] PM: Registered nosave memory: [mem 0x000c0000-0x000fffff]
Oct 21 23:36:24 proveloz-z40 kernel: [    0.130547] PM: Registered nosave memory: [mem 0xa56b0000-0xa5eaffff]
Oct 21 23:36:24 proveloz-z40 kernel: [    0.130549] PM: Registered nosave memory: [mem 0xaa6bf000-0xaa8befff]
Oct 21 23:36:24 proveloz-z40 kernel: [    0.130550] PM: Registered nosave memory: [mem 0xaa8bf000-0xaaebefff]
Oct 21 23:36:24 proveloz-z40 kernel: [    0.130551] PM: Registered nosave memory: [mem 0xaaebf000-0xaafbefff]
Oct 21 23:36:24 proveloz-z40 kernel: [    0.130552] PM: Registered nosave memory: [mem 0xaafbf000-0xaaffefff]
Oct 21 23:36:24 proveloz-z40 kernel: [    0.130554] PM: Registered nosave memory: [mem 0xab000000-0xaf9fffff]
Oct 21 23:36:24 proveloz-z40 kernel: [    0.130555] PM: Registered nosave memory: [mem 0xafa00000-0xdfffffff]
Oct 21 23:36:24 proveloz-z40 kernel: [    0.130555] PM: Registered nosave memory: [mem 0xe0000000-0xefffffff]
Oct 21 23:36:24 proveloz-z40 kernel: [    0.130556] PM: Registered nosave memory: [mem 0xf0000000-0xfe100fff]
Oct 21 23:36:24 proveloz-z40 kernel: [    0.130557] PM: Registered nosave memory: [mem 0xfe101000-0xfe112fff]
Oct 21 23:36:24 proveloz-z40 kernel: [    0.130558] PM: Registered nosave memory: [mem 0xfe113000-0xfeafffff]
Oct 21 23:36:24 proveloz-z40 kernel: [    0.130560] PM: Registered nosave memory: [mem 0xfeb00000-0xfeb0ffff]
Oct 21 23:36:24 proveloz-z40 kernel: [    0.130560] PM: Registered nosave memory: [mem 0xfeb10000-0xfebfffff]
Oct 21 23:36:24 proveloz-z40 kernel: [    0.130561] PM: Registered nosave memory: [mem 0xfec00000-0xfec00fff]
Oct 21 23:36:24 proveloz-z40 kernel: [    0.130562] PM: Registered nosave memory: [mem 0xfec01000-0xfecfffff]
Oct 21 23:36:24 proveloz-z40 kernel: [    0.130563] PM: Registered nosave memory: [mem 0xfed00000-0xfee00fff]
Oct 21 23:36:24 proveloz-z40 kernel: [    0.130564] PM: Registered nosave memory: [mem 0xfee01000-0xffbfffff]
Oct 21 23:36:24 proveloz-z40 kernel: [    0.130565] PM: Registered nosave memory: [mem 0xffc00000-0xffffffff]
Oct 21 23:36:24 proveloz-z40 kernel: [    0.130567] [mem 0xafa00000-0xdfffffff] available for PCI devices
Oct 21 23:36:24 proveloz-z40 kernel: [    0.130569] Booting paravirtualized kernel on bare hardware
Oct 21 23:36:24 proveloz-z40 kernel: [    0.130572] clocksource: refined-jiffies: mask: 0xffffffff max_cycles: 0xffffffff, max_idle_ns: 7645519600211568 ns
Oct 21 23:36:24 proveloz-z40 kernel: [    0.130585] random: get_random_bytes called from start_kernel+0x97/0x516 with crng_init=0
Oct 21 23:36:24 proveloz-z40 kernel: [    0.130594] setup_percpu: NR_CPUS:8192 nr_cpumask_bits:8 nr_cpu_ids:8 nr_node_ids:1
Oct 21 23:36:24 proveloz-z40 kernel: [    0.130925] percpu: Embedded 47 pages/cpu s155648 r8192 d28672 u262144
Oct 21 23:36:24 proveloz-z40 kernel: [    0.130934] pcpu-alloc: s155648 r8192 d28672 u262144 alloc=1*2097152
Oct 21 23:36:24 proveloz-z40 kernel: [    0.130935] pcpu-alloc: [0] 0 1 2 3 4 5 6 7 
Oct 21 23:36:24 proveloz-z40 kernel: [    0.130971] Built 1 zonelists, mobility grouping on.  Total pages: 3069316
Oct 21 23:36:24 proveloz-z40 kernel: [    0.130972] Policy zone: Normal
Oct 21 23:36:24 proveloz-z40 kernel: [    0.130974] Kernel command line: BOOT_IMAGE=/boot/vmlinuz-5.0.0-31-generic root=UUID=d9690e65-40c9-4e64-89ca-9ad20828ebac ro quiet splash vt.handoff=1
Oct 21 23:36:24 proveloz-z40 kernel: [    0.136482] Calgary: detecting Calgary via BIOS EBDA area
Oct 21 23:36:24 proveloz-z40 kernel: [    0.136484] Calgary: Unable to locate Rio Grande table in EBDA - bailing!
Oct 21 23:36:24 proveloz-z40 kernel: [    0.175317] Memory: 12062740K/12472600K available (14339K kernel code, 2335K rwdata, 4448K rodata, 2588K init, 5192K bss, 409860K reserved, 0K cma-reserved)
Oct 21 23:36:24 proveloz-z40 kernel: [    0.175503] SLUB: HWalign=64, Order=0-3, MinObjects=0, CPUs=8, Nodes=1
Oct 21 23:36:24 proveloz-z40 kernel: [    0.175511] Kernel/User page tables isolation: enabled
Oct 21 23:36:24 proveloz-z40 kernel: [    0.175531] ftrace: allocating 41602 entries in 163 pages
Oct 21 23:36:24 proveloz-z40 kernel: [    0.201221] rcu: Hierarchical RCU implementation.
Oct 21 23:36:24 proveloz-z40 kernel: [    0.201223] rcu: 	RCU restricting CPUs from NR_CPUS=8192 to nr_cpu_ids=8.
Oct 21 23:36:24 proveloz-z40 kernel: [    0.201224] 	Tasks RCU enabled.
Oct 21 23:36:24 proveloz-z40 kernel: [    0.201225] rcu: RCU calculated value of scheduler-enlistment delay is 25 jiffies.
Oct 21 23:36:24 proveloz-z40 kernel: [    0.201226] rcu: Adjusting geometry for rcu_fanout_leaf=16, nr_cpu_ids=8
Oct 21 23:36:24 proveloz-z40 kernel: [    0.205461] NR_IRQS: 524544, nr_irqs: 760, preallocated irqs: 16
Oct 21 23:36:24 proveloz-z40 kernel: [    0.205688] vt handoff: transparent VT on vt#1
Oct 21 23:36:24 proveloz-z40 kernel: [    0.205695] Console: colour dummy device 80x25
Oct 21 23:36:24 proveloz-z40 kernel: [    0.205701] printk: console [tty0] enabled
Oct 21 23:36:24 proveloz-z40 kernel: [    0.205723] ACPI: Core revision 20181213
Oct 21 23:36:24 proveloz-z40 kernel: [    0.206092] clocksource: hpet: mask: 0xffffffff max_cycles: 0xffffffff, max_idle_ns: 133484882848 ns
Oct 21 23:36:24 proveloz-z40 kernel: [    0.206100] hpet clockevent registered
Oct 21 23:36:24 proveloz-z40 kernel: [    0.206106] APIC: Switch to symmetric I/O mode setup
Oct 21 23:36:24 proveloz-z40 kernel: [    0.206723] ..TIMER: vector=0x30 apic1=0 pin1=2 apic2=-1 pin2=-1
Oct 21 23:36:24 proveloz-z40 kernel: [    0.226105] clocksource: tsc-early: mask: 0xffffffffffffffff max_cycles: 0x18730e9af02, max_idle_ns: 440795244530 ns
Oct 21 23:36:24 proveloz-z40 kernel: [    0.226122] Calibrating delay loop (skipped), value calculated using timer frequency.. 3392.36 BogoMIPS (lpj=6784720)
Oct 21 23:36:24 proveloz-z40 kernel: [    0.226125] pid_max: default: 32768 minimum: 301
Oct 21 23:36:24 proveloz-z40 kernel: [    0.236113] LSM: Security Framework initializing
Oct 21 23:36:24 proveloz-z40 kernel: [    0.236128] Yama: becoming mindful.
Oct 21 23:36:24 proveloz-z40 kernel: [    0.236156] AppArmor: AppArmor initialized
Oct 21 23:36:24 proveloz-z40 kernel: [    0.238961] Dentry cache hash table entries: 2097152 (order: 12, 16777216 bytes)
Oct 21 23:36:24 proveloz-z40 kernel: [    0.240378] Inode-cache hash table entries: 1048576 (order: 11, 8388608 bytes)
Oct 21 23:36:24 proveloz-z40 kernel: [    0.240441] Mount-cache hash table entries: 32768 (order: 6, 262144 bytes)
Oct 21 23:36:24 proveloz-z40 kernel: [    0.240486] Mountpoint-cache hash table entries: 32768 (order: 6, 262144 bytes)
Oct 21 23:36:24 proveloz-z40 kernel: [    0.240790] ENERGY_PERF_BIAS: Set to 'normal', was 'performance'
Oct 21 23:36:24 proveloz-z40 kernel: [    0.240791] ENERGY_PERF_BIAS: View and update with x86_energy_perf_policy(8)
Oct 21 23:36:24 proveloz-z40 kernel: [    0.240815] mce: CPU0: Thermal monitoring enabled (TM1)
Oct 21 23:36:24 proveloz-z40 kernel: [    0.240830] process: using mwait in idle threads
Oct 21 23:36:24 proveloz-z40 kernel: [    0.240833] Last level iTLB entries: 4KB 1024, 2MB 1024, 4MB 1024
Oct 21 23:36:24 proveloz-z40 kernel: [    0.240835] Last level dTLB entries: 4KB 1024, 2MB 1024, 4MB 1024, 1GB 4
Oct 21 23:36:24 proveloz-z40 kernel: [    0.240836] Spectre V1 : Mitigation: usercopy/swapgs barriers and __user pointer sanitization
Oct 21 23:36:24 proveloz-z40 kernel: [    0.240838] Spectre V2 : Mitigation: Full generic retpoline
Oct 21 23:36:24 proveloz-z40 kernel: [    0.240839] Spectre V2 : Spectre v2 / SpectreRSB mitigation: Filling RSB on context switch
Oct 21 23:36:24 proveloz-z40 kernel: [    0.240839] Spectre V2 : Enabling Restricted Speculation for firmware calls
Oct 21 23:36:24 proveloz-z40 kernel: [    0.240849] Spectre V2 : mitigation: Enabling conditional Indirect Branch Prediction Barrier
Oct 21 23:36:24 proveloz-z40 kernel: [    0.240850] Spectre V2 : User space: Mitigation: STIBP via seccomp and prctl
Oct 21 23:36:24 proveloz-z40 kernel: [    0.240851] Speculative Store Bypass: Mitigation: Speculative Store Bypass disabled via prctl and seccomp
Oct 21 23:36:24 proveloz-z40 kernel: [    0.240888] MDS: Mitigation: Clear CPU buffers
Oct 21 23:36:24 proveloz-z40 kernel: [    0.241142] Freeing SMP alternatives memory: 36K
Oct 21 23:36:24 proveloz-z40 kernel: [    0.245693] TSC deadline timer enabled
Oct 21 23:36:24 proveloz-z40 kernel: [    0.245697] smpboot: CPU0: Intel(R) Core(TM) i3-4005U CPU @ 1.70GHz (family: 0x6, model: 0x45, stepping: 0x1)
Oct 21 23:36:24 proveloz-z40 kernel: [    0.245800] mce: [Hardware Error]: Machine check events logged
Oct 21 23:36:24 proveloz-z40 kernel: [    0.245802] mce: [Hardware Error]: CPU 0: Machine Check: 0 Bank 5: ae0000000040110a
Oct 21 23:36:24 proveloz-z40 kernel: [    0.245805] mce: [Hardware Error]: TSC 0 ADDR fef873c0 MISC 138a0000086 
Oct 21 23:36:24 proveloz-z40 kernel: [    0.245809] mce: [Hardware Error]: PROCESSOR 0:40651 TIME 1571711777 SOCKET 0 APIC 0 microcode 25
Oct 21 23:36:24 proveloz-z40 kernel: [    0.245858] Performance Events: PEBS fmt2+, Haswell events, 16-deep LBR, full-width counters, Intel PMU driver.
Oct 21 23:36:24 proveloz-z40 kernel: [    0.245909] ... version:                3
Oct 21 23:36:24 proveloz-z40 kernel: [    0.245909] ... bit width:              48
Oct 21 23:36:24 proveloz-z40 kernel: [    0.245910] ... generic registers:      4
Oct 21 23:36:24 proveloz-z40 kernel: [    0.245911] ... value mask:             0000ffffffffffff
Oct 21 23:36:24 proveloz-z40 kernel: [    0.245912] ... max period:             00007fffffffffff
Oct 21 23:36:24 proveloz-z40 kernel: [    0.245913] ... fixed-purpose events:   3
Oct 21 23:36:24 proveloz-z40 kernel: [    0.245913] ... event mask:             000000070000000f
Oct 21 23:36:24 proveloz-z40 kernel: [    0.245961] rcu: Hierarchical SRCU implementation.
Oct 21 23:36:24 proveloz-z40 kernel: [    0.246107] random: crng done (trusting CPU's manufacturer)
Oct 21 23:36:24 proveloz-z40 kernel: [    0.246107] NMI watchdog: Enabled. Permanently consumes one hw-PMU counter.
Oct 21 23:36:24 proveloz-z40 kernel: [    0.246107] smp: Bringing up secondary CPUs ...
Oct 21 23:36:24 proveloz-z40 kernel: [    0.246107] x86: Booting SMP configuration:
Oct 21 23:36:24 proveloz-z40 kernel: [    0.246107] .... node  #0, CPUs:      #1
Oct 21 23:36:24 proveloz-z40 kernel: [    0.246107] MDS CPU bug present and SMT on, data leak possible. See https://www.kernel.org/doc/html/latest/admin-guide/hw-vuln/mds.html for more details.
Oct 21 23:36:24 proveloz-z40 kernel: [    0.246107]  #2 #3
Oct 21 23:36:24 proveloz-z40 kernel: [    0.249138] smp: Brought up 1 node, 4 CPUs
Oct 21 23:36:24 proveloz-z40 kernel: [    0.249138] smpboot: Max logical packages: 2
Oct 21 23:36:24 proveloz-z40 kernel: [    0.249138] smpboot: Total of 4 processors activated (13569.44 BogoMIPS)
Oct 21 23:36:24 proveloz-z40 kernel: [    0.250491] devtmpfs: initialized
Oct 21 23:36:24 proveloz-z40 kernel: [    0.250491] x86/mm: Memory block size: 128MB
Oct 21 23:36:24 proveloz-z40 kernel: [    0.251432] PM: Registering ACPI NVS region [mem 0xaaebf000-0xaafbefff] (1048576 bytes)
Oct 21 23:36:24 proveloz-z40 kernel: [    0.251432] clocksource: jiffies: mask: 0xffffffff max_cycles: 0xffffffff, max_idle_ns: 7645041785100000 ns
Oct 21 23:36:24 proveloz-z40 kernel: [    0.251432] futex hash table entries: 2048 (order: 5, 131072 bytes)
Oct 21 23:36:24 proveloz-z40 kernel: [    0.251432] pinctrl core: initialized pinctrl subsystem
Oct 21 23:36:24 proveloz-z40 kernel: [    0.251432] RTC time: 02:36:17, date: 2019-10-22
Oct 21 23:36:24 proveloz-z40 kernel: [    0.251432] NET: Registered protocol family 16
Oct 21 23:36:24 proveloz-z40 kernel: [    0.251432] audit: initializing netlink subsys (disabled)
Oct 21 23:36:24 proveloz-z40 kernel: [    0.251432] audit: type=2000 audit(1571711777.044:1): state=initialized audit_enabled=0 res=1
Oct 21 23:36:24 proveloz-z40 kernel: [    0.251432] EISA bus registered
Oct 21 23:36:24 proveloz-z40 kernel: [    0.251432] cpuidle: using governor ladder
Oct 21 23:36:24 proveloz-z40 kernel: [    0.251432] cpuidle: using governor menu
Oct 21 23:36:24 proveloz-z40 kernel: [    0.251432] Simple Boot Flag at 0x44 set to 0x1
Oct 21 23:36:24 proveloz-z40 kernel: [    0.251432] ACPI FADT declares the system doesn't support PCIe ASPM, so disable it
Oct 21 23:36:24 proveloz-z40 kernel: [    0.251432] ACPI: bus type PCI registered
Oct 21 23:36:24 proveloz-z40 kernel: [    0.251432] acpiphp: ACPI Hot Plug PCI Controller Driver version: 0.5
Oct 21 23:36:24 proveloz-z40 kernel: [    0.251432] PCI: MMCONFIG for domain 0000 [bus 00-ff] at [mem 0xe0000000-0xefffffff] (base 0xe0000000)
Oct 21 23:36:24 proveloz-z40 kernel: [    0.251432] PCI: MMCONFIG at [mem 0xe0000000-0xefffffff] reserved in E820
Oct 21 23:36:24 proveloz-z40 kernel: [    0.251432] PCI: Using configuration type 1 for base access
Oct 21 23:36:24 proveloz-z40 kernel: [    0.251432] core: PMU erratum BJ122, BV98, HSD29 worked around, HT is on
Oct 21 23:36:24 proveloz-z40 kernel: [    0.254861] HugeTLB registered 1.00 GiB page size, pre-allocated 0 pages
Oct 21 23:36:24 proveloz-z40 kernel: [    0.254861] HugeTLB registered 2.00 MiB page size, pre-allocated 0 pages
Oct 21 23:36:24 proveloz-z40 kernel: [    0.254861] ACPI: Added _OSI(Module Device)
Oct 21 23:36:24 proveloz-z40 kernel: [    0.254861] ACPI: Added _OSI(Processor Device)
Oct 21 23:36:24 proveloz-z40 kernel: [    0.254861] ACPI: Added _OSI(3.0 _SCP Extensions)
Oct 21 23:36:24 proveloz-z40 kernel: [    0.254861] ACPI: Added _OSI(Processor Aggregator Device)
Oct 21 23:36:24 proveloz-z40 kernel: [    0.254861] ACPI: Added _OSI(Linux-Dell-Video)
Oct 21 23:36:24 proveloz-z40 kernel: [    0.254861] ACPI: Added _OSI(Linux-Lenovo-NV-HDMI-Audio)
Oct 21 23:36:24 proveloz-z40 kernel: [    0.254861] ACPI: Added _OSI(Linux-HPI-Hybrid-Graphics)
Oct 21 23:36:24 proveloz-z40 kernel: [    0.280765] ACPI: 6 ACPI AML tables successfully acquired and loaded
Oct 21 23:36:24 proveloz-z40 kernel: [    0.284818] ACPI: [Firmware Bug]: BIOS _OSI(Linux) query ignored
Oct 21 23:36:24 proveloz-z40 kernel: [    0.287633] ACPI: Dynamic OEM Table Load:
Oct 21 23:36:24 proveloz-z40 kernel: [    0.287643] ACPI: SSDT 0xFFFF935200FD1000 0003D3 (v01 PmRef  Cpu0Cst  00003001 INTL 20121220)
Oct 21 23:36:24 proveloz-z40 kernel: [    0.288637] ACPI: Dynamic OEM Table Load:
Oct 21 23:36:24 proveloz-z40 kernel: [    0.288647] ACPI: SSDT 0xFFFF935200FDF000 0005AA (v01 PmRef  ApIst    00003000 INTL 20121220)
Oct 21 23:36:24 proveloz-z40 kernel: [    0.289703] ACPI: Dynamic OEM Table Load:
Oct 21 23:36:24 proveloz-z40 kernel: [    0.289711] ACPI: SSDT 0xFFFF935200D9FC00 000119 (v01 PmRef  ApCst    00003000 INTL 20121220)
Oct 21 23:36:24 proveloz-z40 kernel: [    0.291838] ACPI: EC: EC started
Oct 21 23:36:24 proveloz-z40 kernel: [    0.291839] ACPI: EC: interrupt blocked
Oct 21 23:36:24 proveloz-z40 kernel: [    0.293193] ACPI: \_SB_.PCI0.LPCB.EC0_: Used as first EC
Oct 21 23:36:24 proveloz-z40 kernel: [    0.293196] ACPI: \_SB_.PCI0.LPCB.EC0_: GPE=0x7, EC_CMD/EC_SC=0x66, EC_DATA=0x62
Oct 21 23:36:24 proveloz-z40 kernel: [    0.293198] ACPI: \_SB_.PCI0.LPCB.EC0_: Used as boot DSDT EC to handle transactions
Oct 21 23:36:24 proveloz-z40 kernel: [    0.293198] ACPI: Interpreter enabled
Oct 21 23:36:24 proveloz-z40 kernel: [    0.293248] ACPI: (supports S0 S3 S4 S5)
Oct 21 23:36:24 proveloz-z40 kernel: [    0.293250] ACPI: Using IOAPIC for interrupt routing
Oct 21 23:36:24 proveloz-z40 kernel: [    0.293296] PCI: Using host bridge windows from ACPI; if necessary, use "pci=nocrs" and report a bug
Oct 21 23:36:24 proveloz-z40 kernel: [    0.294111] ACPI: watchdog: Skipping WDAT on this system because it uses RTC SRAM
Oct 21 23:36:24 proveloz-z40 kernel: [    0.294129] ACPI: Enabled 8 GPEs in block 00 to 7F
Oct 21 23:36:24 proveloz-z40 kernel: [    0.374839] ACPI: Power Resource [NVP3] (on)
Oct 21 23:36:24 proveloz-z40 kernel: [    0.374880] ACPI: Power Resource [NVP2] (on)
Oct 21 23:36:24 proveloz-z40 kernel: [    0.394269] ACPI: PCI Root Bridge [PCI0] (domain 0000 [bus 00-fe])
Oct 21 23:36:24 proveloz-z40 kernel: [    0.394276] acpi PNP0A08:00: _OSC: OS supports [ExtendedConfig ASPM ClockPM Segments MSI]
Oct 21 23:36:24 proveloz-z40 kernel: [    0.395095] acpi PNP0A08:00: _OSC: OS now controls [PCIeHotplug SHPCHotplug PME AER PCIeCapability LTR]
Oct 21 23:36:24 proveloz-z40 kernel: [    0.395097] acpi PNP0A08:00: FADT indicates ASPM is unsupported, using BIOS configuration
Oct 21 23:36:24 proveloz-z40 kernel: [    0.396301] PCI host bridge to bus 0000:00
Oct 21 23:36:24 proveloz-z40 kernel: [    0.396304] pci_bus 0000:00: root bus resource [io  0x0000-0x0cf7 window]
Oct 21 23:36:24 proveloz-z40 kernel: [    0.396306] pci_bus 0000:00: root bus resource [io  0x0d00-0xffff window]
Oct 21 23:36:24 proveloz-z40 kernel: [    0.396307] pci_bus 0000:00: root bus resource [mem 0x000a0000-0x000bffff window]
Oct 21 23:36:24 proveloz-z40 kernel: [    0.396309] pci_bus 0000:00: root bus resource [mem 0xafa00000-0xfeafffff window]
Oct 21 23:36:24 proveloz-z40 kernel: [    0.396311] pci_bus 0000:00: root bus resource [bus 00-fe]
Oct 21 23:36:24 proveloz-z40 kernel: [    0.396320] pci 0000:00:00.0: [8086:0a04] type 00 class 0x060000
Oct 21 23:36:24 proveloz-z40 kernel: [    0.396625] pci 0000:00:02.0: [8086:0a16] type 00 class 0x030000
Oct 21 23:36:24 proveloz-z40 kernel: [    0.396640] pci 0000:00:02.0: reg 0x10: [mem 0xc3000000-0xc33fffff 64bit]
Oct 21 23:36:24 proveloz-z40 kernel: [    0.396648] pci 0000:00:02.0: reg 0x18: [mem 0xd0000000-0xdfffffff 64bit pref]
Oct 21 23:36:24 proveloz-z40 kernel: [    0.396654] pci 0000:00:02.0: reg 0x20: [io  0x5000-0x503f]
Oct 21 23:36:24 proveloz-z40 kernel: [    0.396671] pci 0000:00:02.0: BAR 2: assigned to efifb
Oct 21 23:36:24 proveloz-z40 kernel: [    0.396984] pci 0000:00:03.0: [8086:0a0c] type 00 class 0x040300
Oct 21 23:36:24 proveloz-z40 kernel: [    0.396998] pci 0000:00:03.0: reg 0x10: [mem 0xc3610000-0xc3613fff 64bit]
Oct 21 23:36:24 proveloz-z40 kernel: [    0.397315] pci 0000:00:14.0: [8086:9c31] type 00 class 0x0c0330
Oct 21 23:36:24 proveloz-z40 kernel: [    0.397337] pci 0000:00:14.0: reg 0x10: [mem 0xc3600000-0xc360ffff 64bit]
Oct 21 23:36:24 proveloz-z40 kernel: [    0.397403] pci 0000:00:14.0: PME# supported from D3hot D3cold
Oct 21 23:36:24 proveloz-z40 kernel: [    0.397671] pci 0000:00:16.0: [8086:9c3a] type 00 class 0x078000
Oct 21 23:36:24 proveloz-z40 kernel: [    0.397693] pci 0000:00:16.0: reg 0x10: [mem 0xc3618000-0xc361801f 64bit]
Oct 21 23:36:24 proveloz-z40 kernel: [    0.397761] pci 0000:00:16.0: PME# supported from D0 D3hot D3cold
Oct 21 23:36:24 proveloz-z40 kernel: [    0.398032] pci 0000:00:1b.0: [8086:9c20] type 00 class 0x040300
Oct 21 23:36:24 proveloz-z40 kernel: [    0.398053] pci 0000:00:1b.0: reg 0x10: [mem 0xc3614000-0xc3617fff 64bit]
Oct 21 23:36:24 proveloz-z40 kernel: [    0.398131] pci 0000:00:1b.0: PME# supported from D0 D3hot D3cold
Oct 21 23:36:24 proveloz-z40 kernel: [    0.398403] pci 0000:00:1c.0: [8086:9c14] type 01 class 0x060400
Oct 21 23:36:24 proveloz-z40 kernel: [    0.398487] pci 0000:00:1c.0: PME# supported from D0 D3hot D3cold
Oct 21 23:36:24 proveloz-z40 kernel: [    0.398846] pci 0000:00:1c.3: [8086:9c16] type 01 class 0x060400
Oct 21 23:36:24 proveloz-z40 kernel: [    0.398929] pci 0000:00:1c.3: PME# supported from D0 D3hot D3cold
Oct 21 23:36:24 proveloz-z40 kernel: [    0.399284] pci 0000:00:1c.4: [8086:9c18] type 01 class 0x060400
Oct 21 23:36:24 proveloz-z40 kernel: [    0.399366] pci 0000:00:1c.4: PME# supported from D0 D3hot D3cold
Oct 21 23:36:24 proveloz-z40 kernel: [    0.399652] pci 0000:00:1d.0: [8086:9c26] type 00 class 0x0c0320
Oct 21 23:36:24 proveloz-z40 kernel: [    0.399676] pci 0000:00:1d.0: reg 0x10: [mem 0xc361c000-0xc361c3ff]
Oct 21 23:36:24 proveloz-z40 kernel: [    0.399769] pci 0000:00:1d.0: PME# supported from D0 D3hot D3cold
Oct 21 23:36:24 proveloz-z40 kernel: [    0.400046] pci 0000:00:1f.0: [8086:9c45] type 00 class 0x060100
Oct 21 23:36:24 proveloz-z40 kernel: [    0.400427] pci 0000:00:1f.2: [8086:9c03] type 00 class 0x010601
Oct 21 23:36:24 proveloz-z40 kernel: [    0.400445] pci 0000:00:1f.2: reg 0x10: [io  0x5088-0x508f]
Oct 21 23:36:24 proveloz-z40 kernel: [    0.400453] pci 0000:00:1f.2: reg 0x14: [io  0x5094-0x5097]
Oct 21 23:36:24 proveloz-z40 kernel: [    0.400460] pci 0000:00:1f.2: reg 0x18: [io  0x5080-0x5087]
Oct 21 23:36:24 proveloz-z40 kernel: [    0.400467] pci 0000:00:1f.2: reg 0x1c: [io  0x5090-0x5093]
Oct 21 23:36:24 proveloz-z40 kernel: [    0.400475] pci 0000:00:1f.2: reg 0x20: [io  0x5060-0x507f]
Oct 21 23:36:24 proveloz-z40 kernel: [    0.400482] pci 0000:00:1f.2: reg 0x24: [mem 0xc361b000-0xc361b7ff]
Oct 21 23:36:24 proveloz-z40 kernel: [    0.400522] pci 0000:00:1f.2: PME# supported from D3hot
Oct 21 23:36:24 proveloz-z40 kernel: [    0.400782] pci 0000:00:1f.3: [8086:9c22] type 00 class 0x0c0500
Oct 21 23:36:24 proveloz-z40 kernel: [    0.400801] pci 0000:00:1f.3: reg 0x10: [mem 0xc3619000-0xc36190ff 64bit]
Oct 21 23:36:24 proveloz-z40 kernel: [    0.400822] pci 0000:00:1f.3: reg 0x20: [io  0x5040-0x505f]
Oct 21 23:36:24 proveloz-z40 kernel: [    0.401170] pci 0000:01:00.0: [10ec:8168] type 00 class 0x020000
Oct 21 23:36:24 proveloz-z40 kernel: [    0.401203] pci 0000:01:00.0: reg 0x10: [io  0x4000-0x40ff]
Oct 21 23:36:24 proveloz-z40 kernel: [    0.401232] pci 0000:01:00.0: reg 0x18: [mem 0xc3504000-0xc3504fff 64bit]
Oct 21 23:36:24 proveloz-z40 kernel: [    0.401251] pci 0000:01:00.0: reg 0x20: [mem 0xc3500000-0xc3503fff 64bit]
Oct 21 23:36:24 proveloz-z40 kernel: [    0.401364] pci 0000:01:00.0: supports D1 D2
Oct 21 23:36:24 proveloz-z40 kernel: [    0.401366] pci 0000:01:00.0: PME# supported from D0 D1 D2 D3hot D3cold
Oct 21 23:36:24 proveloz-z40 kernel: [    0.401518] pci 0000:00:1c.0: PCI bridge to [bus 01]
Oct 21 23:36:24 proveloz-z40 kernel: [    0.401522] pci 0000:00:1c.0:   bridge window [io  0x4000-0x4fff]
Oct 21 23:36:24 proveloz-z40 kernel: [    0.401525] pci 0000:00:1c.0:   bridge window [mem 0xc3500000-0xc35fffff]
Oct 21 23:36:24 proveloz-z40 kernel: [    0.401609] pci 0000:02:00.0: [168c:0036] type 00 class 0x028000
Oct 21 23:36:24 proveloz-z40 kernel: [    0.401661] pci 0000:02:00.0: reg 0x10: [mem 0xc3400000-0xc347ffff 64bit]
Oct 21 23:36:24 proveloz-z40 kernel: [    0.401740] pci 0000:02:00.0: reg 0x30: [mem 0xffff0000-0xffffffff pref]
Oct 21 23:36:24 proveloz-z40 kernel: [    0.401866] pci 0000:02:00.0: supports D1 D2
Oct 21 23:36:24 proveloz-z40 kernel: [    0.401867] pci 0000:02:00.0: PME# supported from D0 D1 D2 D3hot D3cold
Oct 21 23:36:24 proveloz-z40 kernel: [    0.402028] pci 0000:00:1c.3: PCI bridge to [bus 02]
Oct 21 23:36:24 proveloz-z40 kernel: [    0.402033] pci 0000:00:1c.3:   bridge window [mem 0xc3400000-0xc34fffff]
Oct 21 23:36:24 proveloz-z40 kernel: [    0.402105] pci 0000:03:00.0: [10de:1140] type 00 class 0x030200
Oct 21 23:36:24 proveloz-z40 kernel: [    0.402135] pci 0000:03:00.0: reg 0x10: [mem 0xc2000000-0xc2ffffff]
Oct 21 23:36:24 proveloz-z40 kernel: [    0.402151] pci 0000:03:00.0: reg 0x14: [mem 0xb0000000-0xbfffffff 64bit pref]
Oct 21 23:36:24 proveloz-z40 kernel: [    0.402168] pci 0000:03:00.0: reg 0x1c: [mem 0xc0000000-0xc1ffffff 64bit pref]
Oct 21 23:36:24 proveloz-z40 kernel: [    0.402179] pci 0000:03:00.0: reg 0x24: [io  0x3000-0x307f]
Oct 21 23:36:24 proveloz-z40 kernel: [    0.402191] pci 0000:03:00.0: reg 0x30: [mem 0xfff80000-0xffffffff pref]
Oct 21 23:36:24 proveloz-z40 kernel: [    0.402212] pci 0000:03:00.0: Enabling HDA controller
Oct 21 23:36:24 proveloz-z40 kernel: [    0.402304] pci 0000:03:00.0: 8.000 Gb/s available PCIe bandwidth, limited by 2.5 GT/s x4 link at 0000:00:1c.4 (capable of 32.000 Gb/s with 2.5 GT/s x16 link)
Oct 21 23:36:24 proveloz-z40 kernel: [    0.402444] pci 0000:00:1c.4: PCI bridge to [bus 03]
Oct 21 23:36:24 proveloz-z40 kernel: [    0.402447] pci 0000:00:1c.4:   bridge window [io  0x3000-0x3fff]
Oct 21 23:36:24 proveloz-z40 kernel: [    0.402451] pci 0000:00:1c.4:   bridge window [mem 0xc2000000-0xc2ffffff]
Oct 21 23:36:24 proveloz-z40 kernel: [    0.402456] pci 0000:00:1c.4:   bridge window [mem 0xb0000000-0xc1ffffff 64bit pref]
Oct 21 23:36:24 proveloz-z40 kernel: [    0.405243] ACPI: PCI Interrupt Link [LNKA] (IRQs 3 4 5 6 10 11 12 14 15) *7
Oct 21 23:36:24 proveloz-z40 kernel: [    0.405347] ACPI: PCI Interrupt Link [LNKB] (IRQs 3 4 5 6 10 11 12 14 15) *0, disabled.
Oct 21 23:36:24 proveloz-z40 kernel: [    0.405449] ACPI: PCI Interrupt Link [LNKC] (IRQs 3 4 5 6 10 *11 12 14 15)
Oct 21 23:36:24 proveloz-z40 kernel: [    0.405549] ACPI: PCI Interrupt Link [LNKD] (IRQs 3 4 5 6 *10 11 12 14 15)
Oct 21 23:36:24 proveloz-z40 kernel: [    0.405649] ACPI: PCI Interrupt Link [LNKE] (IRQs 3 4 5 6 10 11 12 14 15) *0, disabled.
Oct 21 23:36:24 proveloz-z40 kernel: [    0.405748] ACPI: PCI Interrupt Link [LNKF] (IRQs 3 4 5 6 10 11 12 14 15) *0, disabled.
Oct 21 23:36:24 proveloz-z40 kernel: [    0.405849] ACPI: PCI Interrupt Link [LNKG] (IRQs 3 4 5 6 *10 11 12 14 15)
Oct 21 23:36:24 proveloz-z40 kernel: [    0.405947] ACPI: PCI Interrupt Link [LNKH] (IRQs 3 4 5 6 10 *11 12 14 15)
Oct 21 23:36:24 proveloz-z40 kernel: [    0.406592] ACPI: EC: interrupt unblocked
Oct 21 23:36:24 proveloz-z40 kernel: [    0.406604] ACPI: EC: event unblocked
Oct 21 23:36:24 proveloz-z40 kernel: [    0.406612] ACPI: \_SB_.PCI0.LPCB.EC0_: GPE=0x7, EC_CMD/EC_SC=0x66, EC_DATA=0x62
Oct 21 23:36:24 proveloz-z40 kernel: [    0.406614] ACPI: \_SB_.PCI0.LPCB.EC0_: Used as boot DSDT EC to handle transactions and events
Oct 21 23:36:24 proveloz-z40 kernel: [    0.406728] SCSI subsystem initialized
Oct 21 23:36:24 proveloz-z40 kernel: [    0.406728] libata version 3.00 loaded.
Oct 21 23:36:24 proveloz-z40 kernel: [    0.406728] pci 0000:00:02.0: vgaarb: setting as boot VGA device
Oct 21 23:36:24 proveloz-z40 kernel: [    0.406728] pci 0000:00:02.0: vgaarb: VGA device added: decodes=io+mem,owns=io+mem,locks=none
Oct 21 23:36:24 proveloz-z40 kernel: [    0.406728] pci 0000:00:02.0: vgaarb: bridge control possible
Oct 21 23:36:24 proveloz-z40 kernel: [    0.406728] vgaarb: loaded
Oct 21 23:36:24 proveloz-z40 kernel: [    0.406728] ACPI: bus type USB registered
Oct 21 23:36:24 proveloz-z40 kernel: [    0.406728] usbcore: registered new interface driver usbfs
Oct 21 23:36:24 proveloz-z40 kernel: [    0.406728] usbcore: registered new interface driver hub
Oct 21 23:36:24 proveloz-z40 kernel: [    0.406728] usbcore: registered new device driver usb
Oct 21 23:36:24 proveloz-z40 kernel: [    0.406728] pps_core: LinuxPPS API ver. 1 registered
Oct 21 23:36:24 proveloz-z40 kernel: [    0.406728] pps_core: Software ver. 5.3.6 - Copyright 2005-2007 Rodolfo Giometti <giometti@linux.it>
Oct 21 23:36:24 proveloz-z40 kernel: [    0.406728] PTP clock support registered
Oct 21 23:36:24 proveloz-z40 kernel: [    0.406728] EDAC MC: Ver: 3.0.0
Oct 21 23:36:24 proveloz-z40 kernel: [    0.406728] Registered efivars operations
Oct 21 23:36:24 proveloz-z40 kernel: [    0.446587] PCI: Using ACPI for IRQ routing
Oct 21 23:36:24 proveloz-z40 kernel: [    0.450424] PCI: pci_cache_line_size set to 64 bytes
Oct 21 23:36:24 proveloz-z40 kernel: [    0.450475] e820: reserve RAM buffer [mem 0x0006f000-0x0006ffff]
Oct 21 23:36:24 proveloz-z40 kernel: [    0.450477] e820: reserve RAM buffer [mem 0x00088000-0x0008ffff]
Oct 21 23:36:24 proveloz-z40 kernel: [    0.450478] e820: reserve RAM buffer [mem 0xa56b0000-0xa7ffffff]
Oct 21 23:36:24 proveloz-z40 kernel: [    0.450479] e820: reserve RAM buffer [mem 0xaa6bf000-0xabffffff]
Oct 21 23:36:24 proveloz-z40 kernel: [    0.450481] e820: reserve RAM buffer [mem 0xab000000-0xabffffff]
Oct 21 23:36:24 proveloz-z40 kernel: [    0.450482] e820: reserve RAM buffer [mem 0x34f600000-0x34fffffff]
Oct 21 23:36:24 proveloz-z40 kernel: [    0.450620] NetLabel: Initializing
Oct 21 23:36:24 proveloz-z40 kernel: [    0.450621] NetLabel:  domain hash size = 128
Oct 21 23:36:24 proveloz-z40 kernel: [    0.450622] NetLabel:  protocols = UNLABELED CIPSOv4 CALIPSO
Oct 21 23:36:24 proveloz-z40 kernel: [    0.450644] NetLabel:  unlabeled traffic allowed by default
Oct 21 23:36:24 proveloz-z40 kernel: [    0.454595] hpet0: at MMIO 0xfed00000, IRQs 2, 8, 0, 0, 0, 0, 0, 0
Oct 21 23:36:24 proveloz-z40 kernel: [    0.454600] hpet0: 8 comparators, 64-bit 14.318180 MHz counter
Oct 21 23:36:24 proveloz-z40 kernel: [    0.456627] clocksource: Switched to clocksource tsc-early
Oct 21 23:36:24 proveloz-z40 kernel: [    0.469594] VFS: Disk quotas dquot_6.6.0
Oct 21 23:36:24 proveloz-z40 kernel: [    0.469617] VFS: Dquot-cache hash table entries: 512 (order 0, 4096 bytes)
Oct 21 23:36:24 proveloz-z40 kernel: [    0.469762] AppArmor: AppArmor Filesystem Enabled
Oct 21 23:36:24 proveloz-z40 kernel: [    0.469797] pnp: PnP ACPI init
Oct 21 23:36:24 proveloz-z40 kernel: [    0.470586] system 00:00: [io  0x0680-0x069f] has been reserved
Oct 21 23:36:24 proveloz-z40 kernel: [    0.470589] system 00:00: [io  0xffff] has been reserved
Oct 21 23:36:24 proveloz-z40 kernel: [    0.470590] system 00:00: [io  0xffff] has been reserved
Oct 21 23:36:24 proveloz-z40 kernel: [    0.470592] system 00:00: [io  0xffff] has been reserved
Oct 21 23:36:24 proveloz-z40 kernel: [    0.470594] system 00:00: [io  0x1800-0x18fe] has been reserved
Oct 21 23:36:24 proveloz-z40 kernel: [    0.470595] system 00:00: [io  0x164e-0x164f] has been reserved
Oct 21 23:36:24 proveloz-z40 kernel: [    0.470602] system 00:00: Plug and Play ACPI device, IDs PNP0c02 (active)
Oct 21 23:36:24 proveloz-z40 kernel: [    0.470667] pnp 00:01: Plug and Play ACPI device, IDs PNP0b00 (active)
Oct 21 23:36:24 proveloz-z40 kernel: [    0.470741] system 00:02: [io  0x1854-0x1857] has been reserved
Oct 21 23:36:24 proveloz-z40 kernel: [    0.470746] system 00:02: Plug and Play ACPI device, IDs INT3f0d PNP0c02 (active)
Oct 21 23:36:24 proveloz-z40 kernel: [    0.470826] pnp 00:03: Plug and Play ACPI device, IDs PNP0303 (active)
Oct 21 23:36:24 proveloz-z40 kernel: [    0.470859] pnp 00:04: Plug and Play ACPI device, IDs ETD0623 ETD0000 PNP0f13 (active)
Oct 21 23:36:24 proveloz-z40 kernel: [    0.471095] system 00:05: [mem 0xfed1c000-0xfed1ffff] has been reserved
Oct 21 23:36:24 proveloz-z40 kernel: [    0.471097] system 00:05: [mem 0xfed10000-0xfed17fff] has been reserved
Oct 21 23:36:24 proveloz-z40 kernel: [    0.471099] system 00:05: [mem 0xfed18000-0xfed18fff] has been reserved
Oct 21 23:36:24 proveloz-z40 kernel: [    0.471101] system 00:05: [mem 0xfed19000-0xfed19fff] has been reserved
Oct 21 23:36:24 proveloz-z40 kernel: [    0.471103] system 00:05: [mem 0xe0000000-0xefffffff] has been reserved
Oct 21 23:36:24 proveloz-z40 kernel: [    0.471104] system 00:05: [mem 0xfed20000-0xfed3ffff] has been reserved
Oct 21 23:36:24 proveloz-z40 kernel: [    0.471106] system 00:05: [mem 0xfed90000-0xfed93fff] has been reserved
Oct 21 23:36:24 proveloz-z40 kernel: [    0.471108] system 00:05: [mem 0xff000000-0xffffffff] could not be reserved
Oct 21 23:36:24 proveloz-z40 kernel: [    0.471110] system 00:05: [mem 0xfee00000-0xfeefffff] could not be reserved
Oct 21 23:36:24 proveloz-z40 kernel: [    0.471112] system 00:05: [mem 0xafa20000-0xafa20fff] has been reserved
Oct 21 23:36:24 proveloz-z40 kernel: [    0.471113] system 00:05: [mem 0xafa10000-0xafa1ffff] has been reserved
Oct 21 23:36:24 proveloz-z40 kernel: [    0.471118] system 00:05: Plug and Play ACPI device, IDs PNP0c02 (active)
Oct 21 23:36:24 proveloz-z40 kernel: [    0.471629] system 00:06: Plug and Play ACPI device, IDs PNP0c02 (active)
Oct 21 23:36:24 proveloz-z40 kernel: [    0.472570] pnp: PnP ACPI: found 7 devices
Oct 21 23:36:24 proveloz-z40 kernel: [    0.478714] clocksource: acpi_pm: mask: 0xffffff max_cycles: 0xffffff, max_idle_ns: 2085701024 ns
Oct 21 23:36:24 proveloz-z40 kernel: [    0.478720] pci 0000:02:00.0: can't claim BAR 6 [mem 0xffff0000-0xffffffff pref]: no compatible bridge window
Oct 21 23:36:24 proveloz-z40 kernel: [    0.478722] pci 0000:03:00.0: can't claim BAR 6 [mem 0xfff80000-0xffffffff pref]: no compatible bridge window
Oct 21 23:36:24 proveloz-z40 kernel: [    0.478749] pci 0000:00:1c.0: PCI bridge to [bus 01]
Oct 21 23:36:24 proveloz-z40 kernel: [    0.478752] pci 0000:00:1c.0:   bridge window [io  0x4000-0x4fff]
Oct 21 23:36:24 proveloz-z40 kernel: [    0.478756] pci 0000:00:1c.0:   bridge window [mem 0xc3500000-0xc35fffff]
Oct 21 23:36:24 proveloz-z40 kernel: [    0.478766] pci 0000:02:00.0: BAR 6: assigned [mem 0xc3480000-0xc348ffff pref]
Oct 21 23:36:24 proveloz-z40 kernel: [    0.478769] pci 0000:00:1c.3: PCI bridge to [bus 02]
Oct 21 23:36:24 proveloz-z40 kernel: [    0.478773] pci 0000:00:1c.3:   bridge window [mem 0xc3400000-0xc34fffff]
Oct 21 23:36:24 proveloz-z40 kernel: [    0.478782] pci 0000:03:00.0: BAR 6: no space for [mem size 0x00080000 pref]
Oct 21 23:36:24 proveloz-z40 kernel: [    0.478783] pci 0000:03:00.0: BAR 6: failed to assign [mem size 0x00080000 pref]
Oct 21 23:36:24 proveloz-z40 kernel: [    0.478785] pci 0000:00:1c.4: PCI bridge to [bus 03]
Oct 21 23:36:24 proveloz-z40 kernel: [    0.478787] pci 0000:00:1c.4:   bridge window [io  0x3000-0x3fff]
Oct 21 23:36:24 proveloz-z40 kernel: [    0.478791] pci 0000:00:1c.4:   bridge window [mem 0xc2000000-0xc2ffffff]
Oct 21 23:36:24 proveloz-z40 kernel: [    0.478795] pci 0000:00:1c.4:   bridge window [mem 0xb0000000-0xc1ffffff 64bit pref]
Oct 21 23:36:24 proveloz-z40 kernel: [    0.478802] pci_bus 0000:00: resource 4 [io  0x0000-0x0cf7 window]
Oct 21 23:36:24 proveloz-z40 kernel: [    0.478804] pci_bus 0000:00: resource 5 [io  0x0d00-0xffff window]
Oct 21 23:36:24 proveloz-z40 kernel: [    0.478805] pci_bus 0000:00: resource 6 [mem 0x000a0000-0x000bffff window]
Oct 21 23:36:24 proveloz-z40 kernel: [    0.478807] pci_bus 0000:00: resource 7 [mem 0xafa00000-0xfeafffff window]
Oct 21 23:36:24 proveloz-z40 kernel: [    0.478808] pci_bus 0000:01: resource 0 [io  0x4000-0x4fff]
Oct 21 23:36:24 proveloz-z40 kernel: [    0.478810] pci_bus 0000:01: resource 1 [mem 0xc3500000-0xc35fffff]
Oct 21 23:36:24 proveloz-z40 kernel: [    0.478812] pci_bus 0000:02: resource 1 [mem 0xc3400000-0xc34fffff]
Oct 21 23:36:24 proveloz-z40 kernel: [    0.478813] pci_bus 0000:03: resource 0 [io  0x3000-0x3fff]
Oct 21 23:36:24 proveloz-z40 kernel: [    0.478814] pci_bus 0000:03: resource 1 [mem 0xc2000000-0xc2ffffff]
Oct 21 23:36:24 proveloz-z40 kernel: [    0.478816] pci_bus 0000:03: resource 2 [mem 0xb0000000-0xc1ffffff 64bit pref]
Oct 21 23:36:24 proveloz-z40 kernel: [    0.479056] NET: Registered protocol family 2
Oct 21 23:36:24 proveloz-z40 kernel: [    0.479250] tcp_listen_portaddr_hash hash table entries: 8192 (order: 5, 131072 bytes)
Oct 21 23:36:24 proveloz-z40 kernel: [    0.479319] TCP established hash table entries: 131072 (order: 8, 1048576 bytes)
Oct 21 23:36:24 proveloz-z40 kernel: [    0.479535] TCP bind hash table entries: 65536 (order: 8, 1048576 bytes)
Oct 21 23:36:24 proveloz-z40 kernel: [    0.479669] TCP: Hash tables configured (established 131072 bind 65536)
Oct 21 23:36:24 proveloz-z40 kernel: [    0.479720] UDP hash table entries: 8192 (order: 6, 262144 bytes)
Oct 21 23:36:24 proveloz-z40 kernel: [    0.479775] UDP-Lite hash table entries: 8192 (order: 6, 262144 bytes)
Oct 21 23:36:24 proveloz-z40 kernel: [    0.479897] NET: Registered protocol family 1
Oct 21 23:36:24 proveloz-z40 kernel: [    0.479903] NET: Registered protocol family 44
Oct 21 23:36:24 proveloz-z40 kernel: [    0.479915] pci 0000:00:02.0: Video device with shadowed ROM at [mem 0x000c0000-0x000dffff]
Oct 21 23:36:24 proveloz-z40 kernel: [    0.498255] pci 0000:00:1d.0: quirk_usb_early_handoff+0x0/0x6a6 took 16441 usecs
Oct 21 23:36:24 proveloz-z40 kernel: [    0.498287] PCI: CLS 64 bytes, default 64
Oct 21 23:36:24 proveloz-z40 kernel: [    0.498335] Unpacking initramfs...
Oct 21 23:36:24 proveloz-z40 kernel: [    1.338284] Freeing initrd memory: 40372K
Oct 21 23:36:24 proveloz-z40 kernel: [    1.338305] PCI-DMA: Using software bounce buffering for IO (SWIOTLB)
Oct 21 23:36:24 proveloz-z40 kernel: [    1.338308] software IO TLB: mapped [mem 0x9eec0000-0xa2ec0000] (64MB)
Oct 21 23:36:24 proveloz-z40 kernel: [    1.338574] check: Scanning for low memory corruption every 60 seconds
Oct 21 23:36:24 proveloz-z40 kernel: [    1.341013] Initialise system trusted keyrings
Oct 21 23:36:24 proveloz-z40 kernel: [    1.341028] Key type blacklist registered
Oct 21 23:36:24 proveloz-z40 kernel: [    1.341075] workingset: timestamp_bits=36 max_order=22 bucket_order=0
Oct 21 23:36:24 proveloz-z40 kernel: [    1.342959] zbud: loaded
Oct 21 23:36:24 proveloz-z40 kernel: [    1.343545] squashfs: version 4.0 (2009/01/31) Phillip Lougher
Oct 21 23:36:24 proveloz-z40 kernel: [    1.343800] fuse init (API version 7.28)
Oct 21 23:36:24 proveloz-z40 kernel: [    1.404139] Key type asymmetric registered
Oct 21 23:36:24 proveloz-z40 kernel: [    1.404141] Asymmetric key parser 'x509' registered
Oct 21 23:36:24 proveloz-z40 kernel: [    1.404156] Block layer SCSI generic (bsg) driver version 0.4 loaded (major 243)
Oct 21 23:36:24 proveloz-z40 kernel: [    1.404206] io scheduler mq-deadline registered
Oct 21 23:36:24 proveloz-z40 kernel: [    1.404657] pcieport 0000:00:1c.0: Signaling PME with IRQ 40
Oct 21 23:36:24 proveloz-z40 kernel: [    1.404898] pcieport 0000:00:1c.3: Signaling PME with IRQ 41
Oct 21 23:36:24 proveloz-z40 kernel: [    1.405120] pcieport 0000:00:1c.4: Signaling PME with IRQ 42
Oct 21 23:36:24 proveloz-z40 kernel: [    1.405187] shpchp: Standard Hot Plug PCI Controller Driver version: 0.4
Oct 21 23:36:24 proveloz-z40 kernel: [    1.405268] efifb: probing for efifb
Oct 21 23:36:24 proveloz-z40 kernel: [    1.405283] efifb: framebuffer at 0xd0000000, using 4160k, total 4160k
Oct 21 23:36:24 proveloz-z40 kernel: [    1.405284] efifb: mode is 1366x768x32, linelength=5504, pages=1
Oct 21 23:36:24 proveloz-z40 kernel: [    1.405285] efifb: scrolling: redraw
Oct 21 23:36:24 proveloz-z40 kernel: [    1.405287] efifb: Truecolor: size=8:8:8:8, shift=24:16:8:0
Oct 21 23:36:24 proveloz-z40 kernel: [    1.405414] Console: switching to colour frame buffer device 170x48
Oct 21 23:36:24 proveloz-z40 kernel: [    1.405436] fb0: EFI VGA frame buffer device
Oct 21 23:36:24 proveloz-z40 kernel: [    1.405447] intel_idle: MWAIT substates: 0x11142120
Oct 21 23:36:24 proveloz-z40 kernel: [    1.405448] intel_idle: v0.4.1 model 0x45
Oct 21 23:36:24 proveloz-z40 kernel: [    1.405775] intel_idle: lapic_timer_reliable_states 0xffffffff
Oct 21 23:36:24 proveloz-z40 kernel: [    1.406706] ACPI: AC Adapter [ADP0] (on-line)
Oct 21 23:36:24 proveloz-z40 kernel: [    1.406810] input: Lid Switch as /devices/LNXSYSTM:00/LNXSYBUS:00/PNP0C0D:00/input/input0
Oct 21 23:36:24 proveloz-z40 kernel: [    1.406827] ACPI: Lid Switch [LID0]
Oct 21 23:36:24 proveloz-z40 kernel: [    1.406866] input: Power Button as /devices/LNXSYSTM:00/LNXSYBUS:00/PNP0C0C:00/input/input1
Oct 21 23:36:24 proveloz-z40 kernel: [    1.406875] ACPI: Power Button [PWRB]
Oct 21 23:36:24 proveloz-z40 kernel: [    1.406913] input: Power Button as /devices/LNXSYSTM:00/LNXPWRBN:00/input/input2
Oct 21 23:36:24 proveloz-z40 kernel: [    1.406921] ACPI: Power Button [PWRF]
Oct 21 23:36:24 proveloz-z40 kernel: [    1.407751] Serial: 8250/16550 driver, 32 ports, IRQ sharing enabled
Oct 21 23:36:24 proveloz-z40 kernel: [    1.411181] Linux agpgart interface v0.103
Oct 21 23:36:24 proveloz-z40 kernel: [    1.413960] loop: module loaded
Oct 21 23:36:24 proveloz-z40 kernel: [    1.414222] libphy: Fixed MDIO Bus: probed
Oct 21 23:36:24 proveloz-z40 kernel: [    1.414224] tun: Universal TUN/TAP device driver, 1.6
Oct 21 23:36:24 proveloz-z40 kernel: [    1.414262] PPP generic driver version 2.4.2
Oct 21 23:36:24 proveloz-z40 kernel: [    1.414316] ehci_hcd: USB 2.0 'Enhanced' Host Controller (EHCI) Driver
Oct 21 23:36:24 proveloz-z40 kernel: [    1.414320] ehci-pci: EHCI PCI platform driver
Oct 21 23:36:24 proveloz-z40 kernel: [    1.414506] ehci-pci 0000:00:1d.0: EHCI Host Controller
Oct 21 23:36:24 proveloz-z40 kernel: [    1.414514] ehci-pci 0000:00:1d.0: new USB bus registered, assigned bus number 1
Oct 21 23:36:24 proveloz-z40 kernel: [    1.414527] ehci-pci 0000:00:1d.0: debug port 2
Oct 21 23:36:24 proveloz-z40 kernel: [    1.418443] ehci-pci 0000:00:1d.0: cache line size of 64 is not supported
Oct 21 23:36:24 proveloz-z40 kernel: [    1.418457] ehci-pci 0000:00:1d.0: irq 23, io mem 0xc361c000
Oct 21 23:36:24 proveloz-z40 kernel: [    1.434187] ehci-pci 0000:00:1d.0: USB 2.0 started, EHCI 1.00
Oct 21 23:36:24 proveloz-z40 kernel: [    1.434698] usb usb1: New USB device found, idVendor=1d6b, idProduct=0002, bcdDevice= 5.00
Oct 21 23:36:24 proveloz-z40 kernel: [    1.434701] usb usb1: New USB device strings: Mfr=3, Product=2, SerialNumber=1
Oct 21 23:36:24 proveloz-z40 kernel: [    1.434702] usb usb1: Product: EHCI Host Controller
Oct 21 23:36:24 proveloz-z40 kernel: [    1.434704] usb usb1: Manufacturer: Linux 5.0.0-31-generic ehci_hcd
Oct 21 23:36:24 proveloz-z40 kernel: [    1.434705] usb usb1: SerialNumber: 0000:00:1d.0
Oct 21 23:36:24 proveloz-z40 kernel: [    1.435035] hub 1-0:1.0: USB hub found
Oct 21 23:36:24 proveloz-z40 kernel: [    1.435105] hub 1-0:1.0: 2 ports detected
Oct 21 23:36:24 proveloz-z40 kernel: [    1.435423] ehci-platform: EHCI generic platform driver
Oct 21 23:36:24 proveloz-z40 kernel: [    1.435449] ohci_hcd: USB 1.1 'Open' Host Controller (OHCI) Driver
Oct 21 23:36:24 proveloz-z40 kernel: [    1.435455] ohci-pci: OHCI PCI platform driver
Oct 21 23:36:24 proveloz-z40 kernel: [    1.435473] ohci-platform: OHCI generic platform driver
Oct 21 23:36:24 proveloz-z40 kernel: [    1.435487] uhci_hcd: USB Universal Host Controller Interface driver
Oct 21 23:36:24 proveloz-z40 kernel: [    1.435681] xhci_hcd 0000:00:14.0: xHCI Host Controller
Oct 21 23:36:24 proveloz-z40 kernel: [    1.435688] xhci_hcd 0000:00:14.0: new USB bus registered, assigned bus number 2
Oct 21 23:36:24 proveloz-z40 kernel: [    1.436740] xhci_hcd 0000:00:14.0: hcc params 0x200077c1 hci version 0x100 quirks 0x000000000004b810
Oct 21 23:36:24 proveloz-z40 kernel: [    1.436745] xhci_hcd 0000:00:14.0: cache line size of 64 is not supported
Oct 21 23:36:24 proveloz-z40 kernel: [    1.437000] usb usb2: New USB device found, idVendor=1d6b, idProduct=0002, bcdDevice= 5.00
Oct 21 23:36:24 proveloz-z40 kernel: [    1.437002] usb usb2: New USB device strings: Mfr=3, Product=2, SerialNumber=1
Oct 21 23:36:24 proveloz-z40 kernel: [    1.437004] usb usb2: Product: xHCI Host Controller
Oct 21 23:36:24 proveloz-z40 kernel: [    1.437006] usb usb2: Manufacturer: Linux 5.0.0-31-generic xhci-hcd
Oct 21 23:36:24 proveloz-z40 kernel: [    1.437007] usb usb2: SerialNumber: 0000:00:14.0
Oct 21 23:36:24 proveloz-z40 kernel: [    1.437156] hub 2-0:1.0: USB hub found
Oct 21 23:36:24 proveloz-z40 kernel: [    1.437187] hub 2-0:1.0: 8 ports detected
Oct 21 23:36:24 proveloz-z40 kernel: [    1.439338] xhci_hcd 0000:00:14.0: xHCI Host Controller
Oct 21 23:36:24 proveloz-z40 kernel: [    1.439343] xhci_hcd 0000:00:14.0: new USB bus registered, assigned bus number 3
Oct 21 23:36:24 proveloz-z40 kernel: [    1.439346] xhci_hcd 0000:00:14.0: Host supports USB 3.0 SuperSpeed
Oct 21 23:36:24 proveloz-z40 kernel: [    1.439385] usb usb3: New USB device found, idVendor=1d6b, idProduct=0003, bcdDevice= 5.00
Oct 21 23:36:24 proveloz-z40 kernel: [    1.439387] usb usb3: New USB device strings: Mfr=3, Product=2, SerialNumber=1
Oct 21 23:36:24 proveloz-z40 kernel: [    1.439388] usb usb3: Product: xHCI Host Controller
Oct 21 23:36:24 proveloz-z40 kernel: [    1.439390] usb usb3: Manufacturer: Linux 5.0.0-31-generic xhci-hcd
Oct 21 23:36:24 proveloz-z40 kernel: [    1.439391] usb usb3: SerialNumber: 0000:00:14.0
Oct 21 23:36:24 proveloz-z40 kernel: [    1.439514] hub 3-0:1.0: USB hub found
Oct 21 23:36:24 proveloz-z40 kernel: [    1.439523] hub 3-0:1.0: 4 ports detected
Oct 21 23:36:24 proveloz-z40 kernel: [    1.439773] usb: port power management may be unreliable
Oct 21 23:36:24 proveloz-z40 kernel: [    1.440100] i8042: PNP: PS/2 Controller [PNP0303:PS2K,PNP0f13:PS2M] at 0x60,0x64 irq 1,12
Oct 21 23:36:24 proveloz-z40 kernel: [    1.454146] serio: i8042 KBD port at 0x60,0x64 irq 1
Oct 21 23:36:24 proveloz-z40 kernel: [    1.454151] serio: i8042 AUX port at 0x60,0x64 irq 12
Oct 21 23:36:24 proveloz-z40 kernel: [    1.454291] mousedev: PS/2 mouse device common for all mice
Oct 21 23:36:24 proveloz-z40 kernel: [    1.454775] rtc_cmos 00:01: RTC can wake from S4
Oct 21 23:36:24 proveloz-z40 kernel: [    1.454929] rtc_cmos 00:01: registered as rtc0
Oct 21 23:36:24 proveloz-z40 kernel: [    1.454947] rtc_cmos 00:01: alarms up to one month, 242 bytes nvram, hpet irqs
Oct 21 23:36:24 proveloz-z40 kernel: [    1.454955] i2c /dev entries driver
Oct 21 23:36:24 proveloz-z40 kernel: [    1.455061] device-mapper: uevent: version 1.0.3
Oct 21 23:36:24 proveloz-z40 kernel: [    1.455134] device-mapper: ioctl: 4.39.0-ioctl (2018-04-03) initialised: dm-devel@redhat.com
Oct 21 23:36:24 proveloz-z40 kernel: [    1.455158] platform eisa.0: Probing EISA bus 0
Oct 21 23:36:24 proveloz-z40 kernel: [    1.455160] platform eisa.0: EISA: Cannot allocate resource for mainboard
Oct 21 23:36:24 proveloz-z40 kernel: [    1.455162] platform eisa.0: Cannot allocate resource for EISA slot 1
Oct 21 23:36:24 proveloz-z40 kernel: [    1.455163] platform eisa.0: Cannot allocate resource for EISA slot 2
Oct 21 23:36:24 proveloz-z40 kernel: [    1.455164] platform eisa.0: Cannot allocate resource for EISA slot 3
Oct 21 23:36:24 proveloz-z40 kernel: [    1.455166] platform eisa.0: Cannot allocate resource for EISA slot 4
Oct 21 23:36:24 proveloz-z40 kernel: [    1.455167] platform eisa.0: Cannot allocate resource for EISA slot 5
Oct 21 23:36:24 proveloz-z40 kernel: [    1.455168] platform eisa.0: Cannot allocate resource for EISA slot 6
Oct 21 23:36:24 proveloz-z40 kernel: [    1.455170] platform eisa.0: Cannot allocate resource for EISA slot 7
Oct 21 23:36:24 proveloz-z40 kernel: [    1.455171] platform eisa.0: Cannot allocate resource for EISA slot 8
Oct 21 23:36:24 proveloz-z40 kernel: [    1.455172] platform eisa.0: EISA: Detected 0 cards
Oct 21 23:36:24 proveloz-z40 kernel: [    1.455181] intel_pstate: Intel P-state driver initializing
Oct 21 23:36:24 proveloz-z40 kernel: [    1.455404] ledtrig-cpu: registered to indicate activity on CPUs
Oct 21 23:36:24 proveloz-z40 kernel: [    1.455407] EFI Variables Facility v0.08 2004-May-17
Oct 21 23:36:24 proveloz-z40 kernel: [    1.465803] input: AT Translated Set 2 keyboard as /devices/platform/i8042/serio0/input/input3
Oct 21 23:36:24 proveloz-z40 kernel: [    1.499679] NET: Registered protocol family 10
Oct 21 23:36:24 proveloz-z40 kernel: [    1.509609] Segment Routing with IPv6
Oct 21 23:36:24 proveloz-z40 kernel: [    1.509639] NET: Registered protocol family 17
Oct 21 23:36:24 proveloz-z40 kernel: [    1.509686] Key type dns_resolver registered
Oct 21 23:36:24 proveloz-z40 kernel: [    1.509965] mce: Using 7 MCE banks
Oct 21 23:36:24 proveloz-z40 kernel: [    1.509980] RAS: Correctable Errors collector initialized.
Oct 21 23:36:24 proveloz-z40 kernel: [    1.510028] microcode: sig=0x40651, pf=0x40, revision=0x25
Oct 21 23:36:24 proveloz-z40 kernel: [    1.510078] microcode: Microcode Update Driver: v2.2.
Oct 21 23:36:24 proveloz-z40 kernel: [    1.510090] sched_clock: Marking stable (1509627434, 445394)->(1533928197, -23855369)
Oct 21 23:36:24 proveloz-z40 kernel: [    1.510349] registered taskstats version 1
Oct 21 23:36:24 proveloz-z40 kernel: [    1.510359] Loading compiled-in X.509 certificates
Oct 21 23:36:24 proveloz-z40 kernel: [    1.511079] battery: ACPI: Battery Slot [BAT0] (battery present)
Oct 21 23:36:24 proveloz-z40 kernel: [    1.513322] Loaded X.509 cert 'Build time autogenerated kernel key: 8551628772417b31666704b8f38347690494464f'
Oct 21 23:36:24 proveloz-z40 kernel: [    1.514223] Couldn't get size: 0x800000000000000e
Oct 21 23:36:24 proveloz-z40 kernel: [    1.514226] MODSIGN: Couldn't get UEFI db list
Oct 21 23:36:24 proveloz-z40 kernel: [    1.514670] Couldn't get size: 0x800000000000000e
Oct 21 23:36:24 proveloz-z40 kernel: [    1.514672] MODSIGN: Couldn't get UEFI MokListRT
Oct 21 23:36:24 proveloz-z40 kernel: [    1.515590] zswap: loaded using pool lzo/zbud
Oct 21 23:36:24 proveloz-z40 kernel: [    1.524827] Key type big_key registered
Oct 21 23:36:24 proveloz-z40 kernel: [    1.524834] Key type trusted registered
Oct 21 23:36:24 proveloz-z40 kernel: [    1.529044] Key type encrypted registered
Oct 21 23:36:24 proveloz-z40 kernel: [    1.529048] AppArmor: AppArmor sha1 policy hashing enabled
Oct 21 23:36:24 proveloz-z40 kernel: [    1.531260] ima: No TPM chip found, activating TPM-bypass!
Oct 21 23:36:24 proveloz-z40 kernel: [    1.531267] ima: Allocated hash algorithm: sha1
Oct 21 23:36:24 proveloz-z40 kernel: [    1.531274] No architecture policies found
Oct 21 23:36:24 proveloz-z40 kernel: [    1.531295] evm: Initialising EVM extended attributes:
Oct 21 23:36:24 proveloz-z40 kernel: [    1.531296] evm: security.selinux
Oct 21 23:36:24 proveloz-z40 kernel: [    1.531296] evm: security.SMACK64
Oct 21 23:36:24 proveloz-z40 kernel: [    1.531297] evm: security.SMACK64EXEC
Oct 21 23:36:24 proveloz-z40 kernel: [    1.531298] evm: security.SMACK64TRANSMUTE
Oct 21 23:36:24 proveloz-z40 kernel: [    1.531298] evm: security.SMACK64MMAP
Oct 21 23:36:24 proveloz-z40 kernel: [    1.531299] evm: security.apparmor
Oct 21 23:36:24 proveloz-z40 kernel: [    1.531299] evm: security.ima
Oct 21 23:36:24 proveloz-z40 kernel: [    1.531300] evm: security.capability
Oct 21 23:36:24 proveloz-z40 kernel: [    1.531301] evm: HMAC attrs: 0x1
Oct 21 23:36:24 proveloz-z40 kernel: [    1.532074]   Magic number: 7:468:612
Oct 21 23:36:24 proveloz-z40 kernel: [    1.532111] tty tty: hash matches
Oct 21 23:36:24 proveloz-z40 kernel: [    1.532218] rtc_cmos 00:01: setting system clock to 2019-10-22T02:36:18 UTC (1571711778)
Oct 21 23:36:24 proveloz-z40 kernel: [    1.533911] Freeing unused decrypted memory: 2040K
Oct 21 23:36:24 proveloz-z40 kernel: [    1.534462] Freeing unused kernel image memory: 2588K
Oct 21 23:36:24 proveloz-z40 kernel: [    1.582244] Write protecting the kernel read-only data: 22528k
Oct 21 23:36:24 proveloz-z40 kernel: [    1.582928] Freeing unused kernel image memory: 2016K
Oct 21 23:36:24 proveloz-z40 kernel: [    1.583322] Freeing unused kernel image memory: 1696K
Oct 21 23:36:24 proveloz-z40 kernel: [    1.599013] x86/mm: Checked W+X mappings: passed, no W+X pages found.
Oct 21 23:36:24 proveloz-z40 kernel: [    1.599014] x86/mm: Checking user space page tables
Oct 21 23:36:24 proveloz-z40 kernel: [    1.614369] x86/mm: Checked W+X mappings: passed, no W+X pages found.
Oct 21 23:36:24 proveloz-z40 kernel: [    1.614372] Run /init as init process
Oct 21 23:36:24 proveloz-z40 kernel: [    1.744535] wmi_bus wmi_bus-PNP0C14:00: WQ data block query control method not found
Oct 21 23:36:24 proveloz-z40 kernel: [    1.744540] wmi_bus wmi_bus-PNP0C14:00: WQ data block query control method not found
Oct 21 23:36:24 proveloz-z40 kernel: [    1.744543] wmi_bus wmi_bus-PNP0C14:00: WQ data block query control method not found
Oct 21 23:36:24 proveloz-z40 kernel: [    1.744547] wmi_bus wmi_bus-PNP0C14:00: WQ data block query control method not found
Oct 21 23:36:24 proveloz-z40 kernel: [    1.774138] usb 1-1: new high-speed USB device number 2 using ehci-pci
Oct 21 23:36:24 proveloz-z40 kernel: [    1.774156] usb 2-4: new high-speed USB device number 2 using xhci_hcd
Oct 21 23:36:24 proveloz-z40 kernel: [    1.780366] i801_smbus 0000:00:1f.3: SPD Write Disable is set
Oct 21 23:36:24 proveloz-z40 kernel: [    1.780397] i801_smbus 0000:00:1f.3: SMBus using PCI interrupt
Oct 21 23:36:24 proveloz-z40 kernel: [    1.781809] ACPI: watchdog: Skipping WDAT on this system because it uses RTC SRAM
Oct 21 23:36:24 proveloz-z40 kernel: [    1.783465] ahci 0000:00:1f.2: version 3.0
Oct 21 23:36:24 proveloz-z40 kernel: [    1.783755] ahci 0000:00:1f.2: SSS flag set, parallel bus scan disabled
Oct 21 23:36:24 proveloz-z40 kernel: [    1.788624] r8169 0000:01:00.0: can't disable ASPM; OS doesn't have ASPM control
Oct 21 23:36:24 proveloz-z40 kernel: [    1.793845] ahci 0000:00:1f.2: AHCI 0001.0300 32 slots 2 ports 6 Gbps 0x3 impl SATA mode
Oct 21 23:36:24 proveloz-z40 kernel: [    1.793851] ahci 0000:00:1f.2: flags: 64bit ncq stag pm led clo only pio slum part deso sadm sds apst 
Oct 21 23:36:24 proveloz-z40 kernel: [    1.794926] scsi host0: ahci
Oct 21 23:36:24 proveloz-z40 kernel: [    1.795209] scsi host1: ahci
Oct 21 23:36:24 proveloz-z40 kernel: [    1.795347] ata1: SATA max UDMA/133 abar m2048@0xc361b000 port 0xc361b100 irq 44
Oct 21 23:36:24 proveloz-z40 kernel: [    1.795351] ata2: SATA max UDMA/133 abar m2048@0xc361b000 port 0xc361b180 irq 44
Oct 21 23:36:24 proveloz-z40 kernel: [    1.806348] libphy: r8169: probed
Oct 21 23:36:24 proveloz-z40 kernel: [    1.806777] r8169 0000:01:00.0 eth0: RTL8168g/8111g, 28:d2:44:ae:88:c3, XID 509, IRQ 45
Oct 21 23:36:24 proveloz-z40 kernel: [    1.806781] r8169 0000:01:00.0 eth0: jumbo features [frames: 9200 bytes, tx checksumming: ko]
Oct 21 23:36:24 proveloz-z40 kernel: [    1.841085] r8169 0000:01:00.0 enp1s0: renamed from eth0
Oct 21 23:36:24 proveloz-z40 kernel: [    1.922389] usb 2-4: New USB device found, idVendor=0bda, idProduct=0129, bcdDevice=39.60
Oct 21 23:36:24 proveloz-z40 kernel: [    1.922392] usb 2-4: New USB device strings: Mfr=1, Product=2, SerialNumber=3
Oct 21 23:36:24 proveloz-z40 kernel: [    1.922394] usb 2-4: Product: USB2.0-CRW
Oct 21 23:36:24 proveloz-z40 kernel: [    1.922395] usb 2-4: Manufacturer: Generic
Oct 21 23:36:24 proveloz-z40 kernel: [    1.922397] usb 2-4: SerialNumber: 20100201396000000
Oct 21 23:36:24 proveloz-z40 kernel: [    1.930470] usb 1-1: New USB device found, idVendor=8087, idProduct=8000, bcdDevice= 0.04
Oct 21 23:36:24 proveloz-z40 kernel: [    1.930473] usb 1-1: New USB device strings: Mfr=0, Product=0, SerialNumber=0
Oct 21 23:36:24 proveloz-z40 kernel: [    1.930816] hub 1-1:1.0: USB hub found
Oct 21 23:36:24 proveloz-z40 kernel: [    1.930970] hub 1-1:1.0: 8 ports detected
Oct 21 23:36:24 proveloz-z40 kernel: [    2.050183] usb 2-6: new high-speed USB device number 3 using xhci_hcd
Oct 21 23:36:24 proveloz-z40 kernel: [    2.109346] ata1: SATA link up 6.0 Gbps (SStatus 133 SControl 300)
Oct 21 23:36:24 proveloz-z40 kernel: [    2.110432] ata1.00: ATA-9: KINGSTON SHSS37A960G, SAFM001B, max UDMA/133
Oct 21 23:36:24 proveloz-z40 kernel: [    2.110435] ata1.00: 1875385008 sectors, multi 0: LBA48 NCQ (depth 32), AA
Oct 21 23:36:24 proveloz-z40 kernel: [    2.110751] ata1.00: configured for UDMA/133
Oct 21 23:36:24 proveloz-z40 kernel: [    2.110985] scsi 0:0:0:0: Direct-Access     ATA      KINGSTON SHSS37A 001B PQ: 0 ANSI: 5
Oct 21 23:36:24 proveloz-z40 kernel: [    2.111260] sd 0:0:0:0: Attached scsi generic sg0 type 0
Oct 21 23:36:24 proveloz-z40 kernel: [    2.111340] sd 0:0:0:0: [sda] 1875385008 512-byte logical blocks: (960 GB/894 GiB)
Oct 21 23:36:24 proveloz-z40 kernel: [    2.111364] sd 0:0:0:0: [sda] Write Protect is off
Oct 21 23:36:24 proveloz-z40 kernel: [    2.111368] sd 0:0:0:0: [sda] Mode Sense: 00 3a 00 00
Oct 21 23:36:24 proveloz-z40 kernel: [    2.111405] sd 0:0:0:0: [sda] Write cache: enabled, read cache: enabled, doesn't support DPO or FUA
Oct 21 23:36:24 proveloz-z40 kernel: [    2.113074]  sda: sda1 sda2
Oct 21 23:36:24 proveloz-z40 kernel: [    2.113601] sd 0:0:0:0: [sda] Attached SCSI disk
Oct 21 23:36:24 proveloz-z40 kernel: [    2.217745] usb 2-6: New USB device found, idVendor=174f, idProduct=14b2, bcdDevice=11.27
Oct 21 23:36:24 proveloz-z40 kernel: [    2.217748] usb 2-6: New USB device strings: Mfr=3, Product=1, SerialNumber=2
Oct 21 23:36:24 proveloz-z40 kernel: [    2.217750] usb 2-6: Product: Lenovo EasyCamera
Oct 21 23:36:24 proveloz-z40 kernel: [    2.217751] usb 2-6: Manufacturer: Generic
Oct 21 23:36:24 proveloz-z40 kernel: [    2.217753] usb 2-6: SerialNumber: 200901010001
Oct 21 23:36:24 proveloz-z40 kernel: [    2.346181] usb 2-7: new full-speed USB device number 4 using xhci_hcd
Oct 21 23:36:24 proveloz-z40 kernel: [    2.350184] tsc: Refined TSC clocksource calibration: 1696.073 MHz
Oct 21 23:36:24 proveloz-z40 kernel: [    2.350197] clocksource: tsc: mask: 0xffffffffffffffff max_cycles: 0x1872a9796f1, max_idle_ns: 440795212049 ns
Oct 21 23:36:24 proveloz-z40 kernel: [    2.350230] clocksource: Switched to clocksource tsc
Oct 21 23:36:24 proveloz-z40 kernel: [    2.402692] psmouse serio1: elantech: assuming hardware version 4 (with firmware version 0x694f03)
Oct 21 23:36:24 proveloz-z40 kernel: [    2.417321] psmouse serio1: elantech: Synaptics capabilities query result 0x70, 0x12, 0x09.
Oct 21 23:36:24 proveloz-z40 kernel: [    2.425339] ata2: SATA link up 1.5 Gbps (SStatus 113 SControl 300)
Oct 21 23:36:24 proveloz-z40 kernel: [    2.430305] ata2.00: ATAPI: PLDS    DVD-RW DA8A5SH, RL61, max UDMA/100
Oct 21 23:36:24 proveloz-z40 kernel: [    2.432023] psmouse serio1: elantech: Elan sample query result 05, 21, a7
Oct 21 23:36:24 proveloz-z40 kernel: [    2.436838] ata2.00: configured for UDMA/100
Oct 21 23:36:24 proveloz-z40 kernel: [    2.463133] scsi 1:0:0:0: CD-ROM            PLDS     DVD-RW DA8A5SH   RL61 PQ: 0 ANSI: 5
Oct 21 23:36:24 proveloz-z40 kernel: [    2.495484] usb 2-7: New USB device found, idVendor=0cf3, idProduct=3004, bcdDevice= 0.01
Oct 21 23:36:24 proveloz-z40 kernel: [    2.495487] usb 2-7: New USB device strings: Mfr=0, Product=0, SerialNumber=0
Oct 21 23:36:24 proveloz-z40 kernel: [    2.503926] usbcore: registered new interface driver rtsx_usb
Oct 21 23:36:24 proveloz-z40 kernel: [    2.516094] input: ETPS/2 Elantech Touchpad as /devices/platform/i8042/serio1/input/input5
Oct 21 23:36:24 proveloz-z40 kernel: [    2.547907] sr 1:0:0:0: [sr0] scsi3-mmc drive: 24x/24x writer dvd-ram cd/rw xa/form2 cdda tray
Oct 21 23:36:24 proveloz-z40 kernel: [    2.547910] cdrom: Uniform CD-ROM driver Revision: 3.20
Oct 21 23:36:24 proveloz-z40 kernel: [    2.548330] sr 1:0:0:0: Attached scsi CD-ROM sr0
Oct 21 23:36:24 proveloz-z40 kernel: [    2.548435] sr 1:0:0:0: Attached scsi generic sg1 type 5
Oct 21 23:36:24 proveloz-z40 kernel: [    3.102562] EXT4-fs (sda2): mounted filesystem with ordered data mode. Opts: (null)
Oct 21 23:36:24 proveloz-z40 kernel: [    3.558622] EXT4-fs (sda2): re-mounted. Opts: errors=remount-ro
Oct 21 23:36:24 proveloz-z40 kernel: [    3.601813] lp: driver loaded but no devices found
Oct 21 23:36:24 proveloz-z40 kernel: [    3.613988] ppdev: user-space parallel port driver
Oct 21 23:36:24 proveloz-z40 kernel: [    3.774173] Adding 2097148k swap on /swapfile.  Priority:-2 extents:6 across:2260988k SSFS
Oct 21 23:36:24 proveloz-z40 kernel: [    4.416740] input: Ideapad extra buttons as /devices/pci0000:00/0000:00:1f.0/PNP0C09:00/VPC2004:00/input/input6
Oct 21 23:36:24 proveloz-z40 kernel: [    4.627059] RAPL PMU: API unit is 2^-32 Joules, 4 fixed counters, 655360 ms ovfl timer
Oct 21 23:36:24 proveloz-z40 kernel: [    4.627063] RAPL PMU: hw unit of domain pp0-core 2^-14 Joules
Oct 21 23:36:24 proveloz-z40 kernel: [    4.627065] RAPL PMU: hw unit of domain package 2^-14 Joules
Oct 21 23:36:24 proveloz-z40 kernel: [    4.627066] RAPL PMU: hw unit of domain dram 2^-14 Joules
Oct 21 23:36:24 proveloz-z40 kernel: [    4.627068] RAPL PMU: hw unit of domain pp1-gpu 2^-14 Joules
Oct 21 23:36:24 proveloz-z40 kernel: [    4.681464] cryptd: max_cpu_qlen set to 1000
Oct 21 23:36:24 proveloz-z40 kernel: [    4.757174] cfg80211: Loading compiled-in X.509 certificates for regulatory database
Oct 21 23:36:24 proveloz-z40 kernel: [    4.765800] Bluetooth: Core ver 2.22
Oct 21 23:36:24 proveloz-z40 kernel: [    4.765822] NET: Registered protocol family 31
Oct 21 23:36:24 proveloz-z40 kernel: [    4.765824] Bluetooth: HCI device and connection manager initialized
Oct 21 23:36:24 proveloz-z40 kernel: [    4.765829] Bluetooth: HCI socket layer initialized
Oct 21 23:36:24 proveloz-z40 kernel: [    4.765832] Bluetooth: L2CAP socket layer initialized
Oct 21 23:36:24 proveloz-z40 kernel: [    4.765837] Bluetooth: SCO socket layer initialized
Oct 21 23:36:24 proveloz-z40 kernel: [    4.767064] cfg80211: Loaded X.509 cert 'sforshee: 00b28ddf47aef9cea7'
Oct 21 23:36:24 proveloz-z40 kernel: [    4.882397] PKCS#7 signature not signed with a trusted key
Oct 21 23:36:24 proveloz-z40 kernel: [    4.882416] nvidia: loading out-of-tree module taints kernel.
Oct 21 23:36:24 proveloz-z40 kernel: [    4.882434] nvidia: module license 'NVIDIA' taints kernel.
Oct 21 23:36:24 proveloz-z40 kernel: [    4.882435] Disabling lock debugging due to kernel taint
Oct 21 23:36:24 proveloz-z40 kernel: [    4.889714] nvidia: module verification failed: signature and/or required key missing - tainting kernel
Oct 21 23:36:24 proveloz-z40 kernel: [    4.904314] media: Linux media interface: v0.10
Oct 21 23:36:24 proveloz-z40 kernel: [    4.929302] AVX2 version of gcm_enc/dec engaged.
Oct 21 23:36:24 proveloz-z40 kernel: [    4.929305] AES CTR mode by8 optimization enabled
Oct 21 23:36:24 proveloz-z40 kernel: [    4.948256] usbcore: registered new interface driver btusb
Oct 21 23:36:24 proveloz-z40 kernel: [    4.966028] videodev: Linux video capture interface: v2.00
Oct 21 23:36:24 proveloz-z40 kernel: [    4.987374] nvidia 0000:03:00.0: enabling device (0006 -> 0007)
Oct 21 23:36:24 proveloz-z40 kernel: [    4.990125] [drm] Initialized nvidia-drm 0.0.0 20150116 for 0000:03:00.0 on minor 0
Oct 21 23:36:24 proveloz-z40 kernel: [    4.990134] NVRM: loading NVIDIA UNIX x86_64 Kernel Module  340.107  Thu May 24 21:54:01 PDT 2018
Oct 21 23:36:24 proveloz-z40 kernel: [    5.024178] usb 2-7: USB disconnect, device number 4
Oct 21 23:36:24 proveloz-z40 kernel: [    5.025558] usbcore: registered new interface driver ath3k
Oct 21 23:36:24 proveloz-z40 kernel: [    5.056675] uvcvideo: Found UVC 1.00 device Lenovo EasyCamera (174f:14b2)
Oct 21 23:36:24 proveloz-z40 kernel: [    5.058987] VFIO - User Level meta-driver version: 0.3
Oct 21 23:36:24 proveloz-z40 kernel: [    5.077600] uvcvideo 2-6:1.0: Entity type for entity Extension 4 was not initialized!
Oct 21 23:36:24 proveloz-z40 kernel: [    5.077604] uvcvideo 2-6:1.0: Entity type for entity Processing 2 was not initialized!
Oct 21 23:36:24 proveloz-z40 kernel: [    5.077607] uvcvideo 2-6:1.0: Entity type for entity Camera 1 was not initialized!
Oct 21 23:36:24 proveloz-z40 kernel: [    5.077757] input: Lenovo EasyCamera: Lenovo EasyC as /devices/pci0000:00/0000:00:14.0/usb2/2-6/2-6:1.0/input/input7
Oct 21 23:36:24 proveloz-z40 kernel: [    5.077904] usbcore: registered new interface driver uvcvideo
Oct 21 23:36:24 proveloz-z40 kernel: [    5.077905] USB Video Class driver (1.1.1)
Oct 21 23:36:24 proveloz-z40 kernel: [    5.091580] ath: phy0: WB335 2-ANT card detected
Oct 21 23:36:24 proveloz-z40 kernel: [    5.091582] ath: phy0: Set BT/WLAN RX diversity capability
Oct 21 23:36:24 proveloz-z40 kernel: [    5.105410] ath: phy0: Enable LNA combining
Oct 21 23:36:24 proveloz-z40 kernel: [    5.113338] ath: phy0: ASPM enabled: 0x43
Oct 21 23:36:24 proveloz-z40 kernel: [    5.113343] ath: EEPROM regdomain: 0x6a
Oct 21 23:36:24 proveloz-z40 kernel: [    5.113344] ath: EEPROM indicates we should expect a direct regpair map
Oct 21 23:36:24 proveloz-z40 kernel: [    5.113347] ath: Country alpha2 being used: 00
Oct 21 23:36:24 proveloz-z40 kernel: [    5.113348] ath: Regpair used: 0x6a
Oct 21 23:36:24 proveloz-z40 kernel: [    5.156905] ieee80211 phy0: Selected rate control algorithm 'minstrel_ht'
Oct 21 23:36:24 proveloz-z40 kernel: [    5.157789] ieee80211 phy0: Atheros AR9565 Rev:1 mem=0xffffa3f902600000, irq=19
Oct 21 23:36:24 proveloz-z40 kernel: [    5.225526] kvm: disabled by bios
Oct 21 23:36:24 proveloz-z40 kernel: [    5.281848] checking generic (d0000000 410000) vs hw (d0000000 10000000)
Oct 21 23:36:24 proveloz-z40 kernel: [    5.281851] fb0: switching to inteldrmfb from EFI VGA
Oct 21 23:36:24 proveloz-z40 kernel: [    5.282028] Console: switching to colour dummy device 80x25
Oct 21 23:36:24 proveloz-z40 kernel: [    5.282794] [drm] Replacing VGA console driver
Oct 21 23:36:24 proveloz-z40 kernel: [    5.283216] kvm: disabled by bios
Oct 21 23:36:24 proveloz-z40 kernel: [    5.284590] [drm] Supports vblank timestamp caching Rev 2 (21.10.2013).
Oct 21 23:36:24 proveloz-z40 kernel: [    5.284592] [drm] Driver supports precise vblank timestamp query.
Oct 21 23:36:24 proveloz-z40 kernel: [    5.330138] usb 2-7: new full-speed USB device number 5 using xhci_hcd
Oct 21 23:36:24 proveloz-z40 kernel: [    5.336419] kvm: disabled by bios
Oct 21 23:36:24 proveloz-z40 kernel: [    5.358716] intel_rapl: Found RAPL domain package
Oct 21 23:36:24 proveloz-z40 kernel: [    5.358720] intel_rapl: Found RAPL domain core
Oct 21 23:36:24 proveloz-z40 kernel: [    5.358722] intel_rapl: Found RAPL domain uncore
Oct 21 23:36:24 proveloz-z40 kernel: [    5.358723] intel_rapl: Found RAPL domain dram
Oct 21 23:36:24 proveloz-z40 kernel: [    5.358728] intel_rapl: RAPL package 0 domain package locked by BIOS
Oct 21 23:36:24 proveloz-z40 kernel: [    5.359353] [drm] Initialized i915 1.6.0 20181204 for 0000:00:02.0 on minor 1
Oct 21 23:36:24 proveloz-z40 kernel: [    5.360991] [Firmware Bug]: ACPI(PEGP) defines _DOD but not _DOS
Oct 21 23:36:24 proveloz-z40 kernel: [    5.363604] ACPI: Video Device [PEGP] (multi-head: yes  rom: yes  post: no)
Oct 21 23:36:24 proveloz-z40 kernel: [    5.363624] ACPI BIOS Error (bug): Could not resolve [\_SB.PCI0.GFX0.DD02._BCL], AE_NOT_FOUND (20181213/psargs-330)
Oct 21 23:36:24 proveloz-z40 kernel: [    5.363646] No Local Variables are initialized for Method [_BCL]
Oct 21 23:36:24 proveloz-z40 kernel: [    5.363650] No Arguments are initialized for method [_BCL]
Oct 21 23:36:24 proveloz-z40 kernel: [    5.363654] ACPI Error: Method parse/execution failed \_SB.PCI0.RP05.PEGP.DD02._BCL, AE_NOT_FOUND (20181213/psparse-531)
Oct 21 23:36:24 proveloz-z40 kernel: [    5.363775] input: Video Bus as /devices/LNXSYSTM:00/LNXSYBUS:00/PNP0A08:00/device:31/LNXVIDEO:00/input/input8
Oct 21 23:36:24 proveloz-z40 kernel: [    5.422061] kvm: disabled by bios
Oct 21 23:36:24 proveloz-z40 kernel: [    5.429100] snd_hda_codec_conexant hdaudioC1D0: CX20751/2: BIOS auto-probing.
Oct 21 23:36:24 proveloz-z40 kernel: [    5.429415] snd_hda_codec_conexant hdaudioC1D0: autoconfig for CX20751/2: line_outs=1 (0x17/0x0/0x0/0x0/0x0) type:speaker
Oct 21 23:36:24 proveloz-z40 kernel: [    5.429419] snd_hda_codec_conexant hdaudioC1D0:    speaker_outs=0 (0x0/0x0/0x0/0x0/0x0)
Oct 21 23:36:24 proveloz-z40 kernel: [    5.429422] snd_hda_codec_conexant hdaudioC1D0:    hp_outs=1 (0x16/0x0/0x0/0x0/0x0)
Oct 21 23:36:24 proveloz-z40 kernel: [    5.429424] snd_hda_codec_conexant hdaudioC1D0:    mono: mono_out=0x0
Oct 21 23:36:24 proveloz-z40 kernel: [    5.429426] snd_hda_codec_conexant hdaudioC1D0:    inputs:
Oct 21 23:36:24 proveloz-z40 kernel: [    5.429429] snd_hda_codec_conexant hdaudioC1D0:      Internal Mic=0x1a
Oct 21 23:36:24 proveloz-z40 kernel: [    5.429432] snd_hda_codec_conexant hdaudioC1D0:      Mic=0x19
Oct 21 23:36:24 proveloz-z40 kernel: [    5.430232] snd_hda_codec_conexant hdaudioC1D0: Enable sync_write for stable communication
Oct 21 23:36:24 proveloz-z40 kernel: [    5.436318] input: HDA Intel PCH Mic as /devices/pci0000:00/0000:00:1b.0/sound/card1/input9
Oct 21 23:36:24 proveloz-z40 kernel: [    5.436433] input: HDA Intel PCH Headphone as /devices/pci0000:00/0000:00:1b.0/sound/card1/input10
Oct 21 23:36:24 proveloz-z40 kernel: [    5.436558] ACPI: Video Device [GFX0] (multi-head: yes  rom: no  post: no)
Oct 21 23:36:24 proveloz-z40 kernel: [    5.437120] input: Video Bus as /devices/LNXSYSTM:00/LNXSYBUS:00/PNP0A08:00/LNXVIDEO:01/input/input11
Oct 21 23:36:24 proveloz-z40 kernel: [    5.437268] snd_hda_intel 0000:00:03.0: Linked as a consumer to 0000:00:02.0
Oct 21 23:36:24 proveloz-z40 kernel: [    5.437368] snd_hda_intel 0000:00:03.0: bound 0000:00:02.0 (ops i915_audio_component_bind_ops [i915])
Oct 21 23:36:24 proveloz-z40 kernel: [    5.441243] fbcon: inteldrmfb (fb0) is primary device
Oct 21 23:36:24 proveloz-z40 kernel: [    5.441338] Console: switching to colour frame buffer device 170x48
Oct 21 23:36:24 proveloz-z40 kernel: [    5.441364] i915 0000:00:02.0: fb0: inteldrmfb frame buffer device
Oct 21 23:36:24 proveloz-z40 kernel: [    5.502060] input: HDA Intel HDMI HDMI/DP,pcm=3 as /devices/pci0000:00/0000:00:03.0/sound/card0/input12
Oct 21 23:36:24 proveloz-z40 kernel: [    5.502200] input: HDA Intel HDMI HDMI/DP,pcm=7 as /devices/pci0000:00/0000:00:03.0/sound/card0/input13
Oct 21 23:36:24 proveloz-z40 kernel: [    5.502322] input: HDA Intel HDMI HDMI/DP,pcm=8 as /devices/pci0000:00/0000:00:03.0/sound/card0/input14
Oct 21 23:36:24 proveloz-z40 kernel: [    5.502453] input: HDA Intel HDMI HDMI/DP,pcm=9 as /devices/pci0000:00/0000:00:03.0/sound/card0/input15
Oct 21 23:36:24 proveloz-z40 kernel: [    5.503033] input: HDA Intel HDMI HDMI/DP,pcm=10 as /devices/pci0000:00/0000:00:03.0/sound/card0/input16
Oct 21 23:36:24 proveloz-z40 kernel: [    5.580872] ath9k 0000:02:00.0 wlp2s0: renamed from wlan0
Oct 21 23:36:24 proveloz-z40 kernel: [    5.599429] ACPI Warning: \_SB.PCI0.RP05.PEGP._DSM: Argument #4 type mismatch - Found [Buffer], ACPI requires [Package] (20181213/nsarguments-66)
Oct 21 23:36:24 proveloz-z40 kernel: [    6.481431] audit: type=1400 audit(1571711783.442:2): apparmor="STATUS" operation="profile_load" profile="unconfined" name="/sbin/dhclient" pid=771 comm="apparmor_parser"
Oct 21 23:36:24 proveloz-z40 kernel: [    6.481437] audit: type=1400 audit(1571711783.442:3): apparmor="STATUS" operation="profile_load" profile="unconfined" name="/usr/lib/NetworkManager/nm-dhcp-client.action" pid=771 comm="apparmor_parser"
Oct 21 23:36:24 proveloz-z40 kernel: [    6.481441] audit: type=1400 audit(1571711783.442:4): apparmor="STATUS" operation="profile_load" profile="unconfined" name="/usr/lib/NetworkManager/nm-dhcp-helper" pid=771 comm="apparmor_parser"
Oct 21 23:36:24 proveloz-z40 kernel: [    6.481445] audit: type=1400 audit(1571711783.442:5): apparmor="STATUS" operation="profile_load" profile="unconfined" name="/usr/lib/connman/scripts/dhclient-script" pid=771 comm="apparmor_parser"
Oct 21 23:36:24 proveloz-z40 kernel: [    6.483548] audit: type=1400 audit(1571711783.446:6): apparmor="STATUS" operation="profile_load" profile="unconfined" name="/usr/lib/snapd/snap-confine" pid=773 comm="apparmor_parser"
Oct 21 23:36:24 proveloz-z40 kernel: [    6.483554] audit: type=1400 audit(1571711783.446:7): apparmor="STATUS" operation="profile_load" profile="unconfined" name="/usr/lib/snapd/snap-confine//mount-namespace-capture-helper" pid=773 comm="apparmor_parser"
Oct 21 23:36:24 proveloz-z40 kernel: [    6.487069] audit: type=1400 audit(1571711783.450:8): apparmor="STATUS" operation="profile_load" profile="unconfined" name="/usr/bin/man" pid=775 comm="apparmor_parser"
Oct 21 23:36:24 proveloz-z40 kernel: [    6.487075] audit: type=1400 audit(1571711783.450:9): apparmor="STATUS" operation="profile_load" profile="unconfined" name="man_filter" pid=775 comm="apparmor_parser"
Oct 21 23:36:24 proveloz-z40 kernel: [    6.487080] audit: type=1400 audit(1571711783.450:10): apparmor="STATUS" operation="profile_load" profile="unconfined" name="man_groff" pid=775 comm="apparmor_parser"
Oct 21 23:36:24 proveloz-z40 kernel: [    6.496165] audit: type=1400 audit(1571711783.458:11): apparmor="STATUS" operation="profile_load" profile="unconfined" name="/usr/sbin/tcpdump" pid=781 comm="apparmor_parser"
Oct 21 23:36:24 proveloz-z40 kernel: [    6.658933] PKCS#7 signature not signed with a trusted key
Oct 21 23:36:24 proveloz-z40 kernel: [    6.660013] nvidia_uvm: Loaded the UVM driver, major device number 237
Oct 21 23:36:25 proveloz-z40 kernel: [    9.004265] Generic PHY r8169-100:00: attached PHY driver [Generic PHY] (mii_bus:phy_addr=r8169-100:00, irq=IGNORE)
Oct 21 23:36:26 proveloz-z40 kernel: [    9.109545] r8169 0000:01:00.0 enp1s0: Link is Down
Oct 21 23:36:27 proveloz-z40 kernel: [   10.342363] wlp2s0: authenticate with fc:b4:e6:da:3f:68
Oct 21 23:36:27 proveloz-z40 kernel: [   10.354974] wlp2s0: send auth to fc:b4:e6:da:3f:68 (try 1/3)
Oct 21 23:36:27 proveloz-z40 kernel: [   10.363460] wlp2s0: authenticated
Oct 21 23:36:27 proveloz-z40 kernel: [   10.366154] wlp2s0: associate with fc:b4:e6:da:3f:68 (try 1/3)
Oct 21 23:36:27 proveloz-z40 kernel: [   10.372722] wlp2s0: RX AssocResp from fc:b4:e6:da:3f:68 (capab=0x411 status=0 aid=4)
Oct 21 23:36:27 proveloz-z40 kernel: [   10.372871] wlp2s0: associated
Oct 21 23:36:27 proveloz-z40 kernel: [   10.563212] usb 2-7: New USB device found, idVendor=0cf3, idProduct=3004, bcdDevice= 0.02
Oct 21 23:36:27 proveloz-z40 kernel: [   10.563215] usb 2-7: New USB device strings: Mfr=0, Product=0, SerialNumber=0
Oct 21 23:36:27 proveloz-z40 kernel: [   10.641868] Bluetooth: BNEP (Ethernet Emulation) ver 1.3
Oct 21 23:36:27 proveloz-z40 kernel: [   10.641872] Bluetooth: BNEP filters: protocol multicast
Oct 21 23:36:27 proveloz-z40 kernel: [   10.641878] Bluetooth: BNEP socket layer initialized
Oct 21 23:36:27 proveloz-z40 kernel: [   10.852714] IPv6: ADDRCONF(NETDEV_CHANGE): wlp2s0: link becomes ready
Oct 21 23:36:35 proveloz-z40 kernel: [   18.738385] kauditd_printk_skb: 35 callbacks suppressed
Oct 21 23:36:35 proveloz-z40 kernel: [   18.738388] audit: type=1400 audit(1571711795.702:47): apparmor="STATUS" operation="profile_replace" profile="unconfined" name="snap.gnome-system-monitor.gnome-system-monitor" pid=1845 comm="apparmor_parser"
Oct 21 23:36:36 proveloz-z40 kernel: [   19.256354] Bluetooth: RFCOMM TTY layer initialized
Oct 21 23:36:36 proveloz-z40 kernel: [   19.256362] Bluetooth: RFCOMM socket layer initialized
Oct 21 23:36:36 proveloz-z40 kernel: [   19.256370] Bluetooth: RFCOMM ver 1.11
Oct 21 23:36:36 proveloz-z40 kernel: [   19.928013] rfkill: input handler disabled
Oct 21 23:36:44 proveloz-z40 kernel: [   27.237049] audit: type=1400 audit(1571711804.198:48): apparmor="STATUS" operation="profile_replace" profile="unconfined" name="snap-update-ns.gnome-system-monitor" pid=1844 comm="apparmor_parser"
Oct 21 23:36:44 proveloz-z40 kernel: [   27.337745] audit: type=1400 audit(1571711804.298:49): apparmor="STATUS" operation="profile_replace" info="same as current profile, skipping" profile="unconfined" name="/snap/core/7917/usr/lib/snapd/snap-confine" pid=2245 comm="apparmor_parser"
Oct 21 23:36:44 proveloz-z40 kernel: [   27.337752] audit: type=1400 audit(1571711804.298:50): apparmor="STATUS" operation="profile_replace" info="same as current profile, skipping" profile="unconfined" name="/snap/core/7917/usr/lib/snapd/snap-confine//mount-namespace-capture-helper" pid=2245 comm="apparmor_parser"
Oct 21 23:36:44 proveloz-z40 kernel: [   27.345727] audit: type=1400 audit(1571711804.306:51): apparmor="STATUS" operation="profile_replace" info="same as current profile, skipping" profile="unconfined" name="snap-update-ns.core" pid=2247 comm="apparmor_parser"
Oct 21 23:36:44 proveloz-z40 kernel: [   27.347179] audit: type=1400 audit(1571711804.310:52): apparmor="STATUS" operation="profile_replace" info="same as current profile, skipping" profile="unconfined" name="snap.core.hook.configure" pid=2248 comm="apparmor_parser"
Oct 21 23:36:45 proveloz-z40 kernel: [   28.773848] audit: type=1400 audit(1571711805.734:53): apparmor="STATUS" operation="profile_replace" profile="unconfined" name="snap.gnome-calculator.gnome-calculator" pid=2264 comm="apparmor_parser"
Oct 21 23:36:54 proveloz-z40 kernel: [   37.791178] audit: type=1400 audit(1571711814.754:54): apparmor="STATUS" operation="profile_replace" profile="unconfined" name="snap-update-ns.gnome-calculator" pid=2263 comm="apparmor_parser"
Oct 21 23:36:54 proveloz-z40 kernel: [   37.903274] audit: type=1400 audit(1571711814.866:55): apparmor="STATUS" operation="profile_replace" info="same as current profile, skipping" profile="unconfined" name="/snap/core/7917/usr/lib/snapd/snap-confine" pid=2609 comm="apparmor_parser"
Oct 21 23:36:54 proveloz-z40 kernel: [   37.903280] audit: type=1400 audit(1571711814.866:56): apparmor="STATUS" operation="profile_replace" info="same as current profile, skipping" profile="unconfined" name="/snap/core/7917/usr/lib/snapd/snap-confine//mount-namespace-capture-helper" pid=2609 comm="apparmor_parser"
Oct 21 23:36:54 proveloz-z40 kernel: [   37.915185] audit: type=1400 audit(1571711814.878:57): apparmor="STATUS" operation="profile_replace" info="same as current profile, skipping" profile="unconfined" name="snap-update-ns.core" pid=2611 comm="apparmor_parser"
Oct 21 23:36:54 proveloz-z40 kernel: [   37.917322] audit: type=1400 audit(1571711814.878:58): apparmor="STATUS" operation="profile_replace" info="same as current profile, skipping" profile="unconfined" name="snap.core.hook.configure" pid=2612 comm="apparmor_parser"
Oct 21 23:36:55 proveloz-z40 kernel: [   39.162074] audit: type=1400 audit(1571711815.125:59): apparmor="STATUS" operation="profile_replace" profile="unconfined" name="snap.gnome-characters.gnome-characters" pid=2625 comm="apparmor_parser"
Oct 21 23:37:02 proveloz-z40 kernel: [   46.777102] audit: type=1400 audit(1571711822.741:60): apparmor="STATUS" operation="profile_replace" profile="unconfined" name="snap-update-ns.gnome-characters" pid=2624 comm="apparmor_parser"
Oct 21 23:37:02 proveloz-z40 kernel: [   46.920608] audit: type=1400 audit(1571711822.885:61): apparmor="STATUS" operation="profile_replace" info="same as current profile, skipping" profile="unconfined" name="/snap/core/7917/usr/lib/snapd/snap-confine" pid=2716 comm="apparmor_parser"
Oct 21 23:37:02 proveloz-z40 kernel: [   46.920614] audit: type=1400 audit(1571711822.885:62): apparmor="STATUS" operation="profile_replace" info="same as current profile, skipping" profile="unconfined" name="/snap/core/7917/usr/lib/snapd/snap-confine//mount-namespace-capture-helper" pid=2716 comm="apparmor_parser"
Oct 21 23:37:02 proveloz-z40 kernel: [   46.930766] audit: type=1400 audit(1571711822.897:63): apparmor="STATUS" operation="profile_replace" info="same as current profile, skipping" profile="unconfined" name="snap-update-ns.core" pid=2718 comm="apparmor_parser"
Oct 21 23:37:02 proveloz-z40 kernel: [   46.932372] audit: type=1400 audit(1571711822.897:64): apparmor="STATUS" operation="profile_replace" info="same as current profile, skipping" profile="unconfined" name="snap.core.hook.configure" pid=2719 comm="apparmor_parser"
Oct 21 23:37:06 proveloz-z40 kernel: [   50.331548] audit: type=1400 audit(1571711826.297:65): apparmor="STATUS" operation="profile_replace" profile="unconfined" name="snap.gnome-calculator.gnome-calculator" pid=2824 comm="apparmor_parser"
Oct 21 23:37:13 proveloz-z40 kernel: [   57.041183] audit: type=1400 audit(1571711833.005:66): apparmor="STATUS" operation="profile_replace" info="same as current profile, skipping" profile="unconfined" name="snap-update-ns.gnome-calculator" pid=2823 comm="apparmor_parser"
Oct 21 23:37:13 proveloz-z40 kernel: [   57.140094] audit: type=1400 audit(1571711833.105:67): apparmor="STATUS" operation="profile_replace" info="same as current profile, skipping" profile="unconfined" name="/snap/core/7917/usr/lib/snapd/snap-confine" pid=2852 comm="apparmor_parser"
Oct 21 23:37:13 proveloz-z40 kernel: [   57.140102] audit: type=1400 audit(1571711833.105:68): apparmor="STATUS" operation="profile_replace" info="same as current profile, skipping" profile="unconfined" name="/snap/core/7917/usr/lib/snapd/snap-confine//mount-namespace-capture-helper" pid=2852 comm="apparmor_parser"
Oct 21 23:37:13 proveloz-z40 kernel: [   57.149502] audit: type=1400 audit(1571711833.113:69): apparmor="STATUS" operation="profile_replace" info="same as current profile, skipping" profile="unconfined" name="snap-update-ns.core" pid=2854 comm="apparmor_parser"
Oct 21 23:37:13 proveloz-z40 kernel: [   57.151403] audit: type=1400 audit(1571711833.117:70): apparmor="STATUS" operation="profile_replace" info="same as current profile, skipping" profile="unconfined" name="snap.core.hook.configure" pid=2855 comm="apparmor_parser"
Oct 22 00:29:36 proveloz-z40 kernel: [ 3200.382457] perf: interrupt took too long (2541 > 2500), lowering kernel.perf_event_max_sample_rate to 78500
Oct 22 00:43:37 proveloz-z40 kernel: [ 4041.195228] perf: interrupt took too long (3188 > 3176), lowering kernel.perf_event_max_sample_rate to 62500
Oct 22 01:14:28 proveloz-z40 kernel: [ 5892.081953] perf: interrupt took too long (4015 > 3985), lowering kernel.perf_event_max_sample_rate to 49750
Oct 22 01:16:23 proveloz-z40 kernel: [ 6007.398972] acpi device:26: Cannot transition to power state D3hot for parent in (unknown)
Oct 22 01:16:23 proveloz-z40 kernel: [ 6007.400981] pci_bus 0000:01: Allocating resources
Oct 22 01:16:23 proveloz-z40 kernel: [ 6007.400999] pcieport 0000:00:1c.0: bridge window [mem 0x00100000-0x000fffff 64bit pref] to [bus 01] add_size 200000 add_align 100000
Oct 22 01:16:23 proveloz-z40 kernel: [ 6007.401008] pci_bus 0000:02: Allocating resources
Oct 22 01:16:23 proveloz-z40 kernel: [ 6007.401023] pcieport 0000:00:1c.3: bridge window [io  0x1000-0x0fff] to [bus 02] add_size 1000
Oct 22 01:16:23 proveloz-z40 kernel: [ 6007.401026] pcieport 0000:00:1c.3: bridge window [mem 0x00100000-0x000fffff 64bit pref] to [bus 02] add_size 200000 add_align 100000
Oct 22 01:16:23 proveloz-z40 kernel: [ 6007.401033] pci_bus 0000:03: Allocating resources
Oct 22 01:16:23 proveloz-z40 kernel: [ 6007.401059] pcieport 0000:00:1c.0: BAR 15: assigned [mem 0xafb00000-0xafcfffff 64bit pref]
Oct 22 01:16:23 proveloz-z40 kernel: [ 6007.401065] pcieport 0000:00:1c.3: BAR 15: assigned [mem 0xafd00000-0xafefffff 64bit pref]
Oct 22 01:16:23 proveloz-z40 kernel: [ 6007.401070] pcieport 0000:00:1c.3: BAR 13: assigned [io  0x2000-0x2fff]
Oct 22 01:16:25 proveloz-z40 kernel: [ 6009.608005] PM: suspend entry (deep)
Oct 22 01:16:25 proveloz-z40 kernel: [ 6009.608009] PM: Syncing filesystems ... done.
Oct 22 01:16:25 proveloz-z40 kernel: [ 6009.936515] rfkill: input handler enabled
Oct 23 17:42:42 proveloz-z40 kernel: [ 6009.971874] Freezing user space processes ... (elapsed 0.003 seconds) done.
Oct 23 17:42:42 proveloz-z40 kernel: [ 6009.975398] OOM killer disabled.
Oct 23 17:42:42 proveloz-z40 kernel: [ 6009.975399] Freezing remaining freezable tasks ... (elapsed 0.001 seconds) done.
Oct 23 17:42:42 proveloz-z40 kernel: [ 6009.976928] printk: Suspending console(s) (use no_console_suspend to debug)
Oct 23 17:42:42 proveloz-z40 kernel: [ 6009.977399] wlp2s0: deauthenticating from fc:b4:e6:da:3f:68 by local choice (Reason: 3=DEAUTH_LEAVING)
Oct 23 17:42:42 proveloz-z40 kernel: [ 6010.107687] sd 0:0:0:0: [sda] Synchronizing SCSI cache
Oct 23 17:42:42 proveloz-z40 kernel: [ 6010.108623] sd 0:0:0:0: [sda] Stopping disk
Oct 23 17:42:42 proveloz-z40 kernel: [ 6010.420369] ACPI: EC: interrupt blocked
