Oct 29 00:54:56 proveloz-z40 kernel: [112566.417275] acpi device:26: Cannot transition to power state D3hot for parent in (unknown)
Oct 29 00:54:56 proveloz-z40 kernel: [112566.418538] pci_bus 0000:01: Allocating resources
Oct 29 00:54:56 proveloz-z40 kernel: [112566.418558] pci_bus 0000:02: Allocating resources
Oct 29 00:54:56 proveloz-z40 kernel: [112566.418576] pci_bus 0000:03: Allocating resources
Oct 29 00:54:58 proveloz-z40 kernel: [112569.041137] PM: suspend entry (deep)
Oct 29 00:54:58 proveloz-z40 kernel: [112569.041140] PM: Syncing filesystems ... done.
Oct 29 00:54:59 proveloz-z40 kernel: [112569.400812] rfkill: input handler enabled
Oct 29 09:11:58 proveloz-z40 kernel: [112569.438293] Freezing user space processes ... (elapsed 0.004 seconds) done.
Oct 29 09:11:58 proveloz-z40 kernel: [112569.442588] OOM killer disabled.
Oct 29 09:11:58 proveloz-z40 kernel: [112569.442589] Freezing remaining freezable tasks ... (elapsed 0.001 seconds) done.
Oct 29 09:11:58 proveloz-z40 kernel: [112569.444214] printk: Suspending console(s) (use no_console_suspend to debug)
Oct 29 09:11:58 proveloz-z40 kernel: [112569.444764] wlp2s0: deauthenticating from fc:b4:e6:da:3f:68 by local choice (Reason: 3=DEAUTH_LEAVING)
Oct 29 09:11:58 proveloz-z40 kernel: [112569.573865] sd 0:0:0:0: [sda] Synchronizing SCSI cache
Oct 29 09:11:58 proveloz-z40 kernel: [112569.574769] sd 0:0:0:0: [sda] Stopping disk
Oct 29 09:11:58 proveloz-z40 kernel: [112569.890742] ACPI: EC: interrupt blocked
Oct 29 09:11:58 proveloz-z40 kernel: [112569.914131] ACPI: Preparing to enter system sleep state S3
Oct 29 09:11:58 proveloz-z40 kernel: [112569.921744] ACPI: EC: event blocked
Oct 29 09:11:58 proveloz-z40 kernel: [112569.921745] ACPI: EC: EC stopped
Oct 29 09:11:58 proveloz-z40 kernel: [112569.921746] PM: Saving platform NVS memory
Oct 29 09:11:58 proveloz-z40 kernel: [112569.921765] Disabling non-boot CPUs ...
Oct 29 09:11:58 proveloz-z40 kernel: [112569.922528] IRQ 50: no longer affine to CPU1
Oct 29 09:11:58 proveloz-z40 kernel: [112569.924132] smpboot: CPU 1 is now offline
Oct 29 09:11:58 proveloz-z40 kernel: [112569.929067] IRQ 44: no longer affine to CPU2
Oct 29 09:11:58 proveloz-z40 kernel: [112569.930789] smpboot: CPU 2 is now offline
Oct 29 09:11:58 proveloz-z40 kernel: [112569.934241] IRQ 19: no longer affine to CPU3
Oct 29 09:11:58 proveloz-z40 kernel: [112569.934246] IRQ 23: no longer affine to CPU3
Oct 29 09:11:58 proveloz-z40 kernel: [112569.934250] IRQ 43: no longer affine to CPU3
Oct 29 09:11:58 proveloz-z40 kernel: [112569.935313] smpboot: CPU 3 is now offline
Oct 29 09:11:58 proveloz-z40 kernel: [112569.940369] ACPI: Low-level resume complete
Oct 29 09:11:58 proveloz-z40 kernel: [112569.940475] ACPI: EC: EC started
Oct 29 09:11:58 proveloz-z40 kernel: [112569.940476] PM: Restoring platform NVS memory
Oct 29 09:11:58 proveloz-z40 kernel: [112569.946160] mce: [Hardware Error]: Machine check events logged
Oct 29 09:11:58 proveloz-z40 kernel: [112569.946166] mce: [Hardware Error]: Machine check events logged
Oct 29 09:11:58 proveloz-z40 kernel: [112569.946335] Enabling non-boot CPUs ...
Oct 29 09:11:58 proveloz-z40 kernel: [112569.946442] x86: Booting SMP configuration:
Oct 29 09:11:58 proveloz-z40 kernel: [112569.946445] smpboot: Booting Node 0 Processor 1 APIC 0x1
Oct 29 09:11:58 proveloz-z40 kernel: [112569.947349]  cache: parent cpu1 should not be sleeping
Oct 29 09:11:58 proveloz-z40 kernel: [112569.948041] CPU1 is up
Oct 29 09:11:58 proveloz-z40 kernel: [112569.948111] smpboot: Booting Node 0 Processor 2 APIC 0x2
Oct 29 09:11:58 proveloz-z40 kernel: [112569.952000]  cache: parent cpu2 should not be sleeping
Oct 29 09:11:58 proveloz-z40 kernel: [112569.952580] CPU2 is up
Oct 29 09:11:58 proveloz-z40 kernel: [112569.952633] smpboot: Booting Node 0 Processor 3 APIC 0x3
Oct 29 09:11:58 proveloz-z40 kernel: [112569.953354]  cache: parent cpu3 should not be sleeping
Oct 29 09:11:58 proveloz-z40 kernel: [112569.953855] CPU3 is up
Oct 29 09:11:58 proveloz-z40 kernel: [112569.961523] ACPI: Waking up from system sleep state S3
Oct 29 09:11:58 proveloz-z40 kernel: [112569.963980] ACPI: EC: interrupt unblocked
Oct 29 09:11:58 proveloz-z40 kernel: [112569.965178] nvidia 0000:03:00.0: Enabling HDA controller
Oct 29 09:11:58 proveloz-z40 kernel: [112570.113743] ath: phy0: RX failed to go idle in 10 ms RXSM=0xdeadbeef
Oct 29 09:11:58 proveloz-z40 kernel: [112570.127498] ath: phy0: DMA failed to stop in 10 ms AR_CR=0xdeadbeef AR_DIAG_SW=0xdeadbeef DMADBG_7=0xdeadbeef
Oct 29 09:11:58 proveloz-z40 kernel: [112570.128177] ACPI: EC: event unblocked
Oct 29 09:11:58 proveloz-z40 kernel: [112570.128413] ath: phy0: ASPM enabled: 0x43
Oct 29 09:11:58 proveloz-z40 kernel: [112570.138497] sd 0:0:0:0: [sda] Starting disk
Oct 29 09:11:58 proveloz-z40 kernel: [112570.236700] r8169 0000:01:00.0 enp1s0: Link is Down
Oct 29 09:11:58 proveloz-z40 kernel: [112570.376470] usb 2-4: reset high-speed USB device number 2 using xhci_hcd
Oct 29 09:11:58 proveloz-z40 kernel: [112570.451744] ata2: SATA link up 1.5 Gbps (SStatus 113 SControl 300)
Oct 29 09:11:58 proveloz-z40 kernel: [112570.451778] ata1: SATA link up 6.0 Gbps (SStatus 133 SControl 300)
Oct 29 09:11:58 proveloz-z40 kernel: [112570.453884] ata1.00: configured for UDMA/133
Oct 29 09:11:58 proveloz-z40 kernel: [112570.455533] ata2.00: configured for UDMA/100
Oct 29 09:11:58 proveloz-z40 kernel: [112570.652507] usb 2-6: reset high-speed USB device number 3 using xhci_hcd
Oct 29 09:11:58 proveloz-z40 kernel: [112570.928680] usb 2-7: reset full-speed USB device number 29 using xhci_hcd
Oct 29 09:11:58 proveloz-z40 kernel: [112571.076604] usb 2-7: device firmware changed
Oct 29 09:11:58 proveloz-z40 kernel: [112571.344611] usb 2-3: reset low-speed USB device number 25 using xhci_hcd
Oct 29 09:11:58 proveloz-z40 kernel: [112571.637890] acpi LNXPOWER:01: Turning OFF
Oct 29 09:11:58 proveloz-z40 kernel: [112571.638103] OOM killer enabled.
Oct 29 09:11:58 proveloz-z40 kernel: [112571.638105] Restarting tasks ... 
Oct 29 09:11:58 proveloz-z40 kernel: [112571.654029] pci_bus 0000:01: Allocating resources
Oct 29 09:11:58 proveloz-z40 kernel: [112571.654055] pci_bus 0000:02: Allocating resources
Oct 29 09:11:58 proveloz-z40 kernel: [112571.654076] pci_bus 0000:03: Allocating resources
Oct 29 09:11:58 proveloz-z40 kernel: [112571.654904] pci_bus 0000:01: Allocating resources
Oct 29 09:11:58 proveloz-z40 kernel: [112571.654926] pci_bus 0000:02: Allocating resources
Oct 29 09:11:58 proveloz-z40 kernel: [112571.654950] pci_bus 0000:03: Allocating resources
Oct 29 09:11:58 proveloz-z40 kernel: [112571.662510] done.
Oct 29 09:11:58 proveloz-z40 kernel: [112571.688175] usb 2-7: USB disconnect, device number 29
Oct 29 09:11:58 proveloz-z40 kernel: [112571.761758] PM: suspend exit
Oct 29 09:11:58 proveloz-z40 kernel: [112571.816175] usb 2-7: new full-speed USB device number 30 using xhci_hcd
Oct 29 09:11:59 proveloz-z40 kernel: [112571.969263] usb 2-7: New USB device found, idVendor=0cf3, idProduct=3004, bcdDevice= 0.01
Oct 29 09:11:59 proveloz-z40 kernel: [112571.969269] usb 2-7: New USB device strings: Mfr=0, Product=0, SerialNumber=0
Oct 29 09:11:59 proveloz-z40 kernel: [112572.025308] usb 2-7: USB disconnect, device number 30
Oct 29 09:11:59 proveloz-z40 kernel: [112572.042744] rfkill: input handler disabled
Oct 29 09:11:59 proveloz-z40 kernel: [112572.210292] Generic PHY r8169-100:00: attached PHY driver [Generic PHY] (mii_bus:phy_addr=r8169-100:00, irq=IGNORE)
Oct 29 09:11:59 proveloz-z40 kernel: [112572.332198] usb 2-7: new full-speed USB device number 31 using xhci_hcd
Oct 29 09:11:59 proveloz-z40 kernel: [112572.342371] r8169 0000:01:00.0 enp1s0: Link is Down
Oct 29 09:12:00 proveloz-z40 kernel: [112573.504358] wlp2s0: authenticate with fc:b4:e6:da:3f:68
Oct 29 09:12:00 proveloz-z40 kernel: [112573.517729] wlp2s0: send auth to fc:b4:e6:da:3f:68 (try 1/3)
Oct 29 09:12:00 proveloz-z40 kernel: [112573.519634] wlp2s0: authenticated
Oct 29 09:12:00 proveloz-z40 kernel: [112573.520221] wlp2s0: associate with fc:b4:e6:da:3f:68 (try 1/3)
Oct 29 09:12:00 proveloz-z40 kernel: [112573.524349] wlp2s0: RX AssocResp from fc:b4:e6:da:3f:68 (capab=0x411 status=0 aid=2)
Oct 29 09:12:00 proveloz-z40 kernel: [112573.524497] wlp2s0: associated
Oct 29 09:12:00 proveloz-z40 kernel: [112573.728684] IPv6: ADDRCONF(NETDEV_CHANGE): wlp2s0: link becomes ready
Oct 29 09:12:04 proveloz-z40 kernel: [112577.629256] usb 2-7: New USB device found, idVendor=0cf3, idProduct=3004, bcdDevice= 0.02
Oct 29 09:12:04 proveloz-z40 kernel: [112577.629261] usb 2-7: New USB device strings: Mfr=0, Product=0, SerialNumber=0
Oct 29 13:20:07 proveloz-z40 kernel: [127460.602398] audit: type=1400 audit(1572366007.863:171): apparmor="DENIED" operation="open" profile="snap.gnome-calculator.gnome-calculator" name="/var/lib/snapd/desktop/icons/" pid=25668 comm="desktop-launch" requested_mask="r" denied_mask="r" fsuid=1000 ouid=0
Oct 29 13:20:10 proveloz-z40 kernel: [127463.180886] audit: type=1400 audit(1572366010.443:172): apparmor="DENIED" operation="open" profile="snap.gnome-calculator.gnome-calculator" name="/var/lib/snapd/desktop/icons/" pid=25668 comm="gnome-calculato" requested_mask="r" denied_mask="r" fsuid=1000 ouid=0
Oct 29 16:01:23 proveloz-z40 kernel: [137136.611619] usb 2-3: USB disconnect, device number 25
Oct 29 16:01:25 proveloz-z40 kernel: [137137.779074] acpi device:26: Cannot transition to power state D3hot for parent in (unknown)
Oct 29 16:01:25 proveloz-z40 kernel: [137137.780590] pci_bus 0000:01: Allocating resources
Oct 29 16:01:25 proveloz-z40 kernel: [137137.780615] pci_bus 0000:02: Allocating resources
Oct 29 16:01:25 proveloz-z40 kernel: [137137.780636] pci_bus 0000:03: Allocating resources
Oct 29 16:01:25 proveloz-z40 kernel: [137137.909072] PM: suspend entry (deep)
Oct 29 16:01:25 proveloz-z40 kernel: [137137.909075] PM: Syncing filesystems ... done.
Oct 29 16:01:26 proveloz-z40 kernel: [137139.237667] rfkill: input handler enabled
Oct 29 17:25:59 proveloz-z40 kernel: [137139.269614] Freezing user space processes ... (elapsed 0.003 seconds) done.
Oct 29 17:25:59 proveloz-z40 kernel: [137139.273595] OOM killer disabled.
Oct 29 17:25:59 proveloz-z40 kernel: [137139.273596] Freezing remaining freezable tasks ... (elapsed 0.001 seconds) done.
Oct 29 17:25:59 proveloz-z40 kernel: [137139.275204] printk: Suspending console(s) (use no_console_suspend to debug)
Oct 29 17:25:59 proveloz-z40 kernel: [137139.275710] wlp2s0: deauthenticating from fc:b4:e6:da:3f:68 by local choice (Reason: 3=DEAUTH_LEAVING)
Oct 29 17:25:59 proveloz-z40 kernel: [137139.407760] sd 0:0:0:0: [sda] Synchronizing SCSI cache
Oct 29 17:25:59 proveloz-z40 kernel: [137139.409181] sd 0:0:0:0: [sda] Stopping disk
Oct 29 17:25:59 proveloz-z40 kernel: [137139.720446] ACPI: EC: interrupt blocked
Oct 29 17:25:59 proveloz-z40 kernel: [137139.740899] ACPI: Preparing to enter system sleep state S3
Oct 29 17:25:59 proveloz-z40 kernel: [137139.747272] ACPI: EC: event blocked
Oct 29 17:25:59 proveloz-z40 kernel: [137139.747273] ACPI: EC: EC stopped
Oct 29 17:25:59 proveloz-z40 kernel: [137139.747274] PM: Saving platform NVS memory
Oct 29 17:25:59 proveloz-z40 kernel: [137139.747290] Disabling non-boot CPUs ...
Oct 29 17:25:59 proveloz-z40 kernel: [137139.747906] IRQ 47: no longer affine to CPU1
Oct 29 17:25:59 proveloz-z40 kernel: [137139.748916] smpboot: CPU 1 is now offline
Oct 29 17:25:59 proveloz-z40 kernel: [137139.753063] IRQ 50: no longer affine to CPU2
Oct 29 17:25:59 proveloz-z40 kernel: [137139.754074] smpboot: CPU 2 is now offline
Oct 29 17:25:59 proveloz-z40 kernel: [137139.757449] IRQ 19: no longer affine to CPU3
Oct 29 17:25:59 proveloz-z40 kernel: [137139.757454] IRQ 23: no longer affine to CPU3
Oct 29 17:25:59 proveloz-z40 kernel: [137139.758496] smpboot: CPU 3 is now offline
Oct 29 17:25:59 proveloz-z40 kernel: [137139.763355] ACPI: Low-level resume complete
Oct 29 17:25:59 proveloz-z40 kernel: [137139.763461] ACPI: EC: EC started
Oct 29 17:25:59 proveloz-z40 kernel: [137139.763463] PM: Restoring platform NVS memory
Oct 29 17:25:59 proveloz-z40 kernel: [137139.769169] mce: [Hardware Error]: Machine check events logged
Oct 29 17:25:59 proveloz-z40 kernel: [137139.769174] mce: [Hardware Error]: Machine check events logged
Oct 29 17:25:59 proveloz-z40 kernel: [137139.769402] Enabling non-boot CPUs ...
Oct 29 17:25:59 proveloz-z40 kernel: [137139.769563] x86: Booting SMP configuration:
Oct 29 17:25:59 proveloz-z40 kernel: [137139.769566] smpboot: Booting Node 0 Processor 1 APIC 0x1
Oct 29 17:25:59 proveloz-z40 kernel: [137139.770473]  cache: parent cpu1 should not be sleeping
Oct 29 17:25:59 proveloz-z40 kernel: [137139.771165] CPU1 is up
Oct 29 17:25:59 proveloz-z40 kernel: [137139.771213] smpboot: Booting Node 0 Processor 2 APIC 0x2
Oct 29 17:25:59 proveloz-z40 kernel: [137139.775110]  cache: parent cpu2 should not be sleeping
Oct 29 17:25:59 proveloz-z40 kernel: [137139.775642] CPU2 is up
Oct 29 17:25:59 proveloz-z40 kernel: [137139.775681] smpboot: Booting Node 0 Processor 3 APIC 0x3
Oct 29 17:25:59 proveloz-z40 kernel: [137139.776398]  cache: parent cpu3 should not be sleeping
Oct 29 17:25:59 proveloz-z40 kernel: [137139.776971] CPU3 is up
Oct 29 17:25:59 proveloz-z40 kernel: [137139.786443] ACPI: Waking up from system sleep state S3
Oct 29 17:25:59 proveloz-z40 kernel: [137139.788928] ACPI: EC: interrupt unblocked
Oct 29 17:25:59 proveloz-z40 kernel: [137139.789345] nvidia 0000:03:00.0: Enabling HDA controller
Oct 29 17:25:59 proveloz-z40 kernel: [137139.948059] ath: phy0: RX failed to go idle in 10 ms RXSM=0xdeadbeef
Oct 29 17:25:59 proveloz-z40 kernel: [137139.961857] ath: phy0: DMA failed to stop in 10 ms AR_CR=0xdeadbeef AR_DIAG_SW=0xdeadbeef DMADBG_7=0xdeadbeef
Oct 29 17:25:59 proveloz-z40 kernel: [137139.962550] ACPI: EC: event unblocked
Oct 29 17:25:59 proveloz-z40 kernel: [137139.962739] ath: phy0: ASPM enabled: 0x43
Oct 29 17:25:59 proveloz-z40 kernel: [137139.972917] sd 0:0:0:0: [sda] Starting disk
Oct 29 17:25:59 proveloz-z40 kernel: [137140.066759] r8169 0000:01:00.0 enp1s0: Link is Down
Oct 29 17:25:59 proveloz-z40 kernel: [137140.206594] usb 2-6: reset high-speed USB device number 3 using xhci_hcd
Oct 29 17:25:59 proveloz-z40 kernel: [137140.285410] ata2: SATA link up 1.5 Gbps (SStatus 113 SControl 300)
Oct 29 17:25:59 proveloz-z40 kernel: [137140.285448] ata1: SATA link up 6.0 Gbps (SStatus 133 SControl 300)
Oct 29 17:25:59 proveloz-z40 kernel: [137140.287200] ata1.00: configured for UDMA/133
Oct 29 17:25:59 proveloz-z40 kernel: [137140.288283] ata2.00: configured for UDMA/100
Oct 29 17:25:59 proveloz-z40 kernel: [137140.482747] usb 2-7: reset full-speed USB device number 31 using xhci_hcd
Oct 29 17:25:59 proveloz-z40 kernel: [137140.630798] usb 2-7: device firmware changed
Oct 29 17:25:59 proveloz-z40 kernel: [137140.758754] usb 2-4: reset high-speed USB device number 2 using xhci_hcd
Oct 29 17:25:59 proveloz-z40 kernel: [137140.909051] acpi LNXPOWER:01: Turning OFF
Oct 29 17:25:59 proveloz-z40 kernel: [137140.909285] OOM killer enabled.
Oct 29 17:25:59 proveloz-z40 kernel: [137140.909286] Restarting tasks ... 
Oct 29 17:25:59 proveloz-z40 kernel: [137140.911459] pci_bus 0000:01: Allocating resources
Oct 29 17:25:59 proveloz-z40 kernel: [137140.911492] pci_bus 0000:02: Allocating resources
Oct 29 17:25:59 proveloz-z40 kernel: [137140.911522] pci_bus 0000:03: Allocating resources
Oct 29 17:25:59 proveloz-z40 kernel: [137140.920875] pci_bus 0000:01: Allocating resources
Oct 29 17:25:59 proveloz-z40 kernel: [137140.920949] pci_bus 0000:02: Allocating resources
Oct 29 17:25:59 proveloz-z40 kernel: [137140.921044] pci_bus 0000:03: Allocating resources
Oct 29 17:25:59 proveloz-z40 kernel: [137140.942216] done.
Oct 29 17:25:59 proveloz-z40 kernel: [137140.978289] usb 2-7: USB disconnect, device number 31
Oct 29 17:25:59 proveloz-z40 kernel: [137141.052416] PM: suspend exit
Oct 29 17:25:59 proveloz-z40 kernel: [137141.106288] usb 2-7: new full-speed USB device number 32 using xhci_hcd
Oct 29 17:25:59 proveloz-z40 kernel: [137141.255290] usb 2-7: New USB device found, idVendor=0cf3, idProduct=3004, bcdDevice= 0.01
Oct 29 17:25:59 proveloz-z40 kernel: [137141.255293] usb 2-7: New USB device strings: Mfr=0, Product=0, SerialNumber=0
Oct 29 17:25:59 proveloz-z40 kernel: [137141.270451] rfkill: input handler disabled
Oct 29 17:25:59 proveloz-z40 kernel: [137141.305655] usb 2-7: USB disconnect, device number 32
Oct 29 17:25:59 proveloz-z40 kernel: [137141.416672] Generic PHY r8169-100:00: attached PHY driver [Generic PHY] (mii_bus:phy_addr=r8169-100:00, irq=IGNORE)
Oct 29 17:25:59 proveloz-z40 kernel: [137141.552525] r8169 0000:01:00.0 enp1s0: Link is Down
Oct 29 17:25:59 proveloz-z40 kernel: [137141.626325] usb 2-7: new full-speed USB device number 33 using xhci_hcd
Oct 29 17:26:00 proveloz-z40 kernel: [137142.701450] wlp2s0: authenticate with cc:d4:a1:8e:b4:06
Oct 29 17:26:00 proveloz-z40 kernel: [137142.714274] wlp2s0: send auth to cc:d4:a1:8e:b4:06 (try 1/3)
Oct 29 17:26:00 proveloz-z40 kernel: [137142.716296] wlp2s0: authenticated
Oct 29 17:26:00 proveloz-z40 kernel: [137142.718513] wlp2s0: associate with cc:d4:a1:8e:b4:06 (try 1/3)
Oct 29 17:26:00 proveloz-z40 kernel: [137142.723481] wlp2s0: RX AssocResp from cc:d4:a1:8e:b4:06 (capab=0x1411 status=0 aid=1)
Oct 29 17:26:00 proveloz-z40 kernel: [137142.723639] wlp2s0: associated
Oct 29 17:26:00 proveloz-z40 kernel: [137142.740522] IPv6: ADDRCONF(NETDEV_CHANGE): wlp2s0: link becomes ready
Oct 29 17:26:05 proveloz-z40 kernel: [137146.783430] usb 2-7: New USB device found, idVendor=0cf3, idProduct=3004, bcdDevice= 0.02
Oct 29 17:26:05 proveloz-z40 kernel: [137146.783438] usb 2-7: New USB device strings: Mfr=0, Product=0, SerialNumber=0
Oct 29 17:38:16 proveloz-z40 kernel: [137877.396495] acpi device:26: Cannot transition to power state D3hot for parent in (unknown)
Oct 29 17:38:16 proveloz-z40 kernel: [137877.397683] pci_bus 0000:01: Allocating resources
Oct 29 17:38:16 proveloz-z40 kernel: [137877.397703] pci_bus 0000:02: Allocating resources
Oct 29 17:38:16 proveloz-z40 kernel: [137877.397720] pci_bus 0000:03: Allocating resources
Oct 29 17:38:18 proveloz-z40 kernel: [137879.972580] PM: suspend entry (deep)
Oct 29 17:38:18 proveloz-z40 kernel: [137879.972583] PM: Syncing filesystems ... done.
Oct 29 17:38:19 proveloz-z40 kernel: [137880.373617] rfkill: input handler enabled
Oct 29 19:32:28 proveloz-z40 kernel: [137880.410835] Freezing user space processes ... (elapsed 0.004 seconds) done.
Oct 29 19:32:28 proveloz-z40 kernel: [137880.415219] OOM killer disabled.
Oct 29 19:32:28 proveloz-z40 kernel: [137880.415220] Freezing remaining freezable tasks ... (elapsed 0.001 seconds) done.
Oct 29 19:32:28 proveloz-z40 kernel: [137880.416789] printk: Suspending console(s) (use no_console_suspend to debug)
Oct 29 19:32:28 proveloz-z40 kernel: [137880.417230] wlp2s0: deauthenticating from cc:d4:a1:8e:b4:06 by local choice (Reason: 3=DEAUTH_LEAVING)
Oct 29 19:32:28 proveloz-z40 kernel: [137880.546771] sd 0:0:0:0: [sda] Synchronizing SCSI cache
Oct 29 19:32:28 proveloz-z40 kernel: [137880.548339] sd 0:0:0:0: [sda] Stopping disk
Oct 29 19:32:28 proveloz-z40 kernel: [137880.847697] ACPI: EC: interrupt blocked
Oct 29 19:32:28 proveloz-z40 kernel: [137880.868169] ACPI: Preparing to enter system sleep state S3
Oct 29 19:32:28 proveloz-z40 kernel: [137880.875669] ACPI: EC: event blocked
Oct 29 19:32:28 proveloz-z40 kernel: [137880.875670] ACPI: EC: EC stopped
Oct 29 19:32:28 proveloz-z40 kernel: [137880.875672] PM: Saving platform NVS memory
Oct 29 19:32:28 proveloz-z40 kernel: [137880.875694] Disabling non-boot CPUs ...
Oct 29 19:32:28 proveloz-z40 kernel: [137880.876623] IRQ 44: no longer affine to CPU1
Oct 29 19:32:28 proveloz-z40 kernel: [137880.878060] smpboot: CPU 1 is now offline
Oct 29 19:32:28 proveloz-z40 kernel: [137880.880954] IRQ 50: no longer affine to CPU2
Oct 29 19:32:28 proveloz-z40 kernel: [137880.881962] smpboot: CPU 2 is now offline
Oct 29 19:32:28 proveloz-z40 kernel: [137880.884623] IRQ 19: no longer affine to CPU3
Oct 29 19:32:28 proveloz-z40 kernel: [137880.884629] IRQ 23: no longer affine to CPU3
Oct 29 19:32:28 proveloz-z40 kernel: [137880.885677] smpboot: CPU 3 is now offline
Oct 29 19:32:28 proveloz-z40 kernel: [137880.890282] ACPI: Low-level resume complete
Oct 29 19:32:28 proveloz-z40 kernel: [137880.890389] ACPI: EC: EC started
Oct 29 19:32:28 proveloz-z40 kernel: [137880.890391] PM: Restoring platform NVS memory
Oct 29 19:32:28 proveloz-z40 kernel: [137880.896051] mce: [Hardware Error]: Machine check events logged
Oct 29 19:32:28 proveloz-z40 kernel: [137880.896056] mce: [Hardware Error]: Machine check events logged
Oct 29 19:32:28 proveloz-z40 kernel: [137880.896260] Enabling non-boot CPUs ...
Oct 29 19:32:28 proveloz-z40 kernel: [137880.896397] x86: Booting SMP configuration:
Oct 29 19:32:28 proveloz-z40 kernel: [137880.896399] smpboot: Booting Node 0 Processor 1 APIC 0x1
Oct 29 19:32:28 proveloz-z40 kernel: [137880.897359]  cache: parent cpu1 should not be sleeping
Oct 29 19:32:28 proveloz-z40 kernel: [137880.898057] CPU1 is up
Oct 29 19:32:28 proveloz-z40 kernel: [137880.898127] smpboot: Booting Node 0 Processor 2 APIC 0x2
Oct 29 19:32:28 proveloz-z40 kernel: [137880.902010]  cache: parent cpu2 should not be sleeping
Oct 29 19:32:28 proveloz-z40 kernel: [137880.902544] CPU2 is up
Oct 29 19:32:28 proveloz-z40 kernel: [137880.902596] smpboot: Booting Node 0 Processor 3 APIC 0x3
Oct 29 19:32:28 proveloz-z40 kernel: [137880.903303]  cache: parent cpu3 should not be sleeping
Oct 29 19:32:28 proveloz-z40 kernel: [137880.903876] CPU3 is up
Oct 29 19:32:28 proveloz-z40 kernel: [137880.913325] ACPI: Waking up from system sleep state S3
Oct 29 19:32:28 proveloz-z40 kernel: [137880.915778] ACPI: EC: interrupt unblocked
Oct 29 19:32:28 proveloz-z40 kernel: [137880.916830] nvidia 0000:03:00.0: Enabling HDA controller
Oct 29 19:32:28 proveloz-z40 kernel: [137880.958072] ACPI: EC: event unblocked
Oct 29 19:32:28 proveloz-z40 kernel: [137880.958365] ath: phy0: ASPM enabled: 0x43
Oct 29 19:32:28 proveloz-z40 kernel: [137880.966671] sd 0:0:0:0: [sda] Starting disk
Oct 29 19:32:28 proveloz-z40 kernel: [137881.065714] r8169 0000:01:00.0 enp1s0: Link is Down
Oct 29 19:32:28 proveloz-z40 kernel: [137881.209485] usb 2-6: reset high-speed USB device number 3 using xhci_hcd
Oct 29 19:32:28 proveloz-z40 kernel: [137881.272824] ata2: SATA link up 1.5 Gbps (SStatus 113 SControl 300)
Oct 29 19:32:28 proveloz-z40 kernel: [137881.276798] ata2.00: configured for UDMA/100
Oct 29 19:32:28 proveloz-z40 kernel: [137881.329339] ata1: SATA link up 6.0 Gbps (SStatus 133 SControl 300)
Oct 29 19:32:28 proveloz-z40 kernel: [137881.331268] ata1.00: configured for UDMA/133
Oct 29 19:32:28 proveloz-z40 kernel: [137881.485627] usb 2-4: reset high-speed USB device number 2 using xhci_hcd
Oct 29 19:32:28 proveloz-z40 kernel: [137881.761648] usb 2-7: reset full-speed USB device number 33 using xhci_hcd
Oct 29 19:32:28 proveloz-z40 kernel: [137881.909684] usb 2-7: device firmware changed
Oct 29 19:32:28 proveloz-z40 kernel: [137881.910509] acpi LNXPOWER:01: Turning OFF
Oct 29 19:32:28 proveloz-z40 kernel: [137881.910654] OOM killer enabled.
Oct 29 19:32:28 proveloz-z40 kernel: [137881.910656] Restarting tasks ... 
Oct 29 19:32:28 proveloz-z40 kernel: [137881.912902] pci_bus 0000:01: Allocating resources
Oct 29 19:32:28 proveloz-z40 kernel: [137881.912937] pci_bus 0000:02: Allocating resources
Oct 29 19:32:28 proveloz-z40 kernel: [137881.912973] pci_bus 0000:03: Allocating resources
Oct 29 19:32:28 proveloz-z40 kernel: [137881.919487] pci_bus 0000:01: Allocating resources
Oct 29 19:32:28 proveloz-z40 kernel: [137881.919509] pci_bus 0000:02: Allocating resources
Oct 29 19:32:28 proveloz-z40 kernel: [137881.919530] pci_bus 0000:03: Allocating resources
Oct 29 19:32:28 proveloz-z40 kernel: [137881.931909] done.
Oct 29 19:32:28 proveloz-z40 kernel: [137881.957231] usb 2-7: USB disconnect, device number 33
Oct 29 19:32:28 proveloz-z40 kernel: [137882.035008] PM: suspend exit
Oct 29 19:32:28 proveloz-z40 kernel: [137882.085393] usb 2-7: new full-speed USB device number 34 using xhci_hcd
Oct 29 19:32:28 proveloz-z40 kernel: [137882.220888] rfkill: input handler disabled
Oct 29 19:32:28 proveloz-z40 kernel: [137882.234485] usb 2-7: New USB device found, idVendor=0cf3, idProduct=3004, bcdDevice= 0.01
Oct 29 19:32:28 proveloz-z40 kernel: [137882.234491] usb 2-7: New USB device strings: Mfr=0, Product=0, SerialNumber=0
Oct 29 19:32:28 proveloz-z40 kernel: [137882.288491] usb 2-7: USB disconnect, device number 34
Oct 29 19:32:28 proveloz-z40 kernel: [137882.432860] Generic PHY r8169-100:00: attached PHY driver [Generic PHY] (mii_bus:phy_addr=r8169-100:00, irq=IGNORE)
Oct 29 19:32:28 proveloz-z40 kernel: [137882.559425] r8169 0000:01:00.0 enp1s0: Link is Down
Oct 29 19:32:28 proveloz-z40 kernel: [137882.597246] usb 2-7: new full-speed USB device number 35 using xhci_hcd
Oct 29 19:32:29 proveloz-z40 kernel: [137883.742853] wlp2s0: authenticate with cc:d4:a1:8e:b4:06
Oct 29 19:32:29 proveloz-z40 kernel: [137883.755650] wlp2s0: send auth to cc:d4:a1:8e:b4:06 (try 1/3)
Oct 29 19:32:29 proveloz-z40 kernel: [137883.757611] wlp2s0: authenticated
Oct 29 19:32:29 proveloz-z40 kernel: [137883.765262] wlp2s0: associate with cc:d4:a1:8e:b4:06 (try 1/3)
Oct 29 19:32:29 proveloz-z40 kernel: [137883.771534] wlp2s0: RX AssocResp from cc:d4:a1:8e:b4:06 (capab=0x1411 status=0 aid=2)
Oct 29 19:32:29 proveloz-z40 kernel: [137883.771681] wlp2s0: associated
Oct 29 19:32:29 proveloz-z40 kernel: [137883.787617] IPv6: ADDRCONF(NETDEV_CHANGE): wlp2s0: link becomes ready
Oct 29 19:32:34 proveloz-z40 kernel: [137887.906291] usb 2-7: New USB device found, idVendor=0cf3, idProduct=3004, bcdDevice= 0.02
Oct 29 19:32:34 proveloz-z40 kernel: [137887.906294] usb 2-7: New USB device strings: Mfr=0, Product=0, SerialNumber=0
Oct 29 19:32:34 proveloz-z40 kernel: [137888.189462] usb 2-3: new full-speed USB device number 36 using xhci_hcd
Oct 29 19:32:34 proveloz-z40 kernel: [137888.346920] usb 2-3: New USB device found, idVendor=046d, idProduct=c07d, bcdDevice=88.02
Oct 29 19:32:34 proveloz-z40 kernel: [137888.346926] usb 2-3: New USB device strings: Mfr=1, Product=2, SerialNumber=3
Oct 29 19:32:34 proveloz-z40 kernel: [137888.346930] usb 2-3: Product: Gaming Mouse G502
Oct 29 19:32:34 proveloz-z40 kernel: [137888.346933] usb 2-3: Manufacturer: Logitech
Oct 29 19:32:34 proveloz-z40 kernel: [137888.346935] usb 2-3: SerialNumber: 136734573738
Oct 29 19:32:34 proveloz-z40 kernel: [137888.353620] input: Logitech Gaming Mouse G502 as /devices/pci0000:00/0000:00:14.0/usb2/2-3/2-3:1.0/0003:046D:C07D.000C/input/input42
Oct 29 19:32:34 proveloz-z40 kernel: [137888.413954] hid-generic 0003:046D:C07D.000C: input,hidraw0: USB HID v1.11 Mouse [Logitech Gaming Mouse G502] on usb-0000:00:14.0-3/input0
Oct 29 19:32:34 proveloz-z40 kernel: [137888.416130] input: Logitech Gaming Mouse G502 Keyboard as /devices/pci0000:00/0000:00:14.0/usb2/2-3/2-3:1.1/0003:046D:C07D.000D/input/input43
Oct 29 19:32:34 proveloz-z40 kernel: [137888.473881] input: Logitech Gaming Mouse G502 Consumer Control as /devices/pci0000:00/0000:00:14.0/usb2/2-3/2-3:1.1/0003:046D:C07D.000D/input/input44
Oct 29 19:32:34 proveloz-z40 kernel: [137888.474164] input: Logitech Gaming Mouse G502 System Control as /devices/pci0000:00/0000:00:14.0/usb2/2-3/2-3:1.1/0003:046D:C07D.000D/input/input45
Oct 29 19:32:34 proveloz-z40 kernel: [137888.474597] hid-generic 0003:046D:C07D.000D: input,hiddev0,hidraw1: USB HID v1.11 Keyboard [Logitech Gaming Mouse G502] on usb-0000:00:14.0-3/input1
Oct 29 21:07:54 proveloz-z40 kernel: [143607.800414] usb 2-3: USB disconnect, device number 36
Oct 29 21:08:25 proveloz-z40 kernel: [143638.480219] usb 2-3: new low-speed USB device number 37 using xhci_hcd
Oct 29 21:08:25 proveloz-z40 kernel: [143638.635966] usb 2-3: New USB device found, idVendor=093a, idProduct=2510, bcdDevice= 1.00
Oct 29 21:08:25 proveloz-z40 kernel: [143638.635973] usb 2-3: New USB device strings: Mfr=1, Product=2, SerialNumber=0
Oct 29 21:08:25 proveloz-z40 kernel: [143638.635977] usb 2-3: Product: USB Optical Mouse
Oct 29 21:08:25 proveloz-z40 kernel: [143638.635980] usb 2-3: Manufacturer: PixArt
Oct 29 21:08:25 proveloz-z40 kernel: [143638.639711] input: PixArt USB Optical Mouse as /devices/pci0000:00/0000:00:14.0/usb2/2-3/2-3:1.0/0003:093A:2510.000E/input/input48
Oct 29 21:08:25 proveloz-z40 kernel: [143638.640613] hid-generic 0003:093A:2510.000E: input,hidraw0: USB HID v1.11 Mouse [PixArt USB Optical Mouse] on usb-0000:00:14.0-3/input0
Oct 29 23:24:38 proveloz-z40 kernel: [151812.055696] usb 2-3: USB disconnect, device number 37
Oct 29 23:24:40 proveloz-z40 kernel: [151813.332891] acpi device:26: Cannot transition to power state D3hot for parent in (unknown)
Oct 29 23:24:40 proveloz-z40 kernel: [151813.333614] pci_bus 0000:01: Allocating resources
Oct 29 23:24:40 proveloz-z40 kernel: [151813.333631] pci_bus 0000:02: Allocating resources
Oct 29 23:24:40 proveloz-z40 kernel: [151813.333647] pci_bus 0000:03: Allocating resources
Oct 29 23:24:40 proveloz-z40 kernel: [151813.463755] PM: suspend entry (deep)
Oct 29 23:24:40 proveloz-z40 kernel: [151813.463758] PM: Syncing filesystems ... done.
Oct 29 23:24:41 proveloz-z40 kernel: [151814.788933] rfkill: input handler enabled
Oct 30 09:25:28 proveloz-z40 kernel: [151814.841713] Freezing user space processes ... (elapsed 0.004 seconds) done.
Oct 30 09:25:28 proveloz-z40 kernel: [151814.845890] OOM killer disabled.
Oct 30 09:25:28 proveloz-z40 kernel: [151814.845892] Freezing remaining freezable tasks ... (elapsed 0.001 seconds) done.
Oct 30 09:25:28 proveloz-z40 kernel: [151814.847550] printk: Suspending console(s) (use no_console_suspend to debug)
Oct 30 09:25:28 proveloz-z40 kernel: [151814.848033] wlp2s0: deauthenticating from cc:d4:a1:8e:b4:06 by local choice (Reason: 3=DEAUTH_LEAVING)
Oct 30 09:25:28 proveloz-z40 kernel: [151814.987470] sd 0:0:0:0: [sda] Synchronizing SCSI cache
Oct 30 09:25:28 proveloz-z40 kernel: [151814.988870] sd 0:0:0:0: [sda] Stopping disk
Oct 30 09:25:28 proveloz-z40 kernel: [151815.292841] ACPI: EC: interrupt blocked
Oct 30 09:25:28 proveloz-z40 kernel: [151815.313125] ACPI: Preparing to enter system sleep state S3
Oct 30 09:25:28 proveloz-z40 kernel: [151815.320701] ACPI: EC: event blocked
Oct 30 09:25:28 proveloz-z40 kernel: [151815.320703] ACPI: EC: EC stopped
Oct 30 09:25:28 proveloz-z40 kernel: [151815.320704] PM: Saving platform NVS memory
Oct 30 09:25:28 proveloz-z40 kernel: [151815.320729] Disabling non-boot CPUs ...
Oct 30 09:25:28 proveloz-z40 kernel: [151815.321560] IRQ 19: no longer affine to CPU1
Oct 30 09:25:28 proveloz-z40 kernel: [151815.323320] smpboot: CPU 1 is now offline
Oct 30 09:25:28 proveloz-z40 kernel: [151815.329789] smpboot: CPU 2 is now offline
Oct 30 09:25:28 proveloz-z40 kernel: [151815.334633] IRQ 43: no longer affine to CPU3
Oct 30 09:25:28 proveloz-z40 kernel: [151815.334636] IRQ 44: no longer affine to CPU3
Oct 30 09:25:28 proveloz-z40 kernel: [151815.335681] smpboot: CPU 3 is now offline
Oct 30 09:25:28 proveloz-z40 kernel: [151815.340393] ACPI: Low-level resume complete
Oct 30 09:25:28 proveloz-z40 kernel: [151815.340499] ACPI: EC: EC started
Oct 30 09:25:28 proveloz-z40 kernel: [151815.340501] PM: Restoring platform NVS memory
Oct 30 09:25:28 proveloz-z40 kernel: [151815.346180] mce: [Hardware Error]: Machine check events logged
Oct 30 09:25:28 proveloz-z40 kernel: [151815.346185] mce: [Hardware Error]: Machine check events logged
Oct 30 09:25:28 proveloz-z40 kernel: [151815.346381] Enabling non-boot CPUs ...
Oct 30 09:25:28 proveloz-z40 kernel: [151815.346533] x86: Booting SMP configuration:
Oct 30 09:25:28 proveloz-z40 kernel: [151815.346535] smpboot: Booting Node 0 Processor 1 APIC 0x1
Oct 30 09:25:28 proveloz-z40 kernel: [151815.347440]  cache: parent cpu1 should not be sleeping
Oct 30 09:25:28 proveloz-z40 kernel: [151815.348119] CPU1 is up
Oct 30 09:25:28 proveloz-z40 kernel: [151815.348166] smpboot: Booting Node 0 Processor 2 APIC 0x2
Oct 30 09:25:28 proveloz-z40 kernel: [151815.352055]  cache: parent cpu2 should not be sleeping
Oct 30 09:25:28 proveloz-z40 kernel: [151815.352581] CPU2 is up
Oct 30 09:25:28 proveloz-z40 kernel: [151815.352622] smpboot: Booting Node 0 Processor 3 APIC 0x3
Oct 30 09:25:28 proveloz-z40 kernel: [151815.353338]  cache: parent cpu3 should not be sleeping
Oct 30 09:25:28 proveloz-z40 kernel: [151815.353900] CPU3 is up
Oct 30 09:25:28 proveloz-z40 kernel: [151815.363389] ACPI: Waking up from system sleep state S3
Oct 30 09:25:28 proveloz-z40 kernel: [151815.365729] ACPI: EC: interrupt unblocked
Oct 30 09:25:28 proveloz-z40 kernel: [151815.366075] nvidia 0000:03:00.0: Enabling HDA controller
Oct 30 09:25:28 proveloz-z40 kernel: [151815.407054] ACPI: EC: event unblocked
Oct 30 09:25:28 proveloz-z40 kernel: [151815.407325] ath: phy0: ASPM enabled: 0x43
Oct 30 09:25:28 proveloz-z40 kernel: [151815.413865] sd 0:0:0:0: [sda] Starting disk
Oct 30 09:25:28 proveloz-z40 kernel: [151815.514634] r8169 0000:01:00.0 enp1s0: Link is Down
Oct 30 09:25:28 proveloz-z40 kernel: [151815.654451] usb 2-6: reset high-speed USB device number 3 using xhci_hcd
Oct 30 09:25:28 proveloz-z40 kernel: [151815.729619] ata2: SATA link up 1.5 Gbps (SStatus 113 SControl 300)
Oct 30 09:25:28 proveloz-z40 kernel: [151815.732830] ata2.00: configured for UDMA/100
Oct 30 09:25:28 proveloz-z40 kernel: [151815.786357] ata1: SATA link up 6.0 Gbps (SStatus 133 SControl 300)
Oct 30 09:25:28 proveloz-z40 kernel: [151815.787728] ata1.00: configured for UDMA/133
Oct 30 09:25:28 proveloz-z40 kernel: [151815.930633] usb 2-4: reset high-speed USB device number 2 using xhci_hcd
Oct 30 09:25:28 proveloz-z40 kernel: [151816.206648] usb 2-7: reset full-speed USB device number 35 using xhci_hcd
Oct 30 09:25:28 proveloz-z40 kernel: [151816.354614] usb 2-7: device firmware changed
Oct 30 09:25:28 proveloz-z40 kernel: [151816.355398] acpi LNXPOWER:01: Turning OFF
Oct 30 09:25:28 proveloz-z40 kernel: [151816.355549] OOM killer enabled.
Oct 30 09:25:28 proveloz-z40 kernel: [151816.355550] Restarting tasks ... 
Oct 30 09:25:28 proveloz-z40 kernel: [151816.357960] pci_bus 0000:01: Allocating resources
Oct 30 09:25:28 proveloz-z40 kernel: [151816.357994] pci_bus 0000:02: Allocating resources
Oct 30 09:25:28 proveloz-z40 kernel: [151816.358025] pci_bus 0000:03: Allocating resources
Oct 30 09:25:28 proveloz-z40 kernel: [151816.362211] pci_bus 0000:01: Allocating resources
Oct 30 09:25:28 proveloz-z40 kernel: [151816.362244] pci_bus 0000:02: Allocating resources
Oct 30 09:25:28 proveloz-z40 kernel: [151816.362277] pci_bus 0000:03: Allocating resources
Oct 30 09:25:28 proveloz-z40 kernel: [151816.387170] done.
Oct 30 09:25:28 proveloz-z40 kernel: [151816.492055] PM: suspend exit
Oct 30 09:25:28 proveloz-z40 kernel: [151816.498194] usb 2-2: new low-speed USB device number 38 using xhci_hcd
Oct 30 09:25:28 proveloz-z40 kernel: [151816.649484] usb 2-2: New USB device found, idVendor=093a, idProduct=2510, bcdDevice= 1.00
Oct 30 09:25:28 proveloz-z40 kernel: [151816.649489] usb 2-2: New USB device strings: Mfr=1, Product=2, SerialNumber=0
Oct 30 09:25:28 proveloz-z40 kernel: [151816.649492] usb 2-2: Product: USB Optical Mouse
Oct 30 09:25:28 proveloz-z40 kernel: [151816.649495] usb 2-2: Manufacturer: PixArt
Oct 30 09:25:28 proveloz-z40 kernel: [151816.654104] input: PixArt USB Optical Mouse as /devices/pci0000:00/0000:00:14.0/usb2/2-2/2-2:1.0/0003:093A:2510.000F/input/input49
Oct 30 09:25:28 proveloz-z40 kernel: [151816.654727] hid-generic 0003:093A:2510.000F: input,hidraw0: USB HID v1.11 Mouse [PixArt USB Optical Mouse] on usb-0000:00:14.0-2/input0
Oct 30 09:25:28 proveloz-z40 kernel: [151816.694206] usb 2-7: USB disconnect, device number 35
Oct 30 09:25:28 proveloz-z40 kernel: [151816.696207] rfkill: input handler disabled
Oct 30 09:25:28 proveloz-z40 kernel: [151816.826312] usb 2-7: new full-speed USB device number 39 using xhci_hcd
Oct 30 09:25:28 proveloz-z40 kernel: [151816.975405] usb 2-7: New USB device found, idVendor=0cf3, idProduct=3004, bcdDevice= 0.01
Oct 30 09:25:28 proveloz-z40 kernel: [151816.975410] usb 2-7: New USB device strings: Mfr=0, Product=0, SerialNumber=0
Oct 30 09:25:28 proveloz-z40 kernel: [151817.042218] usb 2-7: USB disconnect, device number 39
Oct 30 09:25:28 proveloz-z40 kernel: [151817.076777] Generic PHY r8169-100:00: attached PHY driver [Generic PHY] (mii_bus:phy_addr=r8169-100:00, irq=IGNORE)
Oct 30 09:25:28 proveloz-z40 kernel: [151817.208524] r8169 0000:01:00.0 enp1s0: Link is Down
Oct 30 09:25:28 proveloz-z40 kernel: [151817.330192] usb 2-7: new full-speed USB device number 40 using xhci_hcd
Oct 30 09:25:30 proveloz-z40 kernel: [151818.527843] wlp2s0: authenticate with 00:90:7f:1e:64:3f
Oct 30 09:25:30 proveloz-z40 kernel: [151818.541827] wlp2s0: send auth to 00:90:7f:1e:64:3f (try 1/3)
Oct 30 09:25:30 proveloz-z40 kernel: [151818.544133] wlp2s0: authenticated
Oct 30 09:25:30 proveloz-z40 kernel: [151818.546487] wlp2s0: associate with 00:90:7f:1e:64:3f (try 1/3)
Oct 30 09:25:30 proveloz-z40 kernel: [151818.550652] wlp2s0: RX AssocResp from 00:90:7f:1e:64:3f (capab=0x411 status=0 aid=2)
Oct 30 09:25:30 proveloz-z40 kernel: [151818.550810] wlp2s0: associated
Oct 30 09:25:30 proveloz-z40 kernel: [151818.561002] IPv6: ADDRCONF(NETDEV_CHANGE): wlp2s0: link becomes ready
Oct 30 09:25:34 proveloz-z40 kernel: [151822.515119] usb 2-7: New USB device found, idVendor=0cf3, idProduct=3004, bcdDevice= 0.02
Oct 30 09:25:34 proveloz-z40 kernel: [151822.515123] usb 2-7: New USB device strings: Mfr=0, Product=0, SerialNumber=0
Oct 30 09:38:04 proveloz-z40 kernel: [152573.030052] audit: type=1400 audit(1572439084.868:173): apparmor="ALLOWED" operation="open" profile="libreoffice-soffice" name="/proc/modules" pid=17585 comm="soffice.bin" requested_mask="r" denied_mask="r" fsuid=1000 ouid=0
Oct 30 09:38:04 proveloz-z40 kernel: [152573.030356] audit: type=1400 audit(1572439084.868:174): apparmor="ALLOWED" operation="open" profile="libreoffice-soffice" name="/proc/driver/nvidia/params" pid=17585 comm="soffice.bin" requested_mask="r" denied_mask="r" fsuid=1000 ouid=0
Oct 30 09:38:04 proveloz-z40 kernel: [152573.030758] audit: type=1400 audit(1572439084.868:175): apparmor="ALLOWED" operation="open" profile="libreoffice-soffice" name="/dev/nvidiactl" pid=17585 comm="soffice.bin" requested_mask="wr" denied_mask="wr" fsuid=1000 ouid=0
Oct 30 09:38:04 proveloz-z40 kernel: [152573.030763] audit: type=1400 audit(1572439084.868:176): apparmor="ALLOWED" operation="open" profile="libreoffice-soffice" name="/proc/driver/nvidia/params" pid=17585 comm="soffice.bin" requested_mask="r" denied_mask="r" fsuid=1000 ouid=0
Oct 30 09:38:04 proveloz-z40 kernel: [152573.030766] audit: type=1400 audit(1572439084.868:177): apparmor="ALLOWED" operation="open" profile="libreoffice-soffice" name="/dev/nvidia0" pid=17585 comm="soffice.bin" requested_mask="wr" denied_mask="wr" fsuid=1000 ouid=0
Oct 30 09:38:04 proveloz-z40 kernel: [152573.030849] audit: type=1400 audit(1572439084.868:178): apparmor="ALLOWED" operation="open" profile="libreoffice-soffice" name="/proc/driver/nvidia/params" pid=17585 comm="soffice.bin" requested_mask="r" denied_mask="r" fsuid=1000 ouid=0
Oct 30 09:38:04 proveloz-z40 kernel: [152573.030894] audit: type=1400 audit(1572439084.868:179): apparmor="ALLOWED" operation="open" profile="libreoffice-soffice" name="/dev/nvidia0" pid=17585 comm="soffice.bin" requested_mask="wr" denied_mask="wr" fsuid=1000 ouid=0
Oct 30 09:38:04 proveloz-z40 kernel: [152573.055065] audit: type=1400 audit(1572439084.892:180): apparmor="ALLOWED" operation="open" profile="libreoffice-soffice" name="/proc/driver/nvidia/params" pid=17585 comm="soffice.bin" requested_mask="r" denied_mask="r" fsuid=1000 ouid=0
Oct 30 09:38:04 proveloz-z40 kernel: [152573.055289] audit: type=1400 audit(1572439084.892:181): apparmor="ALLOWED" operation="open" profile="libreoffice-soffice" name="/dev/nvidia0" pid=17585 comm="soffice.bin" requested_mask="wr" denied_mask="wr" fsuid=1000 ouid=0
Oct 30 09:38:04 proveloz-z40 kernel: [152573.074695] audit: type=1400 audit(1572439084.912:182): apparmor="ALLOWED" operation="file_mmap" profile="libreoffice-soffice" name="/tmp/.glj7BttP" pid=17585 comm="soffice.bin" requested_mask="m" denied_mask="m" fsuid=1000 ouid=1000
Oct 30 13:02:39 proveloz-z40 kernel: [164847.358997] usb 2-2: USB disconnect, device number 38
Oct 30 13:02:40 proveloz-z40 kernel: [164848.736836] acpi device:26: Cannot transition to power state D3hot for parent in (unknown)
Oct 30 13:02:40 proveloz-z40 kernel: [164848.741710] pci_bus 0000:01: Allocating resources
Oct 30 13:02:40 proveloz-z40 kernel: [164848.741732] pci_bus 0000:02: Allocating resources
Oct 30 13:02:40 proveloz-z40 kernel: [164848.741751] pci_bus 0000:03: Allocating resources
Oct 30 13:02:43 proveloz-z40 kernel: [164851.751355] PM: suspend entry (deep)
Oct 30 13:02:43 proveloz-z40 kernel: [164851.751358] PM: Syncing filesystems ... done.
Oct 30 13:02:44 proveloz-z40 kernel: [164852.251886] rfkill: input handler enabled
Oct 30 14:10:05 proveloz-z40 kernel: [164852.278644] Freezing user space processes ... (elapsed 0.003 seconds) done.
Oct 30 14:10:05 proveloz-z40 kernel: [164852.282588] OOM killer disabled.
Oct 30 14:10:05 proveloz-z40 kernel: [164852.282589] Freezing remaining freezable tasks ... (elapsed 0.001 seconds) done.
Oct 30 14:10:05 proveloz-z40 kernel: [164852.284206] printk: Suspending console(s) (use no_console_suspend to debug)
Oct 30 14:10:05 proveloz-z40 kernel: [164852.284682] wlp2s0: deauthenticating from 00:90:7f:1e:64:3f by local choice (Reason: 3=DEAUTH_LEAVING)
Oct 30 14:10:05 proveloz-z40 kernel: [164852.413636] sd 0:0:0:0: [sda] Synchronizing SCSI cache
Oct 30 14:10:05 proveloz-z40 kernel: [164852.413951] sd 0:0:0:0: [sda] Stopping disk
Oct 30 14:10:05 proveloz-z40 kernel: [164852.718848] ACPI: EC: interrupt blocked
Oct 30 14:10:05 proveloz-z40 kernel: [164852.739188] ACPI: Preparing to enter system sleep state S3
Oct 30 14:10:05 proveloz-z40 kernel: [164852.746714] ACPI: EC: event blocked
Oct 30 14:10:05 proveloz-z40 kernel: [164852.746716] ACPI: EC: EC stopped
Oct 30 14:10:05 proveloz-z40 kernel: [164852.746717] PM: Saving platform NVS memory
Oct 30 14:10:05 proveloz-z40 kernel: [164852.746740] Disabling non-boot CPUs ...
Oct 30 14:10:05 proveloz-z40 kernel: [164852.747753] IRQ 47: no longer affine to CPU1
Oct 30 14:10:05 proveloz-z40 kernel: [164852.749148] smpboot: CPU 1 is now offline
Oct 30 14:10:05 proveloz-z40 kernel: [164852.752272] IRQ 44: no longer affine to CPU2
Oct 30 14:10:05 proveloz-z40 kernel: [164852.753710] smpboot: CPU 2 is now offline
Oct 30 14:10:05 proveloz-z40 kernel: [164852.756838] IRQ 19: no longer affine to CPU3
Oct 30 14:10:05 proveloz-z40 kernel: [164852.756845] IRQ 23: no longer affine to CPU3
Oct 30 14:10:05 proveloz-z40 kernel: [164852.757908] smpboot: CPU 3 is now offline
Oct 30 14:10:05 proveloz-z40 kernel: [164852.764487] ACPI: Low-level resume complete
Oct 30 14:10:05 proveloz-z40 kernel: [164852.764594] ACPI: EC: EC started
Oct 30 14:10:05 proveloz-z40 kernel: [164852.764596] PM: Restoring platform NVS memory
Oct 30 14:10:05 proveloz-z40 kernel: [164852.769861] mce: [Hardware Error]: Machine check events logged
Oct 30 14:10:05 proveloz-z40 kernel: [164852.769866] mce: [Hardware Error]: Machine check events logged
Oct 30 14:10:05 proveloz-z40 kernel: [164852.769931] Enabling non-boot CPUs ...
Oct 30 14:10:05 proveloz-z40 kernel: [164852.770065] x86: Booting SMP configuration:
Oct 30 14:10:05 proveloz-z40 kernel: [164852.770068] smpboot: Booting Node 0 Processor 1 APIC 0x1
Oct 30 14:10:05 proveloz-z40 kernel: [164852.771032]  cache: parent cpu1 should not be sleeping
Oct 30 14:10:05 proveloz-z40 kernel: [164852.771728] CPU1 is up
Oct 30 14:10:05 proveloz-z40 kernel: [164852.771792] smpboot: Booting Node 0 Processor 2 APIC 0x2
Oct 30 14:10:05 proveloz-z40 kernel: [164852.775714]  cache: parent cpu2 should not be sleeping
Oct 30 14:10:05 proveloz-z40 kernel: [164852.776283] CPU2 is up
Oct 30 14:10:05 proveloz-z40 kernel: [164852.776329] smpboot: Booting Node 0 Processor 3 APIC 0x3
Oct 30 14:10:05 proveloz-z40 kernel: [164852.777049]  cache: parent cpu3 should not be sleeping
Oct 30 14:10:05 proveloz-z40 kernel: [164852.777625] CPU3 is up
Oct 30 14:10:05 proveloz-z40 kernel: [164852.787096] ACPI: Waking up from system sleep state S3
Oct 30 14:10:05 proveloz-z40 kernel: [164852.789529] ACPI: EC: interrupt unblocked
Oct 30 14:10:05 proveloz-z40 kernel: [164852.789956] nvidia 0000:03:00.0: Enabling HDA controller
Oct 30 14:10:05 proveloz-z40 kernel: [164852.829823] ACPI: EC: event unblocked
Oct 30 14:10:05 proveloz-z40 kernel: [164852.829978] ath: phy0: ASPM enabled: 0x43
Oct 30 14:10:05 proveloz-z40 kernel: [164852.840498] sd 0:0:0:0: [sda] Starting disk
Oct 30 14:10:05 proveloz-z40 kernel: [164852.934013] r8169 0000:01:00.0 enp1s0: Link is Down
Oct 30 14:10:05 proveloz-z40 kernel: [164853.080738] usb 2-4: reset high-speed USB device number 2 using xhci_hcd
Oct 30 14:10:05 proveloz-z40 kernel: [164853.152005] ata2: SATA link up 1.5 Gbps (SStatus 113 SControl 300)
Oct 30 14:10:05 proveloz-z40 kernel: [164853.155448] ata2.00: configured for UDMA/100
Oct 30 14:10:05 proveloz-z40 kernel: [164853.208648] ata1: SATA link up 6.0 Gbps (SStatus 133 SControl 300)
Oct 30 14:10:05 proveloz-z40 kernel: [164853.210071] ata1.00: configured for UDMA/133
Oct 30 14:10:05 proveloz-z40 kernel: [164853.356908] usb 2-6: reset high-speed USB device number 3 using xhci_hcd
Oct 30 14:10:05 proveloz-z40 kernel: [164853.632872] usb 2-7: reset full-speed USB device number 40 using xhci_hcd
Oct 30 14:10:05 proveloz-z40 kernel: [164853.780842] usb 2-7: device firmware changed
Oct 30 14:10:05 proveloz-z40 kernel: [164853.781648] acpi LNXPOWER:01: Turning OFF
Oct 30 14:10:05 proveloz-z40 kernel: [164853.781785] OOM killer enabled.
Oct 30 14:10:05 proveloz-z40 kernel: [164853.781787] Restarting tasks ... 
Oct 30 14:10:05 proveloz-z40 kernel: [164853.802176] pci_bus 0000:01: Allocating resources
Oct 30 14:10:05 proveloz-z40 kernel: [164853.802199] pci_bus 0000:02: Allocating resources
Oct 30 14:10:05 proveloz-z40 kernel: [164853.802221] pci_bus 0000:03: Allocating resources
Oct 30 14:10:05 proveloz-z40 kernel: [164853.803115] pci_bus 0000:01: Allocating resources
Oct 30 14:10:05 proveloz-z40 kernel: [164853.803136] pci_bus 0000:02: Allocating resources
Oct 30 14:10:05 proveloz-z40 kernel: [164853.803157] pci_bus 0000:03: Allocating resources
Oct 30 14:10:05 proveloz-z40 kernel: [164853.808130] done.
Oct 30 14:10:05 proveloz-z40 kernel: [164853.820449] usb 2-7: USB disconnect, device number 40
Oct 30 14:10:05 proveloz-z40 kernel: [164853.918563] PM: suspend exit
Oct 30 14:10:05 proveloz-z40 kernel: [164853.948460] usb 2-7: new full-speed USB device number 41 using xhci_hcd
Oct 30 14:10:05 proveloz-z40 kernel: [164854.097421] usb 2-7: New USB device found, idVendor=0cf3, idProduct=3004, bcdDevice= 0.01
Oct 30 14:10:05 proveloz-z40 kernel: [164854.097424] usb 2-7: New USB device strings: Mfr=0, Product=0, SerialNumber=0
Oct 30 14:10:05 proveloz-z40 kernel: [164854.138013] rfkill: input handler disabled
Oct 30 14:10:05 proveloz-z40 kernel: [164854.141338] usb 2-7: USB disconnect, device number 41
Oct 30 14:10:05 proveloz-z40 kernel: [164854.319903] Generic PHY r8169-100:00: attached PHY driver [Generic PHY] (mii_bus:phy_addr=r8169-100:00, irq=IGNORE)
Oct 30 14:10:05 proveloz-z40 kernel: [164854.446694] r8169 0000:01:00.0 enp1s0: Link is Down
Oct 30 14:10:05 proveloz-z40 kernel: [164854.448621] usb 2-7: new full-speed USB device number 42 using xhci_hcd
Oct 30 14:10:06 proveloz-z40 kernel: [164855.627280] wlp2s0: authenticate with fc:b4:e6:da:3f:68
Oct 30 14:10:06 proveloz-z40 kernel: [164855.639952] wlp2s0: send auth to fc:b4:e6:da:3f:68 (try 1/3)
Oct 30 14:10:06 proveloz-z40 kernel: [164855.641853] wlp2s0: authenticated
Oct 30 14:10:06 proveloz-z40 kernel: [164855.648462] wlp2s0: associate with fc:b4:e6:da:3f:68 (try 1/3)
Oct 30 14:10:06 proveloz-z40 kernel: [164855.652618] wlp2s0: RX AssocResp from fc:b4:e6:da:3f:68 (capab=0x411 status=0 aid=5)
Oct 30 14:10:06 proveloz-z40 kernel: [164855.652773] wlp2s0: associated
Oct 30 14:10:07 proveloz-z40 kernel: [164855.859896] IPv6: ADDRCONF(NETDEV_CHANGE): wlp2s0: link becomes ready
Oct 30 14:10:10 proveloz-z40 kernel: [164859.689544] usb 2-7: New USB device found, idVendor=0cf3, idProduct=3004, bcdDevice= 0.02
Oct 30 14:10:10 proveloz-z40 kernel: [164859.689547] usb 2-7: New USB device strings: Mfr=0, Product=0, SerialNumber=0
Oct 30 15:21:16 proveloz-z40 kernel: [169124.747028] usb 2-2: new low-speed USB device number 43 using xhci_hcd
Oct 30 15:21:16 proveloz-z40 kernel: [169124.898234] usb 2-2: New USB device found, idVendor=093a, idProduct=2510, bcdDevice= 1.00
Oct 30 15:21:16 proveloz-z40 kernel: [169124.898237] usb 2-2: New USB device strings: Mfr=1, Product=2, SerialNumber=0
Oct 30 15:21:16 proveloz-z40 kernel: [169124.898239] usb 2-2: Product: USB Optical Mouse
Oct 30 15:21:16 proveloz-z40 kernel: [169124.898240] usb 2-2: Manufacturer: PixArt
Oct 30 15:21:16 proveloz-z40 kernel: [169124.900722] input: PixArt USB Optical Mouse as /devices/pci0000:00/0000:00:14.0/usb2/2-2/2-2:1.0/0003:093A:2510.0010/input/input50
Oct 30 15:21:16 proveloz-z40 kernel: [169124.901091] hid-generic 0003:093A:2510.0010: input,hidraw0: USB HID v1.11 Mouse [PixArt USB Optical Mouse] on usb-0000:00:14.0-2/input0
                                                                                   Oct 30 16:34:04 proveloz-z40 kernel: [    0.000000] microcode: microcode updated early to revision 0x25, date = 2019-02-26
Oct 30 16:34:04 proveloz-z40 kernel: [    0.000000] Linux version 5.0.0-32-generic (buildd@lgw01-amd64-034) (gcc version 8.3.0 (Ubuntu 8.3.0-6ubuntu1)) #34-Ubuntu SMP Wed Oct 2 02:06:48 UTC 2019 (Ubuntu 5.0.0-32.34-generic 5.0.21)
Oct 30 16:34:04 proveloz-z40 kernel: [    0.000000] Command line: BOOT_IMAGE=/boot/vmlinuz-5.0.0-32-generic root=UUID=d9690e65-40c9-4e64-89ca-9ad20828ebac ro quiet splash vt.handoff=1
Oct 30 16:34:04 proveloz-z40 kernel: [    0.000000] KERNEL supported cpus:
Oct 30 16:34:04 proveloz-z40 kernel: [    0.000000]   Intel GenuineIntel
Oct 30 16:34:04 proveloz-z40 kernel: [    0.000000]   AMD AuthenticAMD
Oct 30 16:34:04 proveloz-z40 kernel: [    0.000000]   Hygon HygonGenuine
Oct 30 16:34:04 proveloz-z40 kernel: [    0.000000]   Centaur CentaurHauls
Oct 30 16:34:04 proveloz-z40 kernel: [    0.000000] x86/fpu: Supporting XSAVE feature 0x001: 'x87 floating point registers'
Oct 30 16:34:04 proveloz-z40 kernel: [    0.000000] x86/fpu: Supporting XSAVE feature 0x002: 'SSE registers'
Oct 30 16:34:04 proveloz-z40 kernel: [    0.000000] x86/fpu: Supporting XSAVE feature 0x004: 'AVX registers'
Oct 30 16:34:04 proveloz-z40 kernel: [    0.000000] x86/fpu: xstate_offset[2]:  576, xstate_sizes[2]:  256
Oct 30 16:34:04 proveloz-z40 kernel: [    0.000000] x86/fpu: Enabled xstate features 0x7, context size is 832 bytes, using 'standard' format.
Oct 30 16:34:04 proveloz-z40 kernel: [    0.000000] BIOS-provided physical RAM map:
Oct 30 16:34:04 proveloz-z40 kernel: [    0.000000] BIOS-e820: [mem 0x0000000000000000-0x000000000006efff] usable
Oct 30 16:34:04 proveloz-z40 kernel: [    0.000000] BIOS-e820: [mem 0x000000000006f000-0x000000000006ffff] reserved
Oct 30 16:34:04 proveloz-z40 kernel: [    0.000000] BIOS-e820: [mem 0x0000000000070000-0x0000000000087fff] usable
Oct 30 16:34:04 proveloz-z40 kernel: [    0.000000] BIOS-e820: [mem 0x0000000000088000-0x00000000000bffff] reserved
Oct 30 16:34:04 proveloz-z40 kernel: [    0.000000] BIOS-e820: [mem 0x0000000000100000-0x00000000a56affff] usable
Oct 30 16:34:04 proveloz-z40 kernel: [    0.000000] BIOS-e820: [mem 0x00000000a56b0000-0x00000000a5eaffff] reserved
Oct 30 16:34:04 proveloz-z40 kernel: [    0.000000] BIOS-e820: [mem 0x00000000a5eb0000-0x00000000aa6befff] usable
Oct 30 16:34:04 proveloz-z40 kernel: [    0.000000] BIOS-e820: [mem 0x00000000aa6bf000-0x00000000aa8befff] type 20
Oct 30 16:34:04 proveloz-z40 kernel: [    0.000000] BIOS-e820: [mem 0x00000000aa8bf000-0x00000000aaebefff] reserved
Oct 30 16:34:04 proveloz-z40 kernel: [    0.000000] BIOS-e820: [mem 0x00000000aaebf000-0x00000000aafbefff] ACPI NVS
Oct 30 16:34:04 proveloz-z40 kernel: [    0.000000] BIOS-e820: [mem 0x00000000aafbf000-0x00000000aaffefff] ACPI data
Oct 30 16:34:04 proveloz-z40 kernel: [    0.000000] BIOS-e820: [mem 0x00000000aafff000-0x00000000aaffffff] usable
Oct 30 16:34:04 proveloz-z40 kernel: [    0.000000] BIOS-e820: [mem 0x00000000ab000000-0x00000000af9fffff] reserved
Oct 30 16:34:04 proveloz-z40 kernel: [    0.000000] BIOS-e820: [mem 0x00000000e0000000-0x00000000efffffff] reserved
Oct 30 16:34:04 proveloz-z40 kernel: [    0.000000] BIOS-e820: [mem 0x00000000fe101000-0x00000000fe112fff] reserved
Oct 30 16:34:04 proveloz-z40 kernel: [    0.000000] BIOS-e820: [mem 0x00000000feb00000-0x00000000feb0ffff] reserved
Oct 30 16:34:04 proveloz-z40 kernel: [    0.000000] BIOS-e820: [mem 0x00000000fec00000-0x00000000fec00fff] reserved
Oct 30 16:34:04 proveloz-z40 kernel: [    0.000000] BIOS-e820: [mem 0x00000000fed00000-0x00000000fee00fff] reserved
Oct 30 16:34:04 proveloz-z40 kernel: [    0.000000] BIOS-e820: [mem 0x00000000ffc00000-0x00000000ffffffff] reserved
Oct 30 16:34:04 proveloz-z40 kernel: [    0.000000] BIOS-e820: [mem 0x0000000100000000-0x000000034f5fffff] usable
Oct 30 16:34:04 proveloz-z40 kernel: [    0.000000] NX (Execute Disable) protection: active
Oct 30 16:34:04 proveloz-z40 kernel: [    0.000000] efi: EFI v2.31 by INSYDE Corp.
Oct 30 16:34:04 proveloz-z40 kernel: [    0.000000] efi:  ACPI=0xaaffe000  ACPI 2.0=0xaaffe014  SMBIOS=0xaaebef98 
Oct 30 16:34:04 proveloz-z40 kernel: [    0.000000] secureboot: Secure boot could not be determined (mode 0)
Oct 30 16:34:04 proveloz-z40 kernel: [    0.000000] SMBIOS 2.7 present.
Oct 30 16:34:04 proveloz-z40 kernel: [    0.000000] DMI: LENOVO 20366/Lancer 4A5, BIOS 9BCN25WW 04/10/2014
Oct 30 16:34:04 proveloz-z40 kernel: [    0.000000] tsc: Fast TSC calibration using PIT
Oct 30 16:34:04 proveloz-z40 kernel: [    0.000000] tsc: Detected 1696.034 MHz processor
Oct 30 16:34:04 proveloz-z40 kernel: [    0.003212] e820: update [mem 0x00000000-0x00000fff] usable ==> reserved
Oct 30 16:34:04 proveloz-z40 kernel: [    0.003215] e820: remove [mem 0x000a0000-0x000fffff] usable
Oct 30 16:34:04 proveloz-z40 kernel: [    0.003225] last_pfn = 0x34f600 max_arch_pfn = 0x400000000
Oct 30 16:34:04 proveloz-z40 kernel: [    0.003231] MTRR default type: uncachable
Oct 30 16:34:04 proveloz-z40 kernel: [    0.003232] MTRR fixed ranges enabled:
Oct 30 16:34:04 proveloz-z40 kernel: [    0.003234]   00000-9FFFF write-back
Oct 30 16:34:04 proveloz-z40 kernel: [    0.003235]   A0000-BFFFF uncachable
Oct 30 16:34:04 proveloz-z40 kernel: [    0.003236]   C0000-E7FFF write-protect
Oct 30 16:34:04 proveloz-z40 kernel: [    0.003237]   E8000-EFFFF write-combining
Oct 30 16:34:04 proveloz-z40 kernel: [    0.003238]   F0000-FFFFF write-protect
Oct 30 16:34:04 proveloz-z40 kernel: [    0.003239] MTRR variable ranges enabled:
Oct 30 16:34:04 proveloz-z40 kernel: [    0.003241]   0 base 0000000000 mask 7C00000000 write-back
Oct 30 16:34:04 proveloz-z40 kernel: [    0.003243]   1 base 00AB000000 mask 7FFF000000 uncachable
Oct 30 16:34:04 proveloz-z40 kernel: [    0.003244]   2 base 00AC000000 mask 7FFC000000 uncachable
Oct 30 16:34:04 proveloz-z40 kernel: [    0.003245]   3 base 00B0000000 mask 7FF0000000 uncachable
Oct 30 16:34:04 proveloz-z40 kernel: [    0.003246]   4 base 00C0000000 mask 7FC0000000 uncachable
Oct 30 16:34:04 proveloz-z40 kernel: [    0.003247]   5 disabled
Oct 30 16:34:04 proveloz-z40 kernel: [    0.003248]   6 disabled
Oct 30 16:34:04 proveloz-z40 kernel: [    0.003248]   7 disabled
Oct 30 16:34:04 proveloz-z40 kernel: [    0.003249]   8 disabled
Oct 30 16:34:04 proveloz-z40 kernel: [    0.003250]   9 disabled
Oct 30 16:34:04 proveloz-z40 kernel: [    0.004402] x86/PAT: Configuration [0-7]: WB  WC  UC- UC  WB  WP  UC- WT  
Oct 30 16:34:04 proveloz-z40 kernel: [    0.004594] total RAM covered: 15024M
Oct 30 16:34:04 proveloz-z40 kernel: [    0.005169] Found optimal setting for mtrr clean up
Oct 30 16:34:04 proveloz-z40 kernel: [    0.005170]  gran_size: 64K 	chunk_size: 64K 	num_reg: 7  	lose cover RAM: 0G
Oct 30 16:34:04 proveloz-z40 kernel: [    0.006321] e820: update [mem 0xab000000-0xffffffff] usable ==> reserved
Oct 30 16:34:04 proveloz-z40 kernel: [    0.006326] last_pfn = 0xab000 max_arch_pfn = 0x400000000
Oct 30 16:34:04 proveloz-z40 kernel: [    0.018787] found SMP MP-table at [mem 0x000fe1c0-0x000fe1cf]
Oct 30 16:34:04 proveloz-z40 kernel: [    0.018819] check: Scanning 1 areas for low memory corruption
Oct 30 16:34:04 proveloz-z40 kernel: [    0.018825] Using GB pages for direct mapping
Oct 30 16:34:04 proveloz-z40 kernel: [    0.018827] BRK [0x315e01000, 0x315e01fff] PGTABLE
Oct 30 16:34:04 proveloz-z40 kernel: [    0.018829] BRK [0x315e02000, 0x315e02fff] PGTABLE
Oct 30 16:34:04 proveloz-z40 kernel: [    0.018831] BRK [0x315e03000, 0x315e03fff] PGTABLE
Oct 30 16:34:04 proveloz-z40 kernel: [    0.018905] BRK [0x315e04000, 0x315e04fff] PGTABLE
Oct 30 16:34:04 proveloz-z40 kernel: [    0.018908] BRK [0x315e05000, 0x315e05fff] PGTABLE
Oct 30 16:34:04 proveloz-z40 kernel: [    0.019295] BRK [0x315e06000, 0x315e06fff] PGTABLE
Oct 30 16:34:04 proveloz-z40 kernel: [    0.019368] BRK [0x315e07000, 0x315e07fff] PGTABLE
Oct 30 16:34:04 proveloz-z40 kernel: [    0.019470] BRK [0x315e08000, 0x315e08fff] PGTABLE
Oct 30 16:34:04 proveloz-z40 kernel: [    0.019597] BRK [0x315e09000, 0x315e09fff] PGTABLE
Oct 30 16:34:04 proveloz-z40 kernel: [    0.019697] BRK [0x315e0a000, 0x315e0afff] PGTABLE
Oct 30 16:34:04 proveloz-z40 kernel: [    0.019813] RAMDISK: [mem 0x33115000-0x35881fff]
Oct 30 16:34:04 proveloz-z40 kernel: [    0.019822] ACPI: Early table checksum verification disabled
Oct 30 16:34:04 proveloz-z40 kernel: [    0.019827] ACPI: RSDP 0x00000000AAFFE014 000024 (v02 LENOVO)
Oct 30 16:34:04 proveloz-z40 kernel: [    0.019831] ACPI: XSDT 0x00000000AAFFE210 0000C4 (v01 LENOVO CB-01    00000001      01000013)
Oct 30 16:34:04 proveloz-z40 kernel: [    0.019838] ACPI: FACP 0x00000000AAFF7000 00010C (v05 LENOVO CB-01    00000001 ACPI 00040000)
Oct 30 16:34:04 proveloz-z40 kernel: [    0.019845] ACPI: DSDT 0x00000000AAFE4000 00F4BB (v02 LENOVO CB-01    00000001 ACPI 00040000)
Oct 30 16:34:04 proveloz-z40 kernel: [    0.019849] ACPI: FACS 0x00000000AAFBA000 000040
Oct 30 16:34:04 proveloz-z40 kernel: [    0.019853] ACPI: SLIC 0x00000000AAFFD000 000176 (v01 LENOVO CB-01    00000001 ACPI 00040000)
Oct 30 16:34:04 proveloz-z40 kernel: [    0.019857] ACPI: UEFI 0x00000000AAFFC000 000236 (v01 LENOVO CB-01    00000001 ACPI 00040000)
Oct 30 16:34:04 proveloz-z40 kernel: [    0.019860] ACPI: FPDT 0x00000000AAFFA000 000044 (v01 LENOVO CB-01    00000001 ACPI 00040000)
Oct 30 16:34:04 proveloz-z40 kernel: [    0.019864] ACPI: MSDM 0x00000000AAFF9000 000055 (v03 LENOVO CB-01    00000001 ACPI 00040000)
Oct 30 16:34:04 proveloz-z40 kernel: [    0.019868] ACPI: ASF! 0x00000000AAFF8000 0000A5 (v32 LENOVO CB-01    00000001 ACPI 00040000)
Oct 30 16:34:04 proveloz-z40 kernel: [    0.019872] ACPI: HPET 0x00000000AAFF6000 000038 (v01 LENOVO CB-01    00000001 ACPI 00040000)
Oct 30 16:34:04 proveloz-z40 kernel: [    0.019875] ACPI: APIC 0x00000000AAFF5000 00008C (v03 LENOVO CB-01    00000001 ACPI 00040000)
Oct 30 16:34:04 proveloz-z40 kernel: [    0.019879] ACPI: MCFG 0x00000000AAFF4000 00003C (v01 LENOVO CB-01    00000001 ACPI 00040000)
Oct 30 16:34:04 proveloz-z40 kernel: [    0.019883] ACPI: WDAT 0x00000000AAFE3000 000224 (v01 LENOVO CB-01    00000001 ACPI 00040000)
Oct 30 16:34:04 proveloz-z40 kernel: [    0.019886] ACPI: SSDT 0x00000000AAFE0000 002028 (v01 LENOVO CB-01    00000001 ACPI 00040000)
Oct 30 16:34:04 proveloz-z40 kernel: [    0.019890] ACPI: BOOT 0x00000000AAFDE000 000028 (v01 LENOVO CB-01    00000001 ACPI 00040000)
Oct 30 16:34:04 proveloz-z40 kernel: [    0.019894] ACPI: LPIT 0x00000000AAFDD000 000094 (v01 LENOVO CB-01    00000001 ACPI 00040000)
Oct 30 16:34:04 proveloz-z40 kernel: [    0.019897] ACPI: ASPT 0x00000000AAFDB000 000034 (v07 LENOVO CB-01    00000001 ACPI 00040000)
Oct 30 16:34:04 proveloz-z40 kernel: [    0.019901] ACPI: DBGP 0x00000000AAFDA000 000034 (v01 LENOVO CB-01    00000001 ACPI 00040000)
Oct 30 16:34:04 proveloz-z40 kernel: [    0.019905] ACPI: SSDT 0x00000000AAFD2000 000494 (v01 LENOVO CB-01    00000001 ACPI 00040000)
Oct 30 16:34:04 proveloz-z40 kernel: [    0.019908] ACPI: SSDT 0x00000000AAFD1000 000AD8 (v01 LENOVO CB-01    00000001 ACPI 00040000)
Oct 30 16:34:04 proveloz-z40 kernel: [    0.019912] ACPI: SSDT 0x00000000AAFCD000 0034F8 (v01 LENOVO CB-01    00000001 ACPI 00040000)
Oct 30 16:34:04 proveloz-z40 kernel: [    0.019916] ACPI: SSDT 0x00000000AAFC8000 0034B3 (v01 LENOVO CB-01    00000001 ACPI 00040000)
Oct 30 16:34:04 proveloz-z40 kernel: [    0.019919] ACPI: BGRT 0x00000000AAFCC000 000038 (v01 LENOVO CB-01    00000001 ACPI 00040000)
Oct 30 16:34:04 proveloz-z40 kernel: [    0.019931] ACPI: Local APIC address 0xfee00000
Oct 30 16:34:04 proveloz-z40 kernel: [    0.020047] No NUMA configuration found
Oct 30 16:34:04 proveloz-z40 kernel: [    0.020048] Faking a node at [mem 0x0000000000000000-0x000000034f5fffff]
Oct 30 16:34:04 proveloz-z40 kernel: [    0.020064] NODE_DATA(0) allocated [mem 0x34f5d5000-0x34f5fffff]
Oct 30 16:34:04 proveloz-z40 kernel: [    0.020383] Zone ranges:
Oct 30 16:34:04 proveloz-z40 kernel: [    0.020384]   DMA      [mem 0x0000000000001000-0x0000000000ffffff]
Oct 30 16:34:04 proveloz-z40 kernel: [    0.020385]   DMA32    [mem 0x0000000001000000-0x00000000ffffffff]
Oct 30 16:34:04 proveloz-z40 kernel: [    0.020387]   Normal   [mem 0x0000000100000000-0x000000034f5fffff]
Oct 30 16:34:04 proveloz-z40 kernel: [    0.020388]   Device   empty
Oct 30 16:34:04 proveloz-z40 kernel: [    0.020389] Movable zone start for each node
Oct 30 16:34:04 proveloz-z40 kernel: [    0.020394] Early memory node ranges
Oct 30 16:34:04 proveloz-z40 kernel: [    0.020396]   node   0: [mem 0x0000000000001000-0x000000000006efff]
Oct 30 16:34:04 proveloz-z40 kernel: [    0.020397]   node   0: [mem 0x0000000000070000-0x0000000000087fff]
Oct 30 16:34:04 proveloz-z40 kernel: [    0.020398]   node   0: [mem 0x0000000000100000-0x00000000a56affff]
Oct 30 16:34:04 proveloz-z40 kernel: [    0.020398]   node   0: [mem 0x00000000a5eb0000-0x00000000aa6befff]
Oct 30 16:34:04 proveloz-z40 kernel: [    0.020399]   node   0: [mem 0x00000000aafff000-0x00000000aaffffff]
Oct 30 16:34:04 proveloz-z40 kernel: [    0.020400]   node   0: [mem 0x0000000100000000-0x000000034f5fffff]
Oct 30 16:34:04 proveloz-z40 kernel: [    0.020973] Zeroed struct page in unavailable ranges: 25018 pages
Oct 30 16:34:04 proveloz-z40 kernel: [    0.020975] Initmem setup node 0 [mem 0x0000000000001000-0x000000034f5fffff]
Oct 30 16:34:04 proveloz-z40 kernel: [    0.020977] On node 0 totalpages: 3118150
Oct 30 16:34:04 proveloz-z40 kernel: [    0.020978]   DMA zone: 64 pages used for memmap
Oct 30 16:34:04 proveloz-z40 kernel: [    0.020979]   DMA zone: 111 pages reserved
Oct 30 16:34:04 proveloz-z40 kernel: [    0.020980]   DMA zone: 3974 pages, LIFO batch:0
Oct 30 16:34:04 proveloz-z40 kernel: [    0.021123]   DMA32 zone: 10811 pages used for memmap
Oct 30 16:34:04 proveloz-z40 kernel: [    0.021125]   DMA32 zone: 691904 pages, LIFO batch:63
Oct 30 16:34:04 proveloz-z40 kernel: [    0.046988]   Normal zone: 37848 pages used for memmap
Oct 30 16:34:04 proveloz-z40 kernel: [    0.046990]   Normal zone: 2422272 pages, LIFO batch:63
Oct 30 16:34:04 proveloz-z40 kernel: [    0.126802] Reserving Intel graphics memory at [mem 0xaba00000-0xaf9fffff]
Oct 30 16:34:04 proveloz-z40 kernel: [    0.126889] ACPI: PM-Timer IO Port: 0x1808
Oct 30 16:34:04 proveloz-z40 kernel: [    0.126891] ACPI: Local APIC address 0xfee00000
Oct 30 16:34:04 proveloz-z40 kernel: [    0.126909] IOAPIC[0]: apic_id 2, version 32, address 0xfec00000, GSI 0-39
Oct 30 16:34:04 proveloz-z40 kernel: [    0.126912] ACPI: INT_SRC_OVR (bus 0 bus_irq 0 global_irq 2 dfl dfl)
Oct 30 16:34:04 proveloz-z40 kernel: [    0.126914] ACPI: INT_SRC_OVR (bus 0 bus_irq 9 global_irq 9 high level)
Oct 30 16:34:04 proveloz-z40 kernel: [    0.126916] ACPI: IRQ0 used by override.
Oct 30 16:34:04 proveloz-z40 kernel: [    0.126917] ACPI: IRQ9 used by override.
Oct 30 16:34:04 proveloz-z40 kernel: [    0.126920] Using ACPI (MADT) for SMP configuration information
Oct 30 16:34:04 proveloz-z40 kernel: [    0.126922] ACPI: HPET id: 0x8086a201 base: 0xfed00000
Oct 30 16:34:04 proveloz-z40 kernel: [    0.126936] smpboot: Allowing 8 CPUs, 4 hotplug CPUs
Oct 30 16:34:04 proveloz-z40 kernel: [    0.126966] PM: Registered nosave memory: [mem 0x00000000-0x00000fff]
Oct 30 16:34:04 proveloz-z40 kernel: [    0.126969] PM: Registered nosave memory: [mem 0x0006f000-0x0006ffff]
Oct 30 16:34:04 proveloz-z40 kernel: [    0.126971] PM: Registered nosave memory: [mem 0x00088000-0x000bffff]
Oct 30 16:34:04 proveloz-z40 kernel: [    0.126972] PM: Registered nosave memory: [mem 0x000c0000-0x000fffff]
Oct 30 16:34:04 proveloz-z40 kernel: [    0.126974] PM: Registered nosave memory: [mem 0xa56b0000-0xa5eaffff]
Oct 30 16:34:04 proveloz-z40 kernel: [    0.126976] PM: Registered nosave memory: [mem 0xaa6bf000-0xaa8befff]
Oct 30 16:34:04 proveloz-z40 kernel: [    0.126977] PM: Registered nosave memory: [mem 0xaa8bf000-0xaaebefff]
Oct 30 16:34:04 proveloz-z40 kernel: [    0.126978] PM: Registered nosave memory: [mem 0xaaebf000-0xaafbefff]
Oct 30 16:34:04 proveloz-z40 kernel: [    0.126979] PM: Registered nosave memory: [mem 0xaafbf000-0xaaffefff]
Oct 30 16:34:04 proveloz-z40 kernel: [    0.126981] PM: Registered nosave memory: [mem 0xab000000-0xaf9fffff]
Oct 30 16:34:04 proveloz-z40 kernel: [    0.126982] PM: Registered nosave memory: [mem 0xafa00000-0xdfffffff]
Oct 30 16:34:04 proveloz-z40 kernel: [    0.126983] PM: Registered nosave memory: [mem 0xe0000000-0xefffffff]
Oct 30 16:34:04 proveloz-z40 kernel: [    0.126984] PM: Registered nosave memory: [mem 0xf0000000-0xfe100fff]
Oct 30 16:34:04 proveloz-z40 kernel: [    0.126985] PM: Registered nosave memory: [mem 0xfe101000-0xfe112fff]
Oct 30 16:34:04 proveloz-z40 kernel: [    0.126986] PM: Registered nosave memory: [mem 0xfe113000-0xfeafffff]
Oct 30 16:34:04 proveloz-z40 kernel: [    0.126986] PM: Registered nosave memory: [mem 0xfeb00000-0xfeb0ffff]
Oct 30 16:34:04 proveloz-z40 kernel: [    0.126987] PM: Registered nosave memory: [mem 0xfeb10000-0xfebfffff]
Oct 30 16:34:04 proveloz-z40 kernel: [    0.126988] PM: Registered nosave memory: [mem 0xfec00000-0xfec00fff]
Oct 30 16:34:04 proveloz-z40 kernel: [    0.126989] PM: Registered nosave memory: [mem 0xfec01000-0xfecfffff]
Oct 30 16:34:04 proveloz-z40 kernel: [    0.126990] PM: Registered nosave memory: [mem 0xfed00000-0xfee00fff]
Oct 30 16:34:04 proveloz-z40 kernel: [    0.126991] PM: Registered nosave memory: [mem 0xfee01000-0xffbfffff]
Oct 30 16:34:04 proveloz-z40 kernel: [    0.126992] PM: Registered nosave memory: [mem 0xffc00000-0xffffffff]
Oct 30 16:34:04 proveloz-z40 kernel: [    0.126994] [mem 0xafa00000-0xdfffffff] available for PCI devices
Oct 30 16:34:04 proveloz-z40 kernel: [    0.126996] Booting paravirtualized kernel on bare hardware
Oct 30 16:34:04 proveloz-z40 kernel: [    0.126999] clocksource: refined-jiffies: mask: 0xffffffff max_cycles: 0xffffffff, max_idle_ns: 7645519600211568 ns
Oct 30 16:34:04 proveloz-z40 kernel: [    0.127013] random: get_random_bytes called from start_kernel+0x97/0x516 with crng_init=0
Oct 30 16:34:04 proveloz-z40 kernel: [    0.127022] setup_percpu: NR_CPUS:8192 nr_cpumask_bits:8 nr_cpu_ids:8 nr_node_ids:1
Oct 30 16:34:04 proveloz-z40 kernel: [    0.127354] percpu: Embedded 47 pages/cpu s155648 r8192 d28672 u262144
Oct 30 16:34:04 proveloz-z40 kernel: [    0.127364] pcpu-alloc: s155648 r8192 d28672 u262144 alloc=1*2097152
Oct 30 16:34:04 proveloz-z40 kernel: [    0.127365] pcpu-alloc: [0] 0 1 2 3 4 5 6 7 
Oct 30 16:34:04 proveloz-z40 kernel: [    0.127403] Built 1 zonelists, mobility grouping on.  Total pages: 3069316
Oct 30 16:34:04 proveloz-z40 kernel: [    0.127404] Policy zone: Normal
Oct 30 16:34:04 proveloz-z40 kernel: [    0.127406] Kernel command line: BOOT_IMAGE=/boot/vmlinuz-5.0.0-32-generic root=UUID=d9690e65-40c9-4e64-89ca-9ad20828ebac ro quiet splash vt.handoff=1
Oct 30 16:34:04 proveloz-z40 kernel: [    0.132917] Calgary: detecting Calgary via BIOS EBDA area
Oct 30 16:34:04 proveloz-z40 kernel: [    0.132919] Calgary: Unable to locate Rio Grande table in EBDA - bailing!
Oct 30 16:34:04 proveloz-z40 kernel: [    0.171884] Memory: 12062736K/12472600K available (14339K kernel code, 2335K rwdata, 4448K rodata, 2588K init, 5192K bss, 409864K reserved, 0K cma-reserved)
Oct 30 16:34:04 proveloz-z40 kernel: [    0.172067] SLUB: HWalign=64, Order=0-3, MinObjects=0, CPUs=8, Nodes=1
Oct 30 16:34:04 proveloz-z40 kernel: [    0.172074] Kernel/User page tables isolation: enabled
Oct 30 16:34:04 proveloz-z40 kernel: [    0.172095] ftrace: allocating 41605 entries in 163 pages
Oct 30 16:34:04 proveloz-z40 kernel: [    0.197768] rcu: Hierarchical RCU implementation.
Oct 30 16:34:04 proveloz-z40 kernel: [    0.197770] rcu: 	RCU restricting CPUs from NR_CPUS=8192 to nr_cpu_ids=8.
Oct 30 16:34:04 proveloz-z40 kernel: [    0.197771] 	Tasks RCU enabled.
Oct 30 16:34:04 proveloz-z40 kernel: [    0.197772] rcu: RCU calculated value of scheduler-enlistment delay is 25 jiffies.
Oct 30 16:34:04 proveloz-z40 kernel: [    0.197773] rcu: Adjusting geometry for rcu_fanout_leaf=16, nr_cpu_ids=8
Oct 30 16:34:04 proveloz-z40 kernel: [    0.201992] NR_IRQS: 524544, nr_irqs: 760, preallocated irqs: 16
Oct 30 16:34:04 proveloz-z40 kernel: [    0.202219] vt handoff: transparent VT on vt#1
Oct 30 16:34:04 proveloz-z40 kernel: [    0.202225] Console: colour dummy device 80x25
Oct 30 16:34:04 proveloz-z40 kernel: [    0.202231] printk: console [tty0] enabled
Oct 30 16:34:04 proveloz-z40 kernel: [    0.202253] ACPI: Core revision 20181213
Oct 30 16:34:04 proveloz-z40 kernel: [    0.202616] clocksource: hpet: mask: 0xffffffff max_cycles: 0xffffffff, max_idle_ns: 133484882848 ns
Oct 30 16:34:04 proveloz-z40 kernel: [    0.202624] hpet clockevent registered
Oct 30 16:34:04 proveloz-z40 kernel: [    0.202630] APIC: Switch to symmetric I/O mode setup
Oct 30 16:34:04 proveloz-z40 kernel: [    0.203242] ..TIMER: vector=0x30 apic1=0 pin1=2 apic2=-1 pin2=-1
Oct 30 16:34:04 proveloz-z40 kernel: [    0.222631] clocksource: tsc-early: mask: 0xffffffffffffffff max_cycles: 0x187284b3e11, max_idle_ns: 440795209343 ns
Oct 30 16:34:04 proveloz-z40 kernel: [    0.222649] Calibrating delay loop (skipped), value calculated using timer frequency.. 3392.06 BogoMIPS (lpj=6784136)
Oct 30 16:34:04 proveloz-z40 kernel: [    0.222652] pid_max: default: 32768 minimum: 301
Oct 30 16:34:04 proveloz-z40 kernel: [    0.232690] LSM: Security Framework initializing
Oct 30 16:34:04 proveloz-z40 kernel: [    0.232705] Yama: becoming mindful.
Oct 30 16:34:04 proveloz-z40 kernel: [    0.232732] AppArmor: AppArmor initialized
Oct 30 16:34:04 proveloz-z40 kernel: [    0.235562] Dentry cache hash table entries: 2097152 (order: 12, 16777216 bytes)
Oct 30 16:34:04 proveloz-z40 kernel: [    0.236987] Inode-cache hash table entries: 1048576 (order: 11, 8388608 bytes)
Oct 30 16:34:04 proveloz-z40 kernel: [    0.237049] Mount-cache hash table entries: 32768 (order: 6, 262144 bytes)
Oct 30 16:34:04 proveloz-z40 kernel: [    0.237095] Mountpoint-cache hash table entries: 32768 (order: 6, 262144 bytes)
Oct 30 16:34:04 proveloz-z40 kernel: [    0.237397] ENERGY_PERF_BIAS: Set to 'normal', was 'performance'
Oct 30 16:34:04 proveloz-z40 kernel: [    0.237398] ENERGY_PERF_BIAS: View and update with x86_energy_perf_policy(8)
Oct 30 16:34:04 proveloz-z40 kernel: [    0.237423] mce: CPU0: Thermal monitoring enabled (TM1)
Oct 30 16:34:04 proveloz-z40 kernel: [    0.237438] process: using mwait in idle threads
Oct 30 16:34:04 proveloz-z40 kernel: [    0.237442] Last level iTLB entries: 4KB 1024, 2MB 1024, 4MB 1024
Oct 30 16:34:04 proveloz-z40 kernel: [    0.237443] Last level dTLB entries: 4KB 1024, 2MB 1024, 4MB 1024, 1GB 4
Oct 30 16:34:04 proveloz-z40 kernel: [    0.237444] Spectre V1 : Mitigation: usercopy/swapgs barriers and __user pointer sanitization
Oct 30 16:34:04 proveloz-z40 kernel: [    0.237446] Spectre V2 : Mitigation: Full generic retpoline
Oct 30 16:34:04 proveloz-z40 kernel: [    0.237447] Spectre V2 : Spectre v2 / SpectreRSB mitigation: Filling RSB on context switch
Oct 30 16:34:04 proveloz-z40 kernel: [    0.237447] Spectre V2 : Enabling Restricted Speculation for firmware calls
Oct 30 16:34:04 proveloz-z40 kernel: [    0.237458] Spectre V2 : mitigation: Enabling conditional Indirect Branch Prediction Barrier
Oct 30 16:34:04 proveloz-z40 kernel: [    0.237459] Spectre V2 : User space: Mitigation: STIBP via seccomp and prctl
Oct 30 16:34:04 proveloz-z40 kernel: [    0.237460] Speculative Store Bypass: Mitigation: Speculative Store Bypass disabled via prctl and seccomp
Oct 30 16:34:04 proveloz-z40 kernel: [    0.237497] MDS: Mitigation: Clear CPU buffers
Oct 30 16:34:04 proveloz-z40 kernel: [    0.237755] Freeing SMP alternatives memory: 36K
Oct 30 16:34:04 proveloz-z40 kernel: [    0.242015] TSC deadline timer enabled
Oct 30 16:34:04 proveloz-z40 kernel: [    0.242018] smpboot: CPU0: Intel(R) Core(TM) i3-4005U CPU @ 1.70GHz (family: 0x6, model: 0x45, stepping: 0x1)
Oct 30 16:34:04 proveloz-z40 kernel: [    0.242122] mce: [Hardware Error]: Machine check events logged
Oct 30 16:34:04 proveloz-z40 kernel: [    0.242125] mce: [Hardware Error]: CPU 0: Machine Check: 0 Bank 5: ae0000000040110a
Oct 30 16:34:04 proveloz-z40 kernel: [    0.242127] mce: [Hardware Error]: TSC 0 ADDR fef873c0 MISC b8a0000086 
Oct 30 16:34:04 proveloz-z40 kernel: [    0.242132] mce: [Hardware Error]: PROCESSOR 0:40651 TIME 1572464034 SOCKET 0 APIC 0 microcode 25
Oct 30 16:34:04 proveloz-z40 kernel: [    0.242181] Performance Events: PEBS fmt2+, Haswell events, 16-deep LBR, full-width counters, Intel PMU driver.
Oct 30 16:34:04 proveloz-z40 kernel: [    0.242232] ... version:                3
Oct 30 16:34:04 proveloz-z40 kernel: [    0.242233] ... bit width:              48
Oct 30 16:34:04 proveloz-z40 kernel: [    0.242233] ... generic registers:      4
Oct 30 16:34:04 proveloz-z40 kernel: [    0.242234] ... value mask:             0000ffffffffffff
Oct 30 16:34:04 proveloz-z40 kernel: [    0.242235] ... max period:             00007fffffffffff
Oct 30 16:34:04 proveloz-z40 kernel: [    0.242236] ... fixed-purpose events:   3
Oct 30 16:34:04 proveloz-z40 kernel: [    0.242237] ... event mask:             000000070000000f
Oct 30 16:34:04 proveloz-z40 kernel: [    0.242288] rcu: Hierarchical SRCU implementation.
Oct 30 16:34:04 proveloz-z40 kernel: [    0.242633] random: crng done (trusting CPU's manufacturer)
Oct 30 16:34:04 proveloz-z40 kernel: [    0.242633] NMI watchdog: Enabled. Permanently consumes one hw-PMU counter.
Oct 30 16:34:04 proveloz-z40 kernel: [    0.242633] smp: Bringing up secondary CPUs ...
Oct 30 16:34:04 proveloz-z40 kernel: [    0.242633] x86: Booting SMP configuration:
Oct 30 16:34:04 proveloz-z40 kernel: [    0.242633] .... node  #0, CPUs:      #1
Oct 30 16:34:04 proveloz-z40 kernel: [    0.242633] MDS CPU bug present and SMT on, data leak possible. See https://www.kernel.org/doc/html/latest/admin-guide/hw-vuln/mds.html for more details.
Oct 30 16:34:04 proveloz-z40 kernel: [    0.242633]  #2 #3
Oct 30 16:34:04 proveloz-z40 kernel: [    0.245684] smp: Brought up 1 node, 4 CPUs
Oct 30 16:34:04 proveloz-z40 kernel: [    0.245684] smpboot: Max logical packages: 2
Oct 30 16:34:04 proveloz-z40 kernel: [    0.245684] smpboot: Total of 4 processors activated (13568.27 BogoMIPS)
Oct 30 16:34:04 proveloz-z40 kernel: [    0.247016] devtmpfs: initialized
Oct 30 16:34:04 proveloz-z40 kernel: [    0.247016] x86/mm: Memory block size: 128MB
Oct 30 16:34:04 proveloz-z40 kernel: [    0.247945] PM: Registering ACPI NVS region [mem 0xaaebf000-0xaafbefff] (1048576 bytes)
Oct 30 16:34:04 proveloz-z40 kernel: [    0.247945] clocksource: jiffies: mask: 0xffffffff max_cycles: 0xffffffff, max_idle_ns: 7645041785100000 ns
Oct 30 16:34:04 proveloz-z40 kernel: [    0.247945] futex hash table entries: 2048 (order: 5, 131072 bytes)
Oct 30 16:34:04 proveloz-z40 kernel: [    0.247945] pinctrl core: initialized pinctrl subsystem
Oct 30 16:34:04 proveloz-z40 kernel: [    0.247945] RTC time: 19:33:54, date: 2019-10-30
Oct 30 16:34:04 proveloz-z40 kernel: [    0.247945] NET: Registered protocol family 16
Oct 30 16:34:04 proveloz-z40 kernel: [    0.247945] audit: initializing netlink subsys (disabled)
Oct 30 16:34:04 proveloz-z40 kernel: [    0.247945] audit: type=2000 audit(1572464034.044:1): state=initialized audit_enabled=0 res=1
Oct 30 16:34:04 proveloz-z40 kernel: [    0.247945] EISA bus registered
Oct 30 16:34:04 proveloz-z40 kernel: [    0.247945] cpuidle: using governor ladder
Oct 30 16:34:04 proveloz-z40 kernel: [    0.247945] cpuidle: using governor menu
Oct 30 16:34:04 proveloz-z40 kernel: [    0.247945] Simple Boot Flag at 0x44 set to 0x1
Oct 30 16:34:04 proveloz-z40 kernel: [    0.247945] ACPI FADT declares the system doesn't support PCIe ASPM, so disable it
Oct 30 16:34:04 proveloz-z40 kernel: [    0.247945] ACPI: bus type PCI registered
Oct 30 16:34:04 proveloz-z40 kernel: [    0.247945] acpiphp: ACPI Hot Plug PCI Controller Driver version: 0.5
Oct 30 16:34:04 proveloz-z40 kernel: [    0.247945] PCI: MMCONFIG for domain 0000 [bus 00-ff] at [mem 0xe0000000-0xefffffff] (base 0xe0000000)
Oct 30 16:34:04 proveloz-z40 kernel: [    0.247945] PCI: MMCONFIG at [mem 0xe0000000-0xefffffff] reserved in E820
Oct 30 16:34:04 proveloz-z40 kernel: [    0.247945] PCI: Using configuration type 1 for base access
Oct 30 16:34:04 proveloz-z40 kernel: [    0.247945] core: PMU erratum BJ122, BV98, HSD29 worked around, HT is on
Oct 30 16:34:04 proveloz-z40 kernel: [    0.251384] HugeTLB registered 1.00 GiB page size, pre-allocated 0 pages
Oct 30 16:34:04 proveloz-z40 kernel: [    0.251384] HugeTLB registered 2.00 MiB page size, pre-allocated 0 pages
Oct 30 16:34:04 proveloz-z40 kernel: [    0.251384] ACPI: Added _OSI(Module Device)
Oct 30 16:34:04 proveloz-z40 kernel: [    0.251384] ACPI: Added _OSI(Processor Device)
Oct 30 16:34:04 proveloz-z40 kernel: [    0.251384] ACPI: Added _OSI(3.0 _SCP Extensions)
Oct 30 16:34:04 proveloz-z40 kernel: [    0.251384] ACPI: Added _OSI(Processor Aggregator Device)
Oct 30 16:34:04 proveloz-z40 kernel: [    0.251384] ACPI: Added _OSI(Linux-Dell-Video)
Oct 30 16:34:04 proveloz-z40 kernel: [    0.251384] ACPI: Added _OSI(Linux-Lenovo-NV-HDMI-Audio)
Oct 30 16:34:04 proveloz-z40 kernel: [    0.251384] ACPI: Added _OSI(Linux-HPI-Hybrid-Graphics)
Oct 30 16:34:04 proveloz-z40 kernel: [    0.277766] ACPI: 6 ACPI AML tables successfully acquired and loaded
Oct 30 16:34:04 proveloz-z40 kernel: [    0.281795] ACPI: [Firmware Bug]: BIOS _OSI(Linux) query ignored
Oct 30 16:34:04 proveloz-z40 kernel: [    0.284648] ACPI: Dynamic OEM Table Load:
Oct 30 16:34:04 proveloz-z40 kernel: [    0.284658] ACPI: SSDT 0xFFFF981040D47800 0003D3 (v01 PmRef  Cpu0Cst  00003001 INTL 20121220)
Oct 30 16:34:04 proveloz-z40 kernel: [    0.285660] ACPI: Dynamic OEM Table Load:
Oct 30 16:34:04 proveloz-z40 kernel: [    0.285670] ACPI: SSDT 0xFFFF981040CEC800 0005AA (v01 PmRef  ApIst    00003000 INTL 20121220)
Oct 30 16:34:04 proveloz-z40 kernel: [    0.286745] ACPI: Dynamic OEM Table Load:
Oct 30 16:34:04 proveloz-z40 kernel: [    0.286753] ACPI: SSDT 0xFFFF981040EF5800 000119 (v01 PmRef  ApCst    00003000 INTL 20121220)
Oct 30 16:34:04 proveloz-z40 kernel: [    0.288890] ACPI: EC: EC started
Oct 30 16:34:04 proveloz-z40 kernel: [    0.288891] ACPI: EC: interrupt blocked
Oct 30 16:34:04 proveloz-z40 kernel: [    0.290019] ACPI: \_SB_.PCI0.LPCB.EC0_: Used as first EC
Oct 30 16:34:04 proveloz-z40 kernel: [    0.290022] ACPI: \_SB_.PCI0.LPCB.EC0_: GPE=0x7, EC_CMD/EC_SC=0x66, EC_DATA=0x62
Oct 30 16:34:04 proveloz-z40 kernel: [    0.290024] ACPI: \_SB_.PCI0.LPCB.EC0_: Used as boot DSDT EC to handle transactions
Oct 30 16:34:04 proveloz-z40 kernel: [    0.290024] ACPI: Interpreter enabled
Oct 30 16:34:04 proveloz-z40 kernel: [    0.290076] ACPI: (supports S0 S3 S4 S5)
Oct 30 16:34:04 proveloz-z40 kernel: [    0.290077] ACPI: Using IOAPIC for interrupt routing
Oct 30 16:34:04 proveloz-z40 kernel: [    0.290122] PCI: Using host bridge windows from ACPI; if necessary, use "pci=nocrs" and report a bug
Oct 30 16:34:04 proveloz-z40 kernel: [    0.290946] ACPI: watchdog: Skipping WDAT on this system because it uses RTC SRAM
Oct 30 16:34:04 proveloz-z40 kernel: [    0.290963] ACPI: Enabled 8 GPEs in block 00 to 7F
Oct 30 16:34:04 proveloz-z40 kernel: [    0.373226] ACPI: Power Resource [NVP3] (on)
Oct 30 16:34:04 proveloz-z40 kernel: [    0.373267] ACPI: Power Resource [NVP2] (on)
Oct 30 16:34:04 proveloz-z40 kernel: [    0.392991] ACPI: PCI Root Bridge [PCI0] (domain 0000 [bus 00-fe])
Oct 30 16:34:04 proveloz-z40 kernel: [    0.392998] acpi PNP0A08:00: _OSC: OS supports [ExtendedConfig ASPM ClockPM Segments MSI]
Oct 30 16:34:04 proveloz-z40 kernel: [    0.393815] acpi PNP0A08:00: _OSC: OS now controls [PCIeHotplug SHPCHotplug PME AER PCIeCapability LTR]
Oct 30 16:34:04 proveloz-z40 kernel: [    0.393817] acpi PNP0A08:00: FADT indicates ASPM is unsupported, using BIOS configuration
Oct 30 16:34:04 proveloz-z40 kernel: [    0.395037] PCI host bridge to bus 0000:00
Oct 30 16:34:04 proveloz-z40 kernel: [    0.395040] pci_bus 0000:00: root bus resource [io  0x0000-0x0cf7 window]
Oct 30 16:34:04 proveloz-z40 kernel: [    0.395042] pci_bus 0000:00: root bus resource [io  0x0d00-0xffff window]
Oct 30 16:34:04 proveloz-z40 kernel: [    0.395044] pci_bus 0000:00: root bus resource [mem 0x000a0000-0x000bffff window]
Oct 30 16:34:04 proveloz-z40 kernel: [    0.395045] pci_bus 0000:00: root bus resource [mem 0xafa00000-0xfeafffff window]
Oct 30 16:34:04 proveloz-z40 kernel: [    0.395047] pci_bus 0000:00: root bus resource [bus 00-fe]
Oct 30 16:34:04 proveloz-z40 kernel: [    0.395057] pci 0000:00:00.0: [8086:0a04] type 00 class 0x060000
Oct 30 16:34:04 proveloz-z40 kernel: [    0.395365] pci 0000:00:02.0: [8086:0a16] type 00 class 0x030000
Oct 30 16:34:04 proveloz-z40 kernel: [    0.395381] pci 0000:00:02.0: reg 0x10: [mem 0xc3000000-0xc33fffff 64bit]
Oct 30 16:34:04 proveloz-z40 kernel: [    0.395389] pci 0000:00:02.0: reg 0x18: [mem 0xd0000000-0xdfffffff 64bit pref]
Oct 30 16:34:04 proveloz-z40 kernel: [    0.395395] pci 0000:00:02.0: reg 0x20: [io  0x5000-0x503f]
Oct 30 16:34:04 proveloz-z40 kernel: [    0.395412] pci 0000:00:02.0: BAR 2: assigned to efifb
Oct 30 16:34:04 proveloz-z40 kernel: [    0.395729] pci 0000:00:03.0: [8086:0a0c] type 00 class 0x040300
Oct 30 16:34:04 proveloz-z40 kernel: [    0.395742] pci 0000:00:03.0: reg 0x10: [mem 0xc3610000-0xc3613fff 64bit]
Oct 30 16:34:04 proveloz-z40 kernel: [    0.396066] pci 0000:00:14.0: [8086:9c31] type 00 class 0x0c0330
Oct 30 16:34:04 proveloz-z40 kernel: [    0.396088] pci 0000:00:14.0: reg 0x10: [mem 0xc3600000-0xc360ffff 64bit]
Oct 30 16:34:04 proveloz-z40 kernel: [    0.396154] pci 0000:00:14.0: PME# supported from D3hot D3cold
Oct 30 16:34:04 proveloz-z40 kernel: [    0.396425] pci 0000:00:16.0: [8086:9c3a] type 00 class 0x078000
Oct 30 16:34:04 proveloz-z40 kernel: [    0.396448] pci 0000:00:16.0: reg 0x10: [mem 0xc3618000-0xc361801f 64bit]
Oct 30 16:34:04 proveloz-z40 kernel: [    0.396516] pci 0000:00:16.0: PME# supported from D0 D3hot D3cold
Oct 30 16:34:04 proveloz-z40 kernel: [    0.396791] pci 0000:00:1b.0: [8086:9c20] type 00 class 0x040300
Oct 30 16:34:04 proveloz-z40 kernel: [    0.396812] pci 0000:00:1b.0: reg 0x10: [mem 0xc3614000-0xc3617fff 64bit]
Oct 30 16:34:04 proveloz-z40 kernel: [    0.396888] pci 0000:00:1b.0: PME# supported from D0 D3hot D3cold
Oct 30 16:34:04 proveloz-z40 kernel: [    0.397161] pci 0000:00:1c.0: [8086:9c14] type 01 class 0x060400
Oct 30 16:34:04 proveloz-z40 kernel: [    0.397245] pci 0000:00:1c.0: PME# supported from D0 D3hot D3cold
Oct 30 16:34:04 proveloz-z40 kernel: [    0.397609] pci 0000:00:1c.3: [8086:9c16] type 01 class 0x060400
Oct 30 16:34:04 proveloz-z40 kernel: [    0.397692] pci 0000:00:1c.3: PME# supported from D0 D3hot D3cold
Oct 30 16:34:04 proveloz-z40 kernel: [    0.398051] pci 0000:00:1c.4: [8086:9c18] type 01 class 0x060400
Oct 30 16:34:04 proveloz-z40 kernel: [    0.398134] pci 0000:00:1c.4: PME# supported from D0 D3hot D3cold
Oct 30 16:34:04 proveloz-z40 kernel: [    0.398422] pci 0000:00:1d.0: [8086:9c26] type 00 class 0x0c0320
Oct 30 16:34:04 proveloz-z40 kernel: [    0.398446] pci 0000:00:1d.0: reg 0x10: [mem 0xc361c000-0xc361c3ff]
Oct 30 16:34:04 proveloz-z40 kernel: [    0.398539] pci 0000:00:1d.0: PME# supported from D0 D3hot D3cold
Oct 30 16:34:04 proveloz-z40 kernel: [    0.398827] pci 0000:00:1f.0: [8086:9c45] type 00 class 0x060100
Oct 30 16:34:04 proveloz-z40 kernel: [    0.399215] pci 0000:00:1f.2: [8086:9c03] type 00 class 0x010601
Oct 30 16:34:04 proveloz-z40 kernel: [    0.399232] pci 0000:00:1f.2: reg 0x10: [io  0x5088-0x508f]
Oct 30 16:34:04 proveloz-z40 kernel: [    0.399240] pci 0000:00:1f.2: reg 0x14: [io  0x5094-0x5097]
Oct 30 16:34:04 proveloz-z40 kernel: [    0.399247] pci 0000:00:1f.2: reg 0x18: [io  0x5080-0x5087]
Oct 30 16:34:04 proveloz-z40 kernel: [    0.399255] pci 0000:00:1f.2: reg 0x1c: [io  0x5090-0x5093]
Oct 30 16:34:04 proveloz-z40 kernel: [    0.399262] pci 0000:00:1f.2: reg 0x20: [io  0x5060-0x507f]
Oct 30 16:34:04 proveloz-z40 kernel: [    0.399270] pci 0000:00:1f.2: reg 0x24: [mem 0xc361b000-0xc361b7ff]
Oct 30 16:34:04 proveloz-z40 kernel: [    0.399309] pci 0000:00:1f.2: PME# supported from D3hot
Oct 30 16:34:04 proveloz-z40 kernel: [    0.399574] pci 0000:00:1f.3: [8086:9c22] type 00 class 0x0c0500
Oct 30 16:34:04 proveloz-z40 kernel: [    0.399593] pci 0000:00:1f.3: reg 0x10: [mem 0xc3619000-0xc36190ff 64bit]
Oct 30 16:34:04 proveloz-z40 kernel: [    0.399614] pci 0000:00:1f.3: reg 0x20: [io  0x5040-0x505f]
Oct 30 16:34:04 proveloz-z40 kernel: [    0.399965] pci 0000:01:00.0: [10ec:8168] type 00 class 0x020000
Oct 30 16:34:04 proveloz-z40 kernel: [    0.399998] pci 0000:01:00.0: reg 0x10: [io  0x4000-0x40ff]
Oct 30 16:34:04 proveloz-z40 kernel: [    0.400028] pci 0000:01:00.0: reg 0x18: [mem 0xc3504000-0xc3504fff 64bit]
Oct 30 16:34:04 proveloz-z40 kernel: [    0.400047] pci 0000:01:00.0: reg 0x20: [mem 0xc3500000-0xc3503fff 64bit]
Oct 30 16:34:04 proveloz-z40 kernel: [    0.400160] pci 0000:01:00.0: supports D1 D2
Oct 30 16:34:04 proveloz-z40 kernel: [    0.400162] pci 0000:01:00.0: PME# supported from D0 D1 D2 D3hot D3cold
Oct 30 16:34:04 proveloz-z40 kernel: [    0.400309] pci 0000:00:1c.0: PCI bridge to [bus 01]
Oct 30 16:34:04 proveloz-z40 kernel: [    0.400313] pci 0000:00:1c.0:   bridge window [io  0x4000-0x4fff]
Oct 30 16:34:04 proveloz-z40 kernel: [    0.400316] pci 0000:00:1c.0:   bridge window [mem 0xc3500000-0xc35fffff]
Oct 30 16:34:04 proveloz-z40 kernel: [    0.400400] pci 0000:02:00.0: [168c:0036] type 00 class 0x028000
Oct 30 16:34:04 proveloz-z40 kernel: [    0.400452] pci 0000:02:00.0: reg 0x10: [mem 0xc3400000-0xc347ffff 64bit]
Oct 30 16:34:04 proveloz-z40 kernel: [    0.400531] pci 0000:02:00.0: reg 0x30: [mem 0xffff0000-0xffffffff pref]
Oct 30 16:34:04 proveloz-z40 kernel: [    0.400656] pci 0000:02:00.0: supports D1 D2
Oct 30 16:34:04 proveloz-z40 kernel: [    0.400658] pci 0000:02:00.0: PME# supported from D0 D1 D2 D3hot D3cold
Oct 30 16:34:04 proveloz-z40 kernel: [    0.400818] pci 0000:00:1c.3: PCI bridge to [bus 02]
Oct 30 16:34:04 proveloz-z40 kernel: [    0.400823] pci 0000:00:1c.3:   bridge window [mem 0xc3400000-0xc34fffff]
Oct 30 16:34:04 proveloz-z40 kernel: [    0.400896] pci 0000:03:00.0: [10de:1140] type 00 class 0x030200
Oct 30 16:34:04 proveloz-z40 kernel: [    0.400925] pci 0000:03:00.0: reg 0x10: [mem 0xc2000000-0xc2ffffff]
Oct 30 16:34:04 proveloz-z40 kernel: [    0.400942] pci 0000:03:00.0: reg 0x14: [mem 0xb0000000-0xbfffffff 64bit pref]
Oct 30 16:34:04 proveloz-z40 kernel: [    0.400958] pci 0000:03:00.0: reg 0x1c: [mem 0xc0000000-0xc1ffffff 64bit pref]
Oct 30 16:34:04 proveloz-z40 kernel: [    0.400970] pci 0000:03:00.0: reg 0x24: [io  0x3000-0x307f]
Oct 30 16:34:04 proveloz-z40 kernel: [    0.400981] pci 0000:03:00.0: reg 0x30: [mem 0xfff80000-0xffffffff pref]
Oct 30 16:34:04 proveloz-z40 kernel: [    0.401002] pci 0000:03:00.0: Enabling HDA controller
Oct 30 16:34:04 proveloz-z40 kernel: [    0.401093] pci 0000:03:00.0: 8.000 Gb/s available PCIe bandwidth, limited by 2.5 GT/s x4 link at 0000:00:1c.4 (capable of 32.000 Gb/s with 2.5 GT/s x16 link)
Oct 30 16:34:04 proveloz-z40 kernel: [    0.401230] pci 0000:00:1c.4: PCI bridge to [bus 03]
Oct 30 16:34:04 proveloz-z40 kernel: [    0.401234] pci 0000:00:1c.4:   bridge window [io  0x3000-0x3fff]
Oct 30 16:34:04 proveloz-z40 kernel: [    0.401237] pci 0000:00:1c.4:   bridge window [mem 0xc2000000-0xc2ffffff]
Oct 30 16:34:04 proveloz-z40 kernel: [    0.401242] pci 0000:00:1c.4:   bridge window [mem 0xb0000000-0xc1ffffff 64bit pref]
Oct 30 16:34:04 proveloz-z40 kernel: [    0.403938] ACPI: PCI Interrupt Link [LNKA] (IRQs 3 4 5 6 10 11 12 14 15) *7
Oct 30 16:34:04 proveloz-z40 kernel: [    0.404031] ACPI: PCI Interrupt Link [LNKB] (IRQs 3 4 5 6 10 11 12 14 15) *0, disabled.
Oct 30 16:34:04 proveloz-z40 kernel: [    0.404124] ACPI: PCI Interrupt Link [LNKC] (IRQs 3 4 5 6 10 *11 12 14 15)
Oct 30 16:34:04 proveloz-z40 kernel: [    0.404214] ACPI: PCI Interrupt Link [LNKD] (IRQs 3 4 5 6 *10 11 12 14 15)
Oct 30 16:34:04 proveloz-z40 kernel: [    0.404303] ACPI: PCI Interrupt Link [LNKE] (IRQs 3 4 5 6 10 11 12 14 15) *0, disabled.
Oct 30 16:34:04 proveloz-z40 kernel: [    0.404392] ACPI: PCI Interrupt Link [LNKF] (IRQs 3 4 5 6 10 11 12 14 15) *0, disabled.
Oct 30 16:34:04 proveloz-z40 kernel: [    0.404482] ACPI: PCI Interrupt Link [LNKG] (IRQs 3 4 5 6 *10 11 12 14 15)
Oct 30 16:34:04 proveloz-z40 kernel: [    0.404571] ACPI: PCI Interrupt Link [LNKH] (IRQs 3 4 5 6 10 *11 12 14 15)
Oct 30 16:34:04 proveloz-z40 kernel: [    0.405189] ACPI: EC: interrupt unblocked
Oct 30 16:34:04 proveloz-z40 kernel: [    0.405201] ACPI: EC: event unblocked
Oct 30 16:34:04 proveloz-z40 kernel: [    0.405209] ACPI: \_SB_.PCI0.LPCB.EC0_: GPE=0x7, EC_CMD/EC_SC=0x66, EC_DATA=0x62
Oct 30 16:34:04 proveloz-z40 kernel: [    0.405211] ACPI: \_SB_.PCI0.LPCB.EC0_: Used as boot DSDT EC to handle transactions and events
Oct 30 16:34:04 proveloz-z40 kernel: [    0.405324] SCSI subsystem initialized
Oct 30 16:34:04 proveloz-z40 kernel: [    0.405324] libata version 3.00 loaded.
Oct 30 16:34:04 proveloz-z40 kernel: [    0.405324] pci 0000:00:02.0: vgaarb: setting as boot VGA device
Oct 30 16:34:04 proveloz-z40 kernel: [    0.405324] pci 0000:00:02.0: vgaarb: VGA device added: decodes=io+mem,owns=io+mem,locks=none
Oct 30 16:34:04 proveloz-z40 kernel: [    0.405324] pci 0000:00:02.0: vgaarb: bridge control possible
Oct 30 16:34:04 proveloz-z40 kernel: [    0.405324] vgaarb: loaded
Oct 30 16:34:04 proveloz-z40 kernel: [    0.405324] ACPI: bus type USB registered
Oct 30 16:34:04 proveloz-z40 kernel: [    0.405324] usbcore: registered new interface driver usbfs
Oct 30 16:34:04 proveloz-z40 kernel: [    0.405324] usbcore: registered new interface driver hub
Oct 30 16:34:04 proveloz-z40 kernel: [    0.405324] usbcore: registered new device driver usb
Oct 30 16:34:04 proveloz-z40 kernel: [    0.405324] pps_core: LinuxPPS API ver. 1 registered
Oct 30 16:34:04 proveloz-z40 kernel: [    0.405324] pps_core: Software ver. 5.3.6 - Copyright 2005-2007 Rodolfo Giometti <giometti@linux.it>
Oct 30 16:34:04 proveloz-z40 kernel: [    0.405324] PTP clock support registered
Oct 30 16:34:04 proveloz-z40 kernel: [    0.405324] EDAC MC: Ver: 3.0.0
Oct 30 16:34:04 proveloz-z40 kernel: [    0.405324] Registered efivars operations
Oct 30 16:34:04 proveloz-z40 kernel: [    0.443144] PCI: Using ACPI for IRQ routing
Oct 30 16:34:04 proveloz-z40 kernel: [    0.449073] PCI: pci_cache_line_size set to 64 bytes
Oct 30 16:34:04 proveloz-z40 kernel: [    0.449125] e820: reserve RAM buffer [mem 0x0006f000-0x0006ffff]
Oct 30 16:34:04 proveloz-z40 kernel: [    0.449126] e820: reserve RAM buffer [mem 0x00088000-0x0008ffff]
Oct 30 16:34:04 proveloz-z40 kernel: [    0.449128] e820: reserve RAM buffer [mem 0xa56b0000-0xa7ffffff]
Oct 30 16:34:04 proveloz-z40 kernel: [    0.449129] e820: reserve RAM buffer [mem 0xaa6bf000-0xabffffff]
Oct 30 16:34:04 proveloz-z40 kernel: [    0.449130] e820: reserve RAM buffer [mem 0xab000000-0xabffffff]
Oct 30 16:34:04 proveloz-z40 kernel: [    0.449132] e820: reserve RAM buffer [mem 0x34f600000-0x34fffffff]
Oct 30 16:34:04 proveloz-z40 kernel: [    0.450635] NetLabel: Initializing
Oct 30 16:34:04 proveloz-z40 kernel: [    0.450635] NetLabel:  domain hash size = 128
Oct 30 16:34:04 proveloz-z40 kernel: [    0.450635] NetLabel:  protocols = UNLABELED CIPSOv4 CALIPSO
Oct 30 16:34:04 proveloz-z40 kernel: [    0.450635] NetLabel:  unlabeled traffic allowed by default
Oct 30 16:34:04 proveloz-z40 kernel: [    0.451350] hpet0: at MMIO 0xfed00000, IRQs 2, 8, 0, 0, 0, 0, 0, 0
Oct 30 16:34:04 proveloz-z40 kernel: [    0.451355] hpet0: 8 comparators, 64-bit 14.318180 MHz counter
Oct 30 16:34:04 proveloz-z40 kernel: [    0.454659] clocksource: Switched to clocksource tsc-early
Oct 30 16:34:04 proveloz-z40 kernel: [    0.470209] VFS: Disk quotas dquot_6.6.0
Oct 30 16:34:04 proveloz-z40 kernel: [    0.470230] VFS: Dquot-cache hash table entries: 512 (order 0, 4096 bytes)
Oct 30 16:34:04 proveloz-z40 kernel: [    0.470378] AppArmor: AppArmor Filesystem Enabled
Oct 30 16:34:04 proveloz-z40 kernel: [    0.470415] pnp: PnP ACPI init
Oct 30 16:34:04 proveloz-z40 kernel: [    0.471184] system 00:00: [io  0x0680-0x069f] has been reserved
Oct 30 16:34:04 proveloz-z40 kernel: [    0.471187] system 00:00: [io  0xffff] has been reserved
Oct 30 16:34:04 proveloz-z40 kernel: [    0.471189] system 00:00: [io  0xffff] has been reserved
Oct 30 16:34:04 proveloz-z40 kernel: [    0.471190] system 00:00: [io  0xffff] has been reserved
Oct 30 16:34:04 proveloz-z40 kernel: [    0.471192] system 00:00: [io  0x1800-0x18fe] has been reserved
Oct 30 16:34:04 proveloz-z40 kernel: [    0.471194] system 00:00: [io  0x164e-0x164f] has been reserved
Oct 30 16:34:04 proveloz-z40 kernel: [    0.471200] system 00:00: Plug and Play ACPI device, IDs PNP0c02 (active)
Oct 30 16:34:04 proveloz-z40 kernel: [    0.471268] pnp 00:01: Plug and Play ACPI device, IDs PNP0b00 (active)
Oct 30 16:34:04 proveloz-z40 kernel: [    0.471345] system 00:02: [io  0x1854-0x1857] has been reserved
Oct 30 16:34:04 proveloz-z40 kernel: [    0.471350] system 00:02: Plug and Play ACPI device, IDs INT3f0d PNP0c02 (active)
Oct 30 16:34:04 proveloz-z40 kernel: [    0.471430] pnp 00:03: Plug and Play ACPI device, IDs PNP0303 (active)
Oct 30 16:34:04 proveloz-z40 kernel: [    0.471463] pnp 00:04: Plug and Play ACPI device, IDs ETD0623 ETD0000 PNP0f13 (active)
Oct 30 16:34:04 proveloz-z40 kernel: [    0.471694] system 00:05: [mem 0xfed1c000-0xfed1ffff] has been reserved
Oct 30 16:34:04 proveloz-z40 kernel: [    0.471695] system 00:05: [mem 0xfed10000-0xfed17fff] has been reserved
Oct 30 16:34:04 proveloz-z40 kernel: [    0.471697] system 00:05: [mem 0xfed18000-0xfed18fff] has been reserved
Oct 30 16:34:04 proveloz-z40 kernel: [    0.471699] system 00:05: [mem 0xfed19000-0xfed19fff] has been reserved
Oct 30 16:34:04 proveloz-z40 kernel: [    0.471701] system 00:05: [mem 0xe0000000-0xefffffff] has been reserved
Oct 30 16:34:04 proveloz-z40 kernel: [    0.471702] system 00:05: [mem 0xfed20000-0xfed3ffff] has been reserved
Oct 30 16:34:04 proveloz-z40 kernel: [    0.471704] system 00:05: [mem 0xfed90000-0xfed93fff] has been reserved
Oct 30 16:34:04 proveloz-z40 kernel: [    0.471706] system 00:05: [mem 0xff000000-0xffffffff] could not be reserved
Oct 30 16:34:04 proveloz-z40 kernel: [    0.471708] system 00:05: [mem 0xfee00000-0xfeefffff] could not be reserved
Oct 30 16:34:04 proveloz-z40 kernel: [    0.471709] system 00:05: [mem 0xafa20000-0xafa20fff] has been reserved
Oct 30 16:34:04 proveloz-z40 kernel: [    0.471711] system 00:05: [mem 0xafa10000-0xafa1ffff] has been reserved
Oct 30 16:34:04 proveloz-z40 kernel: [    0.471716] system 00:05: Plug and Play ACPI device, IDs PNP0c02 (active)
Oct 30 16:34:04 proveloz-z40 kernel: [    0.472224] system 00:06: Plug and Play ACPI device, IDs PNP0c02 (active)
Oct 30 16:34:04 proveloz-z40 kernel: [    0.473177] pnp: PnP ACPI: found 7 devices
Oct 30 16:34:04 proveloz-z40 kernel: [    0.479318] clocksource: acpi_pm: mask: 0xffffff max_cycles: 0xffffff, max_idle_ns: 2085701024 ns
Oct 30 16:34:04 proveloz-z40 kernel: [    0.479323] pci 0000:02:00.0: can't claim BAR 6 [mem 0xffff0000-0xffffffff pref]: no compatible bridge window
Oct 30 16:34:04 proveloz-z40 kernel: [    0.479326] pci 0000:03:00.0: can't claim BAR 6 [mem 0xfff80000-0xffffffff pref]: no compatible bridge window
Oct 30 16:34:04 proveloz-z40 kernel: [    0.479353] pci 0000:00:1c.0: PCI bridge to [bus 01]
Oct 30 16:34:04 proveloz-z40 kernel: [    0.479355] pci 0000:00:1c.0:   bridge window [io  0x4000-0x4fff]
Oct 30 16:34:04 proveloz-z40 kernel: [    0.479360] pci 0000:00:1c.0:   bridge window [mem 0xc3500000-0xc35fffff]
Oct 30 16:34:04 proveloz-z40 kernel: [    0.479370] pci 0000:02:00.0: BAR 6: assigned [mem 0xc3480000-0xc348ffff pref]
Oct 30 16:34:04 proveloz-z40 kernel: [    0.479372] pci 0000:00:1c.3: PCI bridge to [bus 02]
Oct 30 16:34:04 proveloz-z40 kernel: [    0.479376] pci 0000:00:1c.3:   bridge window [mem 0xc3400000-0xc34fffff]
Oct 30 16:34:04 proveloz-z40 kernel: [    0.479385] pci 0000:03:00.0: BAR 6: no space for [mem size 0x00080000 pref]
Oct 30 16:34:04 proveloz-z40 kernel: [    0.479386] pci 0000:03:00.0: BAR 6: failed to assign [mem size 0x00080000 pref]
Oct 30 16:34:04 proveloz-z40 kernel: [    0.479388] pci 0000:00:1c.4: PCI bridge to [bus 03]
Oct 30 16:34:04 proveloz-z40 kernel: [    0.479390] pci 0000:00:1c.4:   bridge window [io  0x3000-0x3fff]
Oct 30 16:34:04 proveloz-z40 kernel: [    0.479395] pci 0000:00:1c.4:   bridge window [mem 0xc2000000-0xc2ffffff]
Oct 30 16:34:04 proveloz-z40 kernel: [    0.479398] pci 0000:00:1c.4:   bridge window [mem 0xb0000000-0xc1ffffff 64bit pref]
Oct 30 16:34:04 proveloz-z40 kernel: [    0.479405] pci_bus 0000:00: resource 4 [io  0x0000-0x0cf7 window]
Oct 30 16:34:04 proveloz-z40 kernel: [    0.479407] pci_bus 0000:00: resource 5 [io  0x0d00-0xffff window]
Oct 30 16:34:04 proveloz-z40 kernel: [    0.479408] pci_bus 0000:00: resource 6 [mem 0x000a0000-0x000bffff window]
Oct 30 16:34:04 proveloz-z40 kernel: [    0.479410] pci_bus 0000:00: resource 7 [mem 0xafa00000-0xfeafffff window]
Oct 30 16:34:04 proveloz-z40 kernel: [    0.479411] pci_bus 0000:01: resource 0 [io  0x4000-0x4fff]
Oct 30 16:34:04 proveloz-z40 kernel: [    0.479413] pci_bus 0000:01: resource 1 [mem 0xc3500000-0xc35fffff]
Oct 30 16:34:04 proveloz-z40 kernel: [    0.479414] pci_bus 0000:02: resource 1 [mem 0xc3400000-0xc34fffff]
Oct 30 16:34:04 proveloz-z40 kernel: [    0.479416] pci_bus 0000:03: resource 0 [io  0x3000-0x3fff]
Oct 30 16:34:04 proveloz-z40 kernel: [    0.479417] pci_bus 0000:03: resource 1 [mem 0xc2000000-0xc2ffffff]
Oct 30 16:34:04 proveloz-z40 kernel: [    0.479419] pci_bus 0000:03: resource 2 [mem 0xb0000000-0xc1ffffff 64bit pref]
Oct 30 16:34:04 proveloz-z40 kernel: [    0.479655] NET: Registered protocol family 2
Oct 30 16:34:04 proveloz-z40 kernel: [    0.479850] tcp_listen_portaddr_hash hash table entries: 8192 (order: 5, 131072 bytes)
